[server] en ecoute sur 127.0.0.1:8765 (TLS), attente de 5 clients...
[server] client 1 connecte (n_k=1589 exemples locaux).
[server] client 2 connecte (n_k=1255 exemples locaux).
[server] client 3 connecte (n_k=58 exemples locaux).
[server] client 4 connecte (n_k=265 exemples locaux).
[server] client 5 connecte (n_k=33 exemples locaux).
[server] phase de configuration terminee. n_total=3200, poids={'1': 0.4965625, '2': 0.3921875, '3': 0.018125, '4': 0.0828125, '5': 0.0103125}
[server] round   1/230 | actifs= 5 | acc=0.812 prec=0.326 recall=0.427 F1=0.370 loss=0.6551 | eps=7.998 | duree=0.099s
[server] round   2/230 | actifs= 5 | acc=0.870 prec=0.493 recall=0.320 F1=0.388 loss=0.6212 | eps=11.310 | duree=0.081s
[server] round   3/230 | actifs= 5 | acc=0.880 prec=0.585 recall=0.233 F1=0.333 loss=0.5898 | eps=13.852 | duree=0.04s
[server] round   4/230 | actifs= 5 | acc=0.886 prec=0.700 recall=0.204 F1=0.316 loss=0.5607 | eps=15.995 | duree=0.061s
[server] round   5/230 | actifs= 5 | acc=0.884 prec=0.778 recall=0.136 F1=0.231 loss=0.5341 | eps=17.883 | duree=0.062s
[server] round   6/230 | actifs= 5 | acc=0.882 prec=0.765 recall=0.126 F1=0.217 loss=0.5103 | eps=19.590 | duree=0.075s
[server] round   7/230 | actifs= 5 | acc=0.885 prec=0.824 recall=0.136 F1=0.233 loss=0.4880 | eps=21.160 | duree=0.07s
[server] round   8/230 | actifs= 5 | acc=0.884 prec=0.857 recall=0.117 F1=0.205 loss=0.4685 | eps=22.620 | duree=0.075s
[server] round   9/230 | actifs= 5 | acc=0.880 prec=0.818 recall=0.087 F1=0.158 loss=0.4497 | eps=23.993 | duree=0.05s
[server] round  10/230 | actifs= 5 | acc=0.880 prec=0.889 recall=0.078 F1=0.143 loss=0.4337 | eps=25.290 | duree=0.077s
[server] round  11/230 | actifs= 5 | acc=0.879 prec=0.875 recall=0.068 F1=0.126 loss=0.4186 | eps=26.525 | duree=0.083s
[server] round  12/230 | actifs= 5 | acc=0.875 prec=0.800 recall=0.039 F1=0.074 loss=0.4061 | eps=27.704 | duree=0.087s
[server] round  13/230 | actifs= 5 | acc=0.875 prec=0.800 recall=0.039 F1=0.074 loss=0.3947 | eps=28.836 | duree=0.073s
[server] round  14/230 | actifs= 5 | acc=0.875 prec=0.800 recall=0.039 F1=0.074 loss=0.3846 | eps=29.924 | duree=0.104s
[server] round  15/230 | actifs= 5 | acc=0.876 prec=1.000 recall=0.039 F1=0.075 loss=0.3751 | eps=30.974 | duree=0.076s
[server] round  16/230 | actifs= 5 | acc=0.876 prec=1.000 recall=0.039 F1=0.075 loss=0.3674 | eps=31.990 | duree=0.036s
[server] round  17/230 | actifs= 5 | acc=0.876 prec=1.000 recall=0.039 F1=0.075 loss=0.3603 | eps=32.975 | duree=0.069s
[server] round  18/230 | actifs= 5 | acc=0.874 prec=1.000 recall=0.019 F1=0.038 loss=0.3539 | eps=33.931 | duree=0.068s
[server] round  19/230 | actifs= 5 | acc=0.874 prec=1.000 recall=0.019 F1=0.038 loss=0.3486 | eps=34.860 | duree=0.034s
[server] round  20/230 | actifs= 5 | acc=0.874 prec=1.000 recall=0.019 F1=0.038 loss=0.3436 | eps=35.766 | duree=0.069s
[server] round  21/230 | actifs= 5 | acc=0.874 prec=1.000 recall=0.019 F1=0.038 loss=0.3387 | eps=36.649 | duree=0.07s
[server] round  22/230 | actifs= 5 | acc=0.874 prec=1.000 recall=0.019 F1=0.038 loss=0.3349 | eps=37.512 | duree=0.043s
[server] round  23/230 | actifs= 5 | acc=0.874 prec=1.000 recall=0.019 F1=0.038 loss=0.3318 | eps=38.355 | duree=0.057s
[server] round  24/230 | actifs= 5 | acc=0.873 prec=1.000 recall=0.010 F1=0.019 loss=0.3292 | eps=39.180 | duree=0.079s
[server] round  25/230 | actifs= 5 | acc=0.871 prec=0.000 recall=0.000 F1=0.000 loss=0.3263 | eps=39.988 | duree=0.055s
[server] round  26/230 | actifs= 5 | acc=0.871 prec=0.000 recall=0.000 F1=0.000 loss=0.3240 | eps=40.780 | duree=0.047s
[server] round  27/230 | actifs= 5 | acc=0.871 prec=0.000 recall=0.000 F1=0.000 loss=0.3223 | eps=41.556 | duree=0.038s
[server] round  28/230 | actifs= 5 | acc=0.871 prec=0.000 recall=0.000 F1=0.000 loss=0.3209 | eps=42.319 | duree=0.058s
[server] round  29/230 | actifs= 5 | acc=0.871 prec=0.000 recall=0.000 F1=0.000 loss=0.3197 | eps=43.068 | duree=0.072s
[server] round  30/230 | actifs= 5 | acc=0.871 prec=0.000 recall=0.000 F1=0.000 loss=0.3183 | eps=43.804 | duree=0.065s
[server] round  31/230 | actifs= 5 | acc=0.871 prec=0.000 recall=0.000 F1=0.000 loss=0.3172 | eps=44.528 | duree=0.04s
[server] round  32/230 | actifs= 5 | acc=0.871 prec=0.000 recall=0.000 F1=0.000 loss=0.3166 | eps=45.241 | duree=0.063s
[server] round  33/230 | actifs= 5 | acc=0.871 prec=0.000 recall=0.000 F1=0.000 loss=0.3164 | eps=45.942 | duree=0.07s
[server] round  34/230 | actifs= 5 | acc=0.871 prec=0.000 recall=0.000 F1=0.000 loss=0.3161 | eps=46.633 | duree=0.045s
[server] round  35/230 | actifs= 5 | acc=0.871 prec=0.000 recall=0.000 F1=0.000 loss=0.3160 | eps=47.314 | duree=0.069s
[server] round  36/230 | actifs= 5 | acc=0.871 prec=0.000 recall=0.000 F1=0.000 loss=0.3157 | eps=47.985 | duree=0.063s
[server] round  37/230 | actifs= 5 | acc=0.871 prec=0.000 recall=0.000 F1=0.000 loss=0.3155 | eps=48.647 | duree=0.056s
[server] round  38/230 | actifs= 5 | acc=0.871 prec=0.000 recall=0.000 F1=0.000 loss=0.3155 | eps=49.300 | duree=0.046s
[server] round  39/230 | actifs= 5 | acc=0.871 prec=0.000 recall=0.000 F1=0.000 loss=0.3153 | eps=49.945 | duree=0.067s
[server] round  40/230 | actifs= 5 | acc=0.871 prec=0.000 recall=0.000 F1=0.000 loss=0.3155 | eps=50.581 | duree=0.066s
[server] round  41/230 | actifs= 5 | acc=0.871 prec=0.000 recall=0.000 F1=0.000 loss=0.3153 | eps=51.209 | duree=0.065s
[server] round  42/230 | actifs= 5 | acc=0.871 prec=0.000 recall=0.000 F1=0.000 loss=0.3155 | eps=51.830 | duree=0.038s
[server] round  43/230 | actifs= 5 | acc=0.871 prec=0.000 recall=0.000 F1=0.000 loss=0.3158 | eps=52.443 | duree=0.054s
[server] round  44/230 | actifs= 5 | acc=0.871 prec=0.000 recall=0.000 F1=0.000 loss=0.3157 | eps=53.050 | duree=0.064s
[server] round  45/230 | actifs= 5 | acc=0.871 prec=0.000 recall=0.000 F1=0.000 loss=0.3166 | eps=53.649 | duree=0.043s
[server] round  46/230 | actifs= 5 | acc=0.871 prec=0.000 recall=0.000 F1=0.000 loss=0.3169 | eps=54.242 | duree=0.076s
[server] round  47/230 | actifs= 5 | acc=0.871 prec=0.000 recall=0.000 F1=0.000 loss=0.3170 | eps=54.828 | duree=0.049s
[server] round  48/230 | actifs= 5 | acc=0.871 prec=0.000 recall=0.000 F1=0.000 loss=0.3179 | eps=55.409 | duree=0.076s
[server] round  49/230 | actifs= 5 | acc=0.871 prec=0.000 recall=0.000 F1=0.000 loss=0.3189 | eps=55.983 | duree=0.044s
[server] round  50/230 | actifs= 5 | acc=0.871 prec=0.000 recall=0.000 F1=0.000 loss=0.3198 | eps=56.551 | duree=0.083s
[server] round  51/230 | actifs= 5 | acc=0.871 prec=0.000 recall=0.000 F1=0.000 loss=0.3206 | eps=57.114 | duree=0.066s
[server] round  52/230 | actifs= 5 | acc=0.871 prec=0.000 recall=0.000 F1=0.000 loss=0.3216 | eps=57.671 | duree=0.04s
[server] round  53/230 | actifs= 5 | acc=0.871 prec=0.000 recall=0.000 F1=0.000 loss=0.3226 | eps=58.223 | duree=0.064s
[server] round  54/230 | actifs= 5 | acc=0.871 prec=0.000 recall=0.000 F1=0.000 loss=0.3236 | eps=58.770 | duree=0.069s
[server] round  55/230 | actifs= 5 | acc=0.871 prec=0.000 recall=0.000 F1=0.000 loss=0.3243 | eps=59.311 | duree=0.037s
[server] round  56/230 | actifs= 5 | acc=0.871 prec=0.000 recall=0.000 F1=0.000 loss=0.3251 | eps=59.848 | duree=0.061s
[server] round  57/230 | actifs= 5 | acc=0.871 prec=0.000 recall=0.000 F1=0.000 loss=0.3257 | eps=60.380 | duree=0.064s
[server] round  58/230 | actifs= 5 | acc=0.871 prec=0.000 recall=0.000 F1=0.000 loss=0.3267 | eps=60.907 | duree=0.049s
[server] round  59/230 | actifs= 5 | acc=0.871 prec=0.000 recall=0.000 F1=0.000 loss=0.3274 | eps=61.430 | duree=0.053s
[server] round  60/230 | actifs= 5 | acc=0.871 prec=0.000 recall=0.000 F1=0.000 loss=0.3283 | eps=61.949 | duree=0.048s
[server] round  61/230 | actifs= 5 | acc=0.871 prec=0.000 recall=0.000 F1=0.000 loss=0.3293 | eps=62.463 | duree=0.05s
[server] round  62/230 | actifs= 5 | acc=0.871 prec=0.000 recall=0.000 F1=0.000 loss=0.3298 | eps=62.973 | duree=0.065s
[server] round  63/230 | actifs= 5 | acc=0.871 prec=0.000 recall=0.000 F1=0.000 loss=0.3301 | eps=63.479 | duree=0.059s
[server] round  64/230 | actifs= 5 | acc=0.871 prec=0.000 recall=0.000 F1=0.000 loss=0.3306 | eps=63.980 | duree=0.039s
[server] round  65/230 | actifs= 5 | acc=0.871 prec=0.000 recall=0.000 F1=0.000 loss=0.3309 | eps=64.478 | duree=0.061s
[server] round  66/230 | actifs= 5 | acc=0.871 prec=0.000 recall=0.000 F1=0.000 loss=0.3313 | eps=64.972 | duree=0.079s
[server] round  67/230 | actifs= 5 | acc=0.871 prec=0.000 recall=0.000 F1=0.000 loss=0.3325 | eps=65.463 | duree=0.048s
[server] round  68/230 | actifs= 5 | acc=0.871 prec=0.000 recall=0.000 F1=0.000 loss=0.3329 | eps=65.949 | duree=0.038s
[server] round  69/230 | actifs= 5 | acc=0.871 prec=0.000 recall=0.000 F1=0.000 loss=0.3333 | eps=66.433 | duree=0.056s
[server] round  70/230 | actifs= 5 | acc=0.871 prec=0.000 recall=0.000 F1=0.000 loss=0.3334 | eps=66.912 | duree=0.066s
[server] round  71/230 | actifs= 5 | acc=0.871 prec=0.000 recall=0.000 F1=0.000 loss=0.3347 | eps=67.388 | duree=0.044s
[server] round  72/230 | actifs= 5 | acc=0.871 prec=0.000 recall=0.000 F1=0.000 loss=0.3353 | eps=67.861 | duree=0.063s
[server] round  73/230 | actifs= 5 | acc=0.871 prec=0.000 recall=0.000 F1=0.000 loss=0.3357 | eps=68.331 | duree=0.066s
[server] round  74/230 | actifs= 5 | acc=0.871 prec=0.000 recall=0.000 F1=0.000 loss=0.3362 | eps=68.797 | duree=0.072s
[server] round  75/230 | actifs= 5 | acc=0.871 prec=0.000 recall=0.000 F1=0.000 loss=0.3369 | eps=69.261 | duree=0.038s
[server] round  76/230 | actifs= 5 | acc=0.871 prec=0.000 recall=0.000 F1=0.000 loss=0.3378 | eps=69.721 | duree=0.053s
[server] round  77/230 | actifs= 5 | acc=0.871 prec=0.000 recall=0.000 F1=0.000 loss=0.3385 | eps=70.178 | duree=0.065s
[server] round  78/230 | actifs= 5 | acc=0.871 prec=0.000 recall=0.000 F1=0.000 loss=0.3394 | eps=70.632 | duree=0.064s
[server] round  79/230 | actifs= 5 | acc=0.871 prec=0.000 recall=0.000 F1=0.000 loss=0.3398 | eps=71.084 | duree=0.037s
[server] round  80/230 | actifs= 5 | acc=0.871 prec=0.000 recall=0.000 F1=0.000 loss=0.3403 | eps=71.532 | duree=0.072s
[server] round  81/230 | actifs= 5 | acc=0.871 prec=0.000 recall=0.000 F1=0.000 loss=0.3408 | eps=71.978 | duree=0.066s
[server] round  82/230 | actifs= 5 | acc=0.871 prec=0.000 recall=0.000 F1=0.000 loss=0.3413 | eps=72.421 | duree=0.063s
[server] round  83/230 | actifs= 5 | acc=0.871 prec=0.000 recall=0.000 F1=0.000 loss=0.3416 | eps=72.861 | duree=0.057s
[server] round  84/230 | actifs= 5 | acc=0.871 prec=0.000 recall=0.000 F1=0.000 loss=0.3414 | eps=73.299 | duree=0.034s
[server] round  85/230 | actifs= 5 | acc=0.871 prec=0.000 recall=0.000 F1=0.000 loss=0.3423 | eps=73.734 | duree=0.063s
[server] round  86/230 | actifs= 5 | acc=0.871 prec=0.000 recall=0.000 F1=0.000 loss=0.3427 | eps=74.166 | duree=0.064s
[server] round  87/230 | actifs= 5 | acc=0.871 prec=0.000 recall=0.000 F1=0.000 loss=0.3431 | eps=74.596 | duree=0.051s
[server] round  88/230 | actifs= 5 | acc=0.871 prec=0.000 recall=0.000 F1=0.000 loss=0.3440 | eps=75.024 | duree=0.117s
[server] round  89/230 | actifs= 5 | acc=0.871 prec=0.000 recall=0.000 F1=0.000 loss=0.3448 | eps=75.449 | duree=0.1s
[server] round  90/230 | actifs= 5 | acc=0.871 prec=0.000 recall=0.000 F1=0.000 loss=0.3450 | eps=75.871 | duree=0.122s
[server] round  91/230 | actifs= 5 | acc=0.871 prec=0.000 recall=0.000 F1=0.000 loss=0.3452 | eps=76.292 | duree=0.057s
[server] round  92/230 | actifs= 5 | acc=0.871 prec=0.000 recall=0.000 F1=0.000 loss=0.3457 | eps=76.710 | duree=0.041s
[server] round  93/230 | actifs= 5 | acc=0.871 prec=0.000 recall=0.000 F1=0.000 loss=0.3461 | eps=77.126 | duree=0.052s
[server] round  94/230 | actifs= 5 | acc=0.871 prec=0.000 recall=0.000 F1=0.000 loss=0.3467 | eps=77.539 | duree=0.062s
[server] round  95/230 | actifs= 5 | acc=0.871 prec=0.000 recall=0.000 F1=0.000 loss=0.3473 | eps=77.950 | duree=0.069s
[server] round  96/230 | actifs= 5 | acc=0.871 prec=0.000 recall=0.000 F1=0.000 loss=0.3481 | eps=78.360 | duree=0.062s
[server] round  97/230 | actifs= 5 | acc=0.871 prec=0.000 recall=0.000 F1=0.000 loss=0.3484 | eps=78.767 | duree=0.032s
[server] round  98/230 | actifs= 5 | acc=0.871 prec=0.000 recall=0.000 F1=0.000 loss=0.3488 | eps=79.172 | duree=0.062s
[server] round  99/230 | actifs= 5 | acc=0.871 prec=0.000 recall=0.000 F1=0.000 loss=0.3487 | eps=79.575 | duree=0.063s
[server] round 100/230 | actifs= 5 | acc=0.871 prec=0.000 recall=0.000 F1=0.000 loss=0.3495 | eps=79.975 | duree=0.035s
[server] round 101/230 | actifs= 5 | acc=0.871 prec=0.000 recall=0.000 F1=0.000 loss=0.3499 | eps=80.374 | duree=0.132s
[server] round 102/230 | actifs= 5 | acc=0.871 prec=0.000 recall=0.000 F1=0.000 loss=0.3508 | eps=80.771 | duree=0.138s
[server] round 103/230 | actifs= 5 | acc=0.871 prec=0.000 recall=0.000 F1=0.000 loss=0.3515 | eps=81.166 | duree=0.069s
[server] round 104/230 | actifs= 5 | acc=0.871 prec=0.000 recall=0.000 F1=0.000 loss=0.3528 | eps=81.559 | duree=0.034s
[server] round 105/230 | actifs= 5 | acc=0.871 prec=0.000 recall=0.000 F1=0.000 loss=0.3532 | eps=81.950 | duree=0.065s
[server] round 106/230 | actifs= 5 | acc=0.871 prec=0.000 recall=0.000 F1=0.000 loss=0.3540 | eps=82.340 | duree=0.063s
[server] round 107/230 | actifs= 5 | acc=0.871 prec=0.000 recall=0.000 F1=0.000 loss=0.3544 | eps=82.727 | duree=0.039s
[server] round 108/230 | actifs= 5 | acc=0.871 prec=0.000 recall=0.000 F1=0.000 loss=0.3553 | eps=83.113 | duree=0.063s
[server] round 109/230 | actifs= 5 | acc=0.871 prec=0.000 recall=0.000 F1=0.000 loss=0.3557 | eps=83.497 | duree=0.041s
[server] round 110/230 | actifs= 5 | acc=0.871 prec=0.000 recall=0.000 F1=0.000 loss=0.3556 | eps=83.879 | duree=0.06s
[server] round 111/230 | actifs= 5 | acc=0.871 prec=0.000 recall=0.000 F1=0.000 loss=0.3562 | eps=84.259 | duree=0.062s
[server] round 112/230 | actifs= 5 | acc=0.871 prec=0.000 recall=0.000 F1=0.000 loss=0.3559 | eps=84.638 | duree=0.042s
[server] round 113/230 | actifs= 5 | acc=0.871 prec=0.000 recall=0.000 F1=0.000 loss=0.3562 | eps=85.015 | duree=0.069s
[server] round 114/230 | actifs= 5 | acc=0.871 prec=0.000 recall=0.000 F1=0.000 loss=0.3552 | eps=85.390 | duree=0.052s
[server] round 115/230 | actifs= 5 | acc=0.871 prec=0.000 recall=0.000 F1=0.000 loss=0.3546 | eps=85.764 | duree=0.057s
[server] round 116/230 | actifs= 5 | acc=0.871 prec=0.000 recall=0.000 F1=0.000 loss=0.3552 | eps=86.136 | duree=0.043s
[server] round 117/230 | actifs= 5 | acc=0.871 prec=0.000 recall=0.000 F1=0.000 loss=0.3554 | eps=86.507 | duree=0.058s
[server] round 118/230 | actifs= 5 | acc=0.871 prec=0.000 recall=0.000 F1=0.000 loss=0.3557 | eps=86.876 | duree=0.067s
[server] round 119/230 | actifs= 5 | acc=0.871 prec=0.000 recall=0.000 F1=0.000 loss=0.3566 | eps=87.243 | duree=0.041s
[server] round 120/230 | actifs= 5 | acc=0.871 prec=0.000 recall=0.000 F1=0.000 loss=0.3574 | eps=87.609 | duree=0.056s
[server] round 121/230 | actifs= 5 | acc=0.871 prec=0.000 recall=0.000 F1=0.000 loss=0.3577 | eps=87.973 | duree=0.065s
[server] round 122/230 | actifs= 5 | acc=0.871 prec=0.000 recall=0.000 F1=0.000 loss=0.3587 | eps=88.336 | duree=0.066s
[server] round 123/230 | actifs= 5 | acc=0.871 prec=0.000 recall=0.000 F1=0.000 loss=0.3586 | eps=88.697 | duree=0.068s
[server] round 124/230 | actifs= 5 | acc=0.871 prec=0.000 recall=0.000 F1=0.000 loss=0.3581 | eps=89.057 | duree=0.049s
[server] round 125/230 | actifs= 5 | acc=0.871 prec=0.000 recall=0.000 F1=0.000 loss=0.3584 | eps=89.415 | duree=0.036s
[server] round 126/230 | actifs= 5 | acc=0.871 prec=0.000 recall=0.000 F1=0.000 loss=0.3578 | eps=89.772 | duree=0.036s
[server] round 127/230 | actifs= 5 | acc=0.871 prec=0.000 recall=0.000 F1=0.000 loss=0.3575 | eps=90.128 | duree=0.064s
[server] round 128/230 | actifs= 5 | acc=0.871 prec=0.000 recall=0.000 F1=0.000 loss=0.3572 | eps=90.482 | duree=0.07s
[server] round 129/230 | actifs= 5 | acc=0.871 prec=0.000 recall=0.000 F1=0.000 loss=0.3562 | eps=90.835 | duree=0.04s
[server] round 130/230 | actifs= 5 | acc=0.871 prec=0.000 recall=0.000 F1=0.000 loss=0.3551 | eps=91.186 | duree=0.072s
[server] round 131/230 | actifs= 5 | acc=0.871 prec=0.000 recall=0.000 F1=0.000 loss=0.3551 | eps=91.536 | duree=0.052s
[server] round 132/230 | actifs= 5 | acc=0.871 prec=0.000 recall=0.000 F1=0.000 loss=0.3546 | eps=91.885 | duree=0.038s
[server] round 133/230 | actifs= 5 | acc=0.871 prec=0.000 recall=0.000 F1=0.000 loss=0.3543 | eps=92.232 | duree=0.065s
[server] round 134/230 | actifs= 5 | acc=0.871 prec=0.000 recall=0.000 F1=0.000 loss=0.3543 | eps=92.578 | duree=0.047s
[server] round 135/230 | actifs= 5 | acc=0.871 prec=0.000 recall=0.000 F1=0.000 loss=0.3536 | eps=92.923 | duree=0.068s
[server] round 136/230 | actifs= 5 | acc=0.873 prec=1.000 recall=0.010 F1=0.019 loss=0.3535 | eps=93.267 | duree=0.067s
[server] round 137/230 | actifs= 5 | acc=0.873 prec=1.000 recall=0.010 F1=0.019 loss=0.3532 | eps=93.609 | duree=0.037s
[server] round 138/230 | actifs= 5 | acc=0.873 prec=1.000 recall=0.010 F1=0.019 loss=0.3537 | eps=93.950 | duree=0.065s
[server] round 139/230 | actifs= 5 | acc=0.873 prec=1.000 recall=0.010 F1=0.019 loss=0.3535 | eps=94.290 | duree=0.062s
[server] round 140/230 | actifs= 5 | acc=0.873 prec=1.000 recall=0.010 F1=0.019 loss=0.3531 | eps=94.628 | duree=0.043s
[server] round 141/230 | actifs= 5 | acc=0.873 prec=1.000 recall=0.010 F1=0.019 loss=0.3531 | eps=94.966 | duree=0.064s
[server] round 142/230 | actifs= 5 | acc=0.873 prec=1.000 recall=0.010 F1=0.019 loss=0.3537 | eps=95.302 | duree=0.039s
[server] round 143/230 | actifs= 5 | acc=0.873 prec=1.000 recall=0.010 F1=0.019 loss=0.3528 | eps=95.637 | duree=0.066s
[server] round 144/230 | actifs= 5 | acc=0.873 prec=1.000 recall=0.010 F1=0.019 loss=0.3526 | eps=95.971 | duree=0.036s
[server] round 145/230 | actifs= 5 | acc=0.873 prec=1.000 recall=0.010 F1=0.019 loss=0.3530 | eps=96.303 | duree=0.061s
[server] round 146/230 | actifs= 5 | acc=0.873 prec=1.000 recall=0.010 F1=0.019 loss=0.3524 | eps=96.635 | duree=0.063s
[server] round 147/230 | actifs= 5 | acc=0.873 prec=1.000 recall=0.010 F1=0.019 loss=0.3525 | eps=96.965 | duree=0.054s
[server] round 148/230 | actifs= 5 | acc=0.873 prec=1.000 recall=0.010 F1=0.019 loss=0.3527 | eps=97.294 | duree=0.049s
[server] round 149/230 | actifs= 5 | acc=0.873 prec=1.000 recall=0.010 F1=0.019 loss=0.3535 | eps=97.622 | duree=0.06s
[server] round 150/230 | actifs= 5 | acc=0.873 prec=1.000 recall=0.010 F1=0.019 loss=0.3529 | eps=97.950 | duree=0.039s
[server] round 151/230 | actifs= 5 | acc=0.873 prec=1.000 recall=0.010 F1=0.019 loss=0.3526 | eps=98.275 | duree=0.057s
[server] round 152/230 | actifs= 5 | acc=0.873 prec=1.000 recall=0.010 F1=0.019 loss=0.3526 | eps=98.600 | duree=0.063s
[server] round 153/230 | actifs= 5 | acc=0.873 prec=1.000 recall=0.010 F1=0.019 loss=0.3520 | eps=98.924 | duree=0.039s
[server] round 154/230 | actifs= 5 | acc=0.874 prec=1.000 recall=0.019 F1=0.038 loss=0.3515 | eps=99.247 | duree=0.058s
[server] round 155/230 | actifs= 5 | acc=0.874 prec=1.000 recall=0.019 F1=0.038 loss=0.3509 | eps=99.569 | duree=0.065s
[server] round 156/230 | actifs= 5 | acc=0.874 prec=1.000 recall=0.019 F1=0.038 loss=0.3513 | eps=99.889 | duree=0.055s
[server] round 157/230 | actifs= 5 | acc=0.874 prec=1.000 recall=0.019 F1=0.038 loss=0.3509 | eps=100.209 | duree=0.084s
[server] round 158/230 | actifs= 5 | acc=0.874 prec=1.000 recall=0.019 F1=0.038 loss=0.3512 | eps=100.528 | duree=0.039s
[server] round 159/230 | actifs= 5 | acc=0.874 prec=1.000 recall=0.019 F1=0.038 loss=0.3522 | eps=100.845 | duree=0.067s
[server] round 160/230 | actifs= 5 | acc=0.873 prec=1.000 recall=0.010 F1=0.019 loss=0.3524 | eps=101.162 | duree=0.043s
[server] round 161/230 | actifs= 5 | acc=0.874 prec=1.000 recall=0.019 F1=0.038 loss=0.3521 | eps=101.477 | duree=0.061s
[server] round 162/230 | actifs= 5 | acc=0.874 prec=1.000 recall=0.019 F1=0.038 loss=0.3520 | eps=101.792 | duree=0.035s
[server] round 163/230 | actifs= 5 | acc=0.874 prec=1.000 recall=0.019 F1=0.038 loss=0.3522 | eps=102.106 | duree=0.069s
[server] round 164/230 | actifs= 5 | acc=0.874 prec=1.000 recall=0.019 F1=0.038 loss=0.3526 | eps=102.419 | duree=0.039s
[server] round 165/230 | actifs= 5 | acc=0.874 prec=1.000 recall=0.019 F1=0.038 loss=0.3517 | eps=102.730 | duree=0.055s
[server] round 166/230 | actifs= 5 | acc=0.874 prec=1.000 recall=0.019 F1=0.038 loss=0.3512 | eps=103.041 | duree=0.061s
[server] round 167/230 | actifs= 5 | acc=0.874 prec=1.000 recall=0.019 F1=0.038 loss=0.3503 | eps=103.351 | duree=0.06s
[server] round 168/230 | actifs= 5 | acc=0.874 prec=1.000 recall=0.019 F1=0.038 loss=0.3500 | eps=103.660 | duree=0.039s
[server] round 169/230 | actifs= 5 | acc=0.874 prec=1.000 recall=0.019 F1=0.038 loss=0.3494 | eps=103.968 | duree=0.067s
[server] round 170/230 | actifs= 5 | acc=0.874 prec=1.000 recall=0.019 F1=0.038 loss=0.3485 | eps=104.275 | duree=0.047s
[server] round 171/230 | actifs= 5 | acc=0.874 prec=1.000 recall=0.019 F1=0.038 loss=0.3480 | eps=104.581 | duree=0.059s
[server] round 172/230 | actifs= 5 | acc=0.874 prec=1.000 recall=0.019 F1=0.038 loss=0.3487 | eps=104.887 | duree=0.042s
[server] round 173/230 | actifs= 5 | acc=0.874 prec=1.000 recall=0.019 F1=0.038 loss=0.3488 | eps=105.191 | duree=0.057s
[server] round 174/230 | actifs= 5 | acc=0.874 prec=1.000 recall=0.019 F1=0.038 loss=0.3486 | eps=105.495 | duree=0.04s
[server] round 175/230 | actifs= 5 | acc=0.874 prec=1.000 recall=0.019 F1=0.038 loss=0.3478 | eps=105.798 | duree=0.058s
[server] round 176/230 | actifs= 5 | acc=0.874 prec=1.000 recall=0.019 F1=0.038 loss=0.3484 | eps=106.099 | duree=0.069s
[server] round 177/230 | actifs= 5 | acc=0.874 prec=1.000 recall=0.019 F1=0.038 loss=0.3480 | eps=106.400 | duree=0.037s
[server] round 178/230 | actifs= 5 | acc=0.874 prec=1.000 recall=0.019 F1=0.038 loss=0.3474 | eps=106.701 | duree=0.065s
[server] round 179/230 | actifs= 5 | acc=0.874 prec=1.000 recall=0.019 F1=0.038 loss=0.3490 | eps=107.000 | duree=0.067s
[server] round 180/230 | actifs= 5 | acc=0.874 prec=1.000 recall=0.019 F1=0.038 loss=0.3484 | eps=107.298 | duree=0.04s
[server] round 181/230 | actifs= 5 | acc=0.874 prec=1.000 recall=0.019 F1=0.038 loss=0.3474 | eps=107.596 | duree=0.066s
[server] round 182/230 | actifs= 5 | acc=0.874 prec=1.000 recall=0.019 F1=0.038 loss=0.3463 | eps=107.893 | duree=0.062s
[server] round 183/230 | actifs= 5 | acc=0.874 prec=1.000 recall=0.019 F1=0.038 loss=0.3462 | eps=108.189 | duree=0.055s
[server] round 184/230 | actifs= 5 | acc=0.874 prec=1.000 recall=0.019 F1=0.038 loss=0.3469 | eps=108.484 | duree=0.048s
[server] round 185/230 | actifs= 5 | acc=0.874 prec=1.000 recall=0.019 F1=0.038 loss=0.3474 | eps=108.778 | duree=0.042s
[server] round 186/230 | actifs= 5 | acc=0.874 prec=1.000 recall=0.019 F1=0.038 loss=0.3469 | eps=109.072 | duree=0.058s
[server] round 187/230 | actifs= 5 | acc=0.874 prec=1.000 recall=0.019 F1=0.038 loss=0.3465 | eps=109.365 | duree=0.062s
[server] round 188/230 | actifs= 5 | acc=0.874 prec=1.000 recall=0.019 F1=0.038 loss=0.3464 | eps=109.657 | duree=0.065s
[server] round 189/230 | actifs= 5 | acc=0.874 prec=1.000 recall=0.019 F1=0.038 loss=0.3455 | eps=109.948 | duree=0.059s
[server] round 190/230 | actifs= 5 | acc=0.874 prec=1.000 recall=0.019 F1=0.038 loss=0.3452 | eps=110.239 | duree=0.067s
[server] round 191/230 | actifs= 5 | acc=0.874 prec=1.000 recall=0.019 F1=0.038 loss=0.3453 | eps=110.528 | duree=0.061s
[server] round 192/230 | actifs= 5 | acc=0.874 prec=1.000 recall=0.019 F1=0.038 loss=0.3444 | eps=110.817 | duree=0.042s
[server] round 193/230 | actifs= 5 | acc=0.874 prec=1.000 recall=0.019 F1=0.038 loss=0.3440 | eps=111.105 | duree=0.058s
[server] round 194/230 | actifs= 5 | acc=0.874 prec=1.000 recall=0.019 F1=0.038 loss=0.3444 | eps=111.393 | duree=0.065s
[server] round 195/230 | actifs= 5 | acc=0.874 prec=1.000 recall=0.019 F1=0.038 loss=0.3449 | eps=111.680 | duree=0.046s
[server] round 196/230 | actifs= 5 | acc=0.874 prec=1.000 recall=0.019 F1=0.038 loss=0.3447 | eps=111.966 | duree=0.047s
[server] round 197/230 | actifs= 5 | acc=0.874 prec=1.000 recall=0.019 F1=0.038 loss=0.3443 | eps=112.251 | duree=0.085s
[server] round 198/230 | actifs= 5 | acc=0.874 prec=1.000 recall=0.019 F1=0.038 loss=0.3441 | eps=112.535 | duree=0.047s
[server] round 199/230 | actifs= 5 | acc=0.874 prec=1.000 recall=0.019 F1=0.038 loss=0.3442 | eps=112.819 | duree=0.081s
[server] round 200/230 | actifs= 5 | acc=0.874 prec=1.000 recall=0.019 F1=0.038 loss=0.3439 | eps=113.102 | duree=0.041s
[server] round 201/230 | actifs= 5 | acc=0.874 prec=1.000 recall=0.019 F1=0.038 loss=0.3440 | eps=113.385 | duree=0.061s
[server] round 202/230 | actifs= 5 | acc=0.874 prec=1.000 recall=0.019 F1=0.038 loss=0.3435 | eps=113.666 | duree=0.061s
[server] round 203/230 | actifs= 5 | acc=0.874 prec=1.000 recall=0.019 F1=0.038 loss=0.3437 | eps=113.947 | duree=0.068s
[server] round 204/230 | actifs= 5 | acc=0.874 prec=1.000 recall=0.019 F1=0.038 loss=0.3440 | eps=114.228 | duree=0.038s
[server] round 205/230 | actifs= 5 | acc=0.874 prec=1.000 recall=0.019 F1=0.038 loss=0.3449 | eps=114.507 | duree=0.053s
[server] round 206/230 | actifs= 5 | acc=0.874 prec=1.000 recall=0.019 F1=0.038 loss=0.3444 | eps=114.786 | duree=0.061s
[server] round 207/230 | actifs= 5 | acc=0.874 prec=1.000 recall=0.019 F1=0.038 loss=0.3439 | eps=115.065 | duree=0.056s
[server] round 208/230 | actifs= 5 | acc=0.874 prec=1.000 recall=0.019 F1=0.038 loss=0.3442 | eps=115.342 | duree=0.038s
[server] round 209/230 | actifs= 5 | acc=0.874 prec=1.000 recall=0.019 F1=0.038 loss=0.3437 | eps=115.619 | duree=0.065s
[server] round 210/230 | actifs= 5 | acc=0.875 prec=1.000 recall=0.029 F1=0.057 loss=0.3427 | eps=115.895 | duree=0.067s
[server] round 211/230 | actifs= 5 | acc=0.875 prec=1.000 recall=0.029 F1=0.057 loss=0.3423 | eps=116.171 | duree=0.058s
[server] round 212/230 | actifs= 5 | acc=0.875 prec=1.000 recall=0.029 F1=0.057 loss=0.3428 | eps=116.446 | duree=0.05s
[server] round 213/230 | actifs= 5 | acc=0.875 prec=1.000 recall=0.029 F1=0.057 loss=0.3421 | eps=116.720 | duree=0.082s
[server] round 214/230 | actifs= 5 | acc=0.875 prec=1.000 recall=0.029 F1=0.057 loss=0.3421 | eps=116.994 | duree=0.04s
[server] round 215/230 | actifs= 5 | acc=0.875 prec=1.000 recall=0.029 F1=0.057 loss=0.3431 | eps=117.267 | duree=0.065s
[server] round 216/230 | actifs= 5 | acc=0.874 prec=0.750 recall=0.029 F1=0.056 loss=0.3428 | eps=117.539 | duree=0.059s
[server] round 217/230 | actifs= 5 | acc=0.874 prec=0.750 recall=0.029 F1=0.056 loss=0.3424 | eps=117.811 | duree=0.05s
[server] round 218/230 | actifs= 5 | acc=0.874 prec=0.750 recall=0.029 F1=0.056 loss=0.3422 | eps=118.082 | duree=0.043s
[server] round 219/230 | actifs= 5 | acc=0.874 prec=0.750 recall=0.029 F1=0.056 loss=0.3417 | eps=118.353 | duree=0.072s
[server] round 220/230 | actifs= 5 | acc=0.874 prec=0.750 recall=0.029 F1=0.056 loss=0.3415 | eps=118.623 | duree=0.055s
[server] round 221/230 | actifs= 5 | acc=0.874 prec=0.750 recall=0.029 F1=0.056 loss=0.3405 | eps=118.892 | duree=0.045s
[server] round 222/230 | actifs= 5 | acc=0.874 prec=0.750 recall=0.029 F1=0.056 loss=0.3397 | eps=119.161 | duree=0.036s
[server] round 223/230 | actifs= 5 | acc=0.874 prec=0.750 recall=0.029 F1=0.056 loss=0.3393 | eps=119.429 | duree=0.066s
[server] round 224/230 | actifs= 5 | acc=0.874 prec=0.750 recall=0.029 F1=0.056 loss=0.3389 | eps=119.696 | duree=0.067s
[server] round 225/230 | actifs= 5 | acc=0.874 prec=0.750 recall=0.029 F1=0.056 loss=0.3383 | eps=119.963 | duree=0.076s
[server] round 226/230 | actifs= 5 | acc=0.874 prec=0.750 recall=0.029 F1=0.056 loss=0.3389 | eps=120.229 | duree=0.077s
[server] round 227/230 | actifs= 5 | acc=0.874 prec=0.750 recall=0.029 F1=0.056 loss=0.3385 | eps=120.495 | duree=0.074s
[server] round 228/230 | actifs= 5 | acc=0.874 prec=0.750 recall=0.029 F1=0.056 loss=0.3386 | eps=120.760 | duree=0.083s
[server] round 229/230 | actifs= 5 | acc=0.874 prec=0.750 recall=0.029 F1=0.056 loss=0.3391 | eps=121.025 | duree=0.096s
[server] round 230/230 | actifs= 5 | acc=0.874 prec=0.750 recall=0.029 F1=0.056 loss=0.3388 | eps=121.289 | duree=0.06s
[server] modele global final sauvegarde dans results_C\global_model_final.npz
[server] historique des metriques sauvegarde dans results_C\metrics_history.csv
[server] entrainement federe termine.
