[client 1] parts de Shamir detenues pour les clients : [2, 3, 4, 5]
[client 1] jeu de donnees local charge : 1589 exemples.
[client 1] connecte au serveur (TLS), HELLO envoye.
[client 1] configuration recue. poids FedAvg = 0.4966
[client 1] round 1 : mise a jour locale envoyee (entrainement+masquage en 0.08s).
[client 1] round 2 : mise a jour locale envoyee (entrainement+masquage en 0.06s).
[client 1] round 3 : mise a jour locale envoyee (entrainement+masquage en 0.08s).
[client 1] round 4 : mise a jour locale envoyee (entrainement+masquage en 0.06s).
[client 1] round 5 : mise a jour locale envoyee (entrainement+masquage en 0.06s).
[client 1] round 6 : mise a jour locale envoyee (entrainement+masquage en 0.10s).
[client 1] round 7 : mise a jour locale envoyee (entrainement+masquage en 0.05s).
[client 1] round 8 : mise a jour locale envoyee (entrainement+masquage en 0.07s).
[client 1] round 9 : mise a jour locale envoyee (entrainement+masquage en 0.07s).
[client 1] round 10 : mise a jour locale envoyee (entrainement+masquage en 0.08s).
[client 1] round 11 : mise a jour locale envoyee (entrainement+masquage en 0.07s).
[client 1] round 12 : mise a jour locale envoyee (entrainement+masquage en 0.04s).
[client 1] round 13 : mise a jour locale envoyee (entrainement+masquage en 0.07s).
[client 1] round 14 : mise a jour locale envoyee (entrainement+masquage en 0.07s).
[client 1] round 15 : mise a jour locale envoyee (entrainement+masquage en 0.07s).
[client 1] round 16 : mise a jour locale envoyee (entrainement+masquage en 0.07s).
[client 1] round 17 : mise a jour locale envoyee (entrainement+masquage en 0.09s).
[client 1] round 18 : mise a jour locale envoyee (entrainement+masquage en 0.10s).
[client 1] round 19 : mise a jour locale envoyee (entrainement+masquage en 0.08s).
[client 1] round 20 : mise a jour locale envoyee (entrainement+masquage en 0.05s).
[client 1] round 21 : mise a jour locale envoyee (entrainement+masquage en 0.05s).
[client 1] round 22 : mise a jour locale envoyee (entrainement+masquage en 0.12s).
[client 1] round 23 : mise a jour locale envoyee (entrainement+masquage en 0.08s).
[client 1] round 24 : mise a jour locale envoyee (entrainement+masquage en 0.06s).
[client 1] round 25 : mise a jour locale envoyee (entrainement+masquage en 0.07s).
[client 1] round 26 : mise a jour locale envoyee (entrainement+masquage en 0.07s).
[client 1] round 27 : mise a jour locale envoyee (entrainement+masquage en 0.07s).
[client 1] round 28 : mise a jour locale envoyee (entrainement+masquage en 0.07s).
[client 1] round 29 : mise a jour locale envoyee (entrainement+masquage en 0.06s).
[client 1] round 30 : mise a jour locale envoyee (entrainement+masquage en 0.03s).
[client 1] round 31 : mise a jour locale envoyee (entrainement+masquage en 0.05s).
[client 1] round 32 : mise a jour locale envoyee (entrainement+masquage en 0.06s).
[client 1] round 33 : mise a jour locale envoyee (entrainement+masquage en 0.04s).
[client 1] round 34 : mise a jour locale envoyee (entrainement+masquage en 0.04s).
[client 1] round 35 : mise a jour locale envoyee (entrainement+masquage en 0.06s).
[client 1] round 36 : mise a jour locale envoyee (entrainement+masquage en 0.06s).
[client 1] round 37 : mise a jour locale envoyee (entrainement+masquage en 0.07s).
[client 1] round 38 : mise a jour locale envoyee (entrainement+masquage en 0.04s).
[client 1] round 39 : mise a jour locale envoyee (entrainement+masquage en 0.03s).
[client 1] round 40 : mise a jour locale envoyee (entrainement+masquage en 0.03s).
[client 1] round 41 : mise a jour locale envoyee (entrainement+masquage en 0.06s).
[client 1] round 42 : mise a jour locale envoyee (entrainement+masquage en 0.06s).
[client 1] round 43 : mise a jour locale envoyee (entrainement+masquage en 0.08s).
[client 1] round 44 : mise a jour locale envoyee (entrainement+masquage en 0.03s).
[client 1] round 45 : mise a jour locale envoyee (entrainement+masquage en 0.07s).
[client 1] round 46 : mise a jour locale envoyee (entrainement+masquage en 0.06s).
[client 1] round 47 : mise a jour locale envoyee (entrainement+masquage en 0.05s).
[client 1] round 48 : mise a jour locale envoyee (entrainement+masquage en 0.05s).
[client 1] round 49 : mise a jour locale envoyee (entrainement+masquage en 0.04s).
[client 1] round 50 : mise a jour locale envoyee (entrainement+masquage en 0.05s).
[client 1] round 51 : mise a jour locale envoyee (entrainement+masquage en 0.06s).
[client 1] round 52 : mise a jour locale envoyee (entrainement+masquage en 0.04s).
[client 1] round 53 : mise a jour locale envoyee (entrainement+masquage en 0.06s).
[client 1] round 54 : mise a jour locale envoyee (entrainement+masquage en 0.06s).
[client 1] round 55 : mise a jour locale envoyee (entrainement+masquage en 0.03s).
[client 1] round 56 : mise a jour locale envoyee (entrainement+masquage en 0.06s).
[client 1] round 57 : mise a jour locale envoyee (entrainement+masquage en 0.08s).
[client 1] round 58 : mise a jour locale envoyee (entrainement+masquage en 0.05s).
[client 1] round 59 : mise a jour locale envoyee (entrainement+masquage en 0.08s).
[client 1] round 60 : mise a jour locale envoyee (entrainement+masquage en 0.05s).
[client 1] round 61 : mise a jour locale envoyee (entrainement+masquage en 0.04s).
[client 1] round 62 : mise a jour locale envoyee (entrainement+masquage en 0.06s).
[client 1] round 63 : mise a jour locale envoyee (entrainement+masquage en 0.16s).
[client 1] round 64 : mise a jour locale envoyee (entrainement+masquage en 0.11s).
[client 1] round 65 : mise a jour locale envoyee (entrainement+masquage en 0.07s).
[client 1] round 66 : mise a jour locale envoyee (entrainement+masquage en 0.06s).
[client 1] round 67 : mise a jour locale envoyee (entrainement+masquage en 0.03s).
[client 1] round 68 : mise a jour locale envoyee (entrainement+masquage en 0.06s).
[client 1] round 69 : mise a jour locale envoyee (entrainement+masquage en 0.06s).
[client 1] round 70 : mise a jour locale envoyee (entrainement+masquage en 0.07s).
[client 1] round 71 : mise a jour locale envoyee (entrainement+masquage en 0.03s).
[client 1] round 72 : mise a jour locale envoyee (entrainement+masquage en 0.06s).
[client 1] round 73 : mise a jour locale envoyee (entrainement+masquage en 0.03s).
[client 1] round 74 : mise a jour locale envoyee (entrainement+masquage en 0.06s).
[client 1] round 75 : mise a jour locale envoyee (entrainement+masquage en 0.03s).
[client 1] round 76 : mise a jour locale envoyee (entrainement+masquage en 0.06s).
[client 1] round 77 : mise a jour locale envoyee (entrainement+masquage en 0.06s).
[client 1] round 78 : mise a jour locale envoyee (entrainement+masquage en 0.06s).
[client 1] round 79 : mise a jour locale envoyee (entrainement+masquage en 0.06s).
[client 1] round 80 : mise a jour locale envoyee (entrainement+masquage en 0.03s).
[client 1] round 81 : mise a jour locale envoyee (entrainement+masquage en 0.06s).
[client 1] round 82 : mise a jour locale envoyee (entrainement+masquage en 0.06s).
[client 1] round 83 : mise a jour locale envoyee (entrainement+masquage en 0.03s).
[client 1] round 84 : mise a jour locale envoyee (entrainement+masquage en 0.06s).
[client 1] round 85 : mise a jour locale envoyee (entrainement+masquage en 0.06s).
[client 1] round 86 : mise a jour locale envoyee (entrainement+masquage en 0.04s).
[client 1] round 87 : mise a jour locale envoyee (entrainement+masquage en 0.05s).
[client 1] round 88 : mise a jour locale envoyee (entrainement+masquage en 0.04s).
[client 1] round 89 : mise a jour locale envoyee (entrainement+masquage en 0.07s).
[client 1] round 90 : mise a jour locale envoyee (entrainement+masquage en 0.08s).
[client 1] round 91 : mise a jour locale envoyee (entrainement+masquage en 0.06s).
[client 1] round 92 : mise a jour locale envoyee (entrainement+masquage en 0.04s).
[client 1] round 93 : mise a jour locale envoyee (entrainement+masquage en 0.06s).
[client 1] round 94 : mise a jour locale envoyee (entrainement+masquage en 0.03s).
[client 1] round 95 : mise a jour locale envoyee (entrainement+masquage en 0.06s).
[client 1] round 96 : mise a jour locale envoyee (entrainement+masquage en 0.06s).
[client 1] round 97 : mise a jour locale envoyee (entrainement+masquage en 0.06s).
[client 1] round 98 : mise a jour locale envoyee (entrainement+masquage en 0.06s).
[client 1] round 99 : mise a jour locale envoyee (entrainement+masquage en 0.07s).
[client 1] round 100 : mise a jour locale envoyee (entrainement+masquage en 0.04s).
[client 1] entrainement federe termine (message DONE recu).
