[server] en ecoute sur 127.0.0.1:8768 (TLS), attente de 5 clients...
[server] client 1 connecte (n_k=1589 exemples locaux).
[server] client 2 connecte (n_k=1255 exemples locaux).
[server] client 3 connecte (n_k=58 exemples locaux).
[server] client 4 connecte (n_k=265 exemples locaux).
[server] client 5 connecte (n_k=33 exemples locaux).
[server] phase de configuration terminee. n_total=3200, poids={'1': 0.4965625, '2': 0.3921875, '3': 0.018125, '4': 0.0828125, '5': 0.0103125}
[server] round   1/100 | actifs= 5 | acc=0.871 prec=0.000 recall=0.000 F1=0.000 loss=0.5566 | eps=4.799 | duree=0.121s
[server] round   2/100 | actifs= 5 | acc=0.871 prec=0.000 recall=0.000 F1=0.000 loss=0.4670 | eps=6.786 | duree=0.06s
[server] round   3/100 | actifs= 5 | acc=0.871 prec=0.000 recall=0.000 F1=0.000 loss=0.4094 | eps=8.311 | duree=0.077s
[server] round   4/100 | actifs= 5 | acc=0.871 prec=0.000 recall=0.000 F1=0.000 loss=0.3740 | eps=9.597 | duree=0.063s
[server] (( simulation de decrochage du client 3 au round 5 ))
[server] round   5/100 | actifs= 4 | acc=0.871 prec=0.000 recall=0.000 F1=0.000 loss=0.3391 | eps=10.730 | duree=0.067s
[server] round   6/100 | actifs= 4 | acc=0.871 prec=0.000 recall=0.000 F1=0.000 loss=0.3225 | eps=11.754 | duree=0.108s
[server] round   7/100 | actifs= 4 | acc=0.871 prec=0.000 recall=0.000 F1=0.000 loss=0.3157 | eps=12.696 | duree=0.076s
[server] round   8/100 | actifs= 4 | acc=0.871 prec=0.000 recall=0.000 F1=0.000 loss=0.3125 | eps=13.572 | duree=0.071s
[server] round   9/100 | actifs= 4 | acc=0.871 prec=0.000 recall=0.000 F1=0.000 loss=0.3133 | eps=14.396 | duree=0.079s
[server] round  10/100 | actifs= 4 | acc=0.871 prec=0.000 recall=0.000 F1=0.000 loss=0.3136 | eps=15.174 | duree=0.086s
[server] round  11/100 | actifs= 4 | acc=0.871 prec=0.000 recall=0.000 F1=0.000 loss=0.3132 | eps=15.915 | duree=0.069s
[server] round  12/100 | actifs= 4 | acc=0.873 prec=1.000 recall=0.010 F1=0.019 loss=0.3145 | eps=16.623 | duree=0.042s
[server] round  13/100 | actifs= 4 | acc=0.874 prec=1.000 recall=0.019 F1=0.038 loss=0.3145 | eps=17.301 | duree=0.077s
[server] round  14/100 | actifs= 4 | acc=0.874 prec=1.000 recall=0.019 F1=0.038 loss=0.3142 | eps=17.954 | duree=0.07s
[server] round  15/100 | actifs= 4 | acc=0.874 prec=1.000 recall=0.019 F1=0.038 loss=0.3155 | eps=18.585 | duree=0.071s
[server] round  16/100 | actifs= 4 | acc=0.874 prec=1.000 recall=0.019 F1=0.038 loss=0.3159 | eps=19.194 | duree=0.072s
[server] round  17/100 | actifs= 4 | acc=0.874 prec=0.750 recall=0.029 F1=0.056 loss=0.3159 | eps=19.785 | duree=0.089s
[server] round  18/100 | actifs= 4 | acc=0.875 prec=0.800 recall=0.039 F1=0.074 loss=0.3161 | eps=20.358 | duree=0.103s
[server] round  19/100 | actifs= 4 | acc=0.875 prec=0.800 recall=0.039 F1=0.074 loss=0.3174 | eps=20.916 | duree=0.081s
[server] round  20/100 | actifs= 4 | acc=0.876 prec=0.833 recall=0.049 F1=0.092 loss=0.3176 | eps=21.460 | duree=0.057s
[server] round  21/100 | actifs= 4 | acc=0.876 prec=0.833 recall=0.049 F1=0.092 loss=0.3170 | eps=21.990 | duree=0.055s
[server] round  22/100 | actifs= 4 | acc=0.876 prec=0.833 recall=0.049 F1=0.092 loss=0.3157 | eps=22.507 | duree=0.121s
[server] round  23/100 | actifs= 4 | acc=0.879 prec=0.875 recall=0.068 F1=0.126 loss=0.3151 | eps=23.013 | duree=0.092s
[server] round  24/100 | actifs= 4 | acc=0.880 prec=0.889 recall=0.078 F1=0.143 loss=0.3142 | eps=23.508 | duree=0.065s
[server] round  25/100 | actifs= 4 | acc=0.880 prec=0.889 recall=0.078 F1=0.143 loss=0.3139 | eps=23.993 | duree=0.072s
[server] round  26/100 | actifs= 4 | acc=0.880 prec=0.889 recall=0.078 F1=0.143 loss=0.3133 | eps=24.468 | duree=0.074s
[server] round  27/100 | actifs= 4 | acc=0.880 prec=0.889 recall=0.078 F1=0.143 loss=0.3126 | eps=24.934 | duree=0.07s
[server] round  28/100 | actifs= 4 | acc=0.880 prec=0.889 recall=0.078 F1=0.143 loss=0.3114 | eps=25.391 | duree=0.068s
[server] round  29/100 | actifs= 4 | acc=0.879 prec=0.800 recall=0.078 F1=0.142 loss=0.3106 | eps=25.841 | duree=0.066s
[server] round  30/100 | actifs= 4 | acc=0.880 prec=0.769 recall=0.097 F1=0.172 loss=0.3096 | eps=26.283 | duree=0.037s
[server] round  31/100 | actifs= 4 | acc=0.880 prec=0.769 recall=0.097 F1=0.172 loss=0.3089 | eps=26.717 | duree=0.053s
[server] round  32/100 | actifs= 4 | acc=0.880 prec=0.769 recall=0.097 F1=0.172 loss=0.3083 | eps=27.145 | duree=0.061s
[server] round  33/100 | actifs= 4 | acc=0.880 prec=0.769 recall=0.097 F1=0.172 loss=0.3076 | eps=27.565 | duree=0.048s
[server] round  34/100 | actifs= 4 | acc=0.879 prec=0.714 recall=0.097 F1=0.171 loss=0.3066 | eps=27.980 | duree=0.044s
[server] round  35/100 | actifs= 4 | acc=0.880 prec=0.684 recall=0.126 F1=0.213 loss=0.3048 | eps=28.388 | duree=0.065s
[server] round  36/100 | actifs= 4 | acc=0.881 prec=0.700 recall=0.136 F1=0.228 loss=0.3040 | eps=28.791 | duree=0.065s
[server] round  37/100 | actifs= 4 | acc=0.881 prec=0.700 recall=0.136 F1=0.228 loss=0.3039 | eps=29.188 | duree=0.069s
[server] round  38/100 | actifs= 4 | acc=0.881 prec=0.682 recall=0.146 F1=0.240 loss=0.3033 | eps=29.580 | duree=0.044s
[server] round  39/100 | actifs= 4 | acc=0.882 prec=0.696 recall=0.155 F1=0.254 loss=0.3034 | eps=29.967 | duree=0.033s
[server] round  40/100 | actifs= 4 | acc=0.882 prec=0.696 recall=0.155 F1=0.254 loss=0.3029 | eps=30.349 | duree=0.036s
[server] round  41/100 | actifs= 4 | acc=0.885 prec=0.720 recall=0.175 F1=0.281 loss=0.3022 | eps=30.726 | duree=0.059s
[server] round  42/100 | actifs= 4 | acc=0.885 prec=0.720 recall=0.175 F1=0.281 loss=0.3029 | eps=31.098 | duree=0.062s
[server] round  43/100 | actifs= 4 | acc=0.886 prec=0.731 recall=0.184 F1=0.295 loss=0.3025 | eps=31.466 | duree=0.081s
[server] round  44/100 | actifs= 4 | acc=0.885 prec=0.704 recall=0.184 F1=0.292 loss=0.3027 | eps=31.830 | duree=0.035s
[server] round  45/100 | actifs= 4 | acc=0.884 prec=0.679 recall=0.184 F1=0.290 loss=0.3033 | eps=32.189 | duree=0.07s
[server] round  46/100 | actifs= 4 | acc=0.884 prec=0.679 recall=0.184 F1=0.290 loss=0.3038 | eps=32.545 | duree=0.065s
[server] round  47/100 | actifs= 4 | acc=0.885 prec=0.690 recall=0.194 F1=0.303 loss=0.3039 | eps=32.897 | duree=0.054s
[server] round  48/100 | actifs= 4 | acc=0.885 prec=0.690 recall=0.194 F1=0.303 loss=0.3042 | eps=33.245 | duree=0.056s
[server] round  49/100 | actifs= 4 | acc=0.884 prec=0.667 recall=0.194 F1=0.301 loss=0.3042 | eps=33.590 | duree=0.042s
[server] round  50/100 | actifs= 4 | acc=0.884 prec=0.667 recall=0.194 F1=0.301 loss=0.3040 | eps=33.931 | duree=0.058s
[server] round  51/100 | actifs= 4 | acc=0.884 prec=0.667 recall=0.194 F1=0.301 loss=0.3045 | eps=34.268 | duree=0.061s
[server] round  52/100 | actifs= 4 | acc=0.885 prec=0.677 recall=0.204 F1=0.313 loss=0.3047 | eps=34.603 | duree=0.04s
[server] round  53/100 | actifs= 4 | acc=0.886 prec=0.688 recall=0.214 F1=0.326 loss=0.3052 | eps=34.934 | duree=0.061s
[server] round  54/100 | actifs= 4 | acc=0.886 prec=0.688 recall=0.214 F1=0.326 loss=0.3054 | eps=35.262 | duree=0.06s
[server] round  55/100 | actifs= 4 | acc=0.886 prec=0.688 recall=0.214 F1=0.326 loss=0.3054 | eps=35.587 | duree=0.034s
[server] round  56/100 | actifs= 4 | acc=0.886 prec=0.688 recall=0.214 F1=0.326 loss=0.3063 | eps=35.909 | duree=0.062s
[server] round  57/100 | actifs= 4 | acc=0.886 prec=0.688 recall=0.214 F1=0.326 loss=0.3071 | eps=36.228 | duree=0.078s
[server] round  58/100 | actifs= 4 | acc=0.886 prec=0.688 recall=0.214 F1=0.326 loss=0.3082 | eps=36.544 | duree=0.056s
[server] round  59/100 | actifs= 4 | acc=0.886 prec=0.688 recall=0.214 F1=0.326 loss=0.3092 | eps=36.858 | duree=0.083s
[server] round  60/100 | actifs= 4 | acc=0.887 prec=0.697 recall=0.223 F1=0.338 loss=0.3093 | eps=37.169 | duree=0.051s
[server] round  61/100 | actifs= 4 | acc=0.890 prec=0.714 recall=0.243 F1=0.362 loss=0.3098 | eps=37.478 | duree=0.043s
[server] round  62/100 | actifs= 4 | acc=0.891 prec=0.722 recall=0.252 F1=0.374 loss=0.3105 | eps=37.784 | duree=0.068s
[server] round  63/100 | actifs= 4 | acc=0.891 prec=0.722 recall=0.252 F1=0.374 loss=0.3108 | eps=38.087 | duree=0.138s
[server] round  64/100 | actifs= 4 | acc=0.891 prec=0.722 recall=0.252 F1=0.374 loss=0.3112 | eps=38.388 | duree=0.137s
[server] round  65/100 | actifs= 4 | acc=0.891 prec=0.722 recall=0.252 F1=0.374 loss=0.3117 | eps=38.687 | duree=0.075s
[server] round  66/100 | actifs= 4 | acc=0.891 prec=0.722 recall=0.252 F1=0.374 loss=0.3122 | eps=38.983 | duree=0.066s
[server] round  67/100 | actifs= 4 | acc=0.891 prec=0.722 recall=0.252 F1=0.374 loss=0.3130 | eps=39.278 | duree=0.034s
[server] round  68/100 | actifs= 4 | acc=0.891 prec=0.722 recall=0.252 F1=0.374 loss=0.3136 | eps=39.570 | duree=0.06s
[server] round  69/100 | actifs= 4 | acc=0.891 prec=0.711 recall=0.262 F1=0.383 loss=0.3139 | eps=39.860 | duree=0.058s
[server] round  70/100 | actifs= 4 | acc=0.890 prec=0.703 recall=0.252 F1=0.371 loss=0.3148 | eps=40.147 | duree=0.074s
[server] round  71/100 | actifs= 4 | acc=0.890 prec=0.703 recall=0.252 F1=0.371 loss=0.3157 | eps=40.433 | duree=0.04s
[server] round  72/100 | actifs= 4 | acc=0.890 prec=0.703 recall=0.252 F1=0.371 loss=0.3167 | eps=40.717 | duree=0.06s
[server] round  73/100 | actifs= 4 | acc=0.890 prec=0.703 recall=0.252 F1=0.371 loss=0.3168 | eps=40.999 | duree=0.034s
[server] round  74/100 | actifs= 4 | acc=0.890 prec=0.703 recall=0.252 F1=0.371 loss=0.3173 | eps=41.278 | duree=0.065s
[server] round  75/100 | actifs= 4 | acc=0.890 prec=0.703 recall=0.252 F1=0.371 loss=0.3187 | eps=41.556 | duree=0.036s
[server] round  76/100 | actifs= 4 | acc=0.891 prec=0.711 recall=0.262 F1=0.383 loss=0.3197 | eps=41.833 | duree=0.06s
[server] round  77/100 | actifs= 4 | acc=0.891 prec=0.711 recall=0.262 F1=0.383 loss=0.3195 | eps=42.107 | duree=0.061s
[server] round  78/100 | actifs= 4 | acc=0.891 prec=0.711 recall=0.262 F1=0.383 loss=0.3197 | eps=42.379 | duree=0.065s
[server] round  79/100 | actifs= 4 | acc=0.892 prec=0.718 recall=0.272 F1=0.394 loss=0.3197 | eps=42.650 | duree=0.062s
[server] round  80/100 | actifs= 4 | acc=0.892 prec=0.718 recall=0.272 F1=0.394 loss=0.3203 | eps=42.919 | duree=0.037s
[server] round  81/100 | actifs= 4 | acc=0.892 prec=0.718 recall=0.272 F1=0.394 loss=0.3209 | eps=43.187 | duree=0.061s
[server] round  82/100 | actifs= 4 | acc=0.892 prec=0.718 recall=0.272 F1=0.394 loss=0.3208 | eps=43.453 | duree=0.057s
[server] round  83/100 | actifs= 4 | acc=0.890 prec=0.683 recall=0.272 F1=0.389 loss=0.3212 | eps=43.717 | duree=0.036s
[server] round  84/100 | actifs= 4 | acc=0.890 prec=0.683 recall=0.272 F1=0.389 loss=0.3214 | eps=43.979 | duree=0.059s
[server] round  85/100 | actifs= 4 | acc=0.891 prec=0.700 recall=0.272 F1=0.392 loss=0.3221 | eps=44.240 | duree=0.061s
[server] round  86/100 | actifs= 4 | acc=0.890 prec=0.683 recall=0.272 F1=0.389 loss=0.3225 | eps=44.500 | duree=0.049s
[server] round  87/100 | actifs= 4 | acc=0.890 prec=0.683 recall=0.272 F1=0.389 loss=0.3223 | eps=44.758 | duree=0.053s
[server] round  88/100 | actifs= 4 | acc=0.890 prec=0.683 recall=0.272 F1=0.389 loss=0.3235 | eps=45.014 | duree=0.037s
[server] round  89/100 | actifs= 4 | acc=0.891 prec=0.700 recall=0.272 F1=0.392 loss=0.3242 | eps=45.269 | duree=0.072s
[server] round  90/100 | actifs= 4 | acc=0.890 prec=0.683 recall=0.272 F1=0.389 loss=0.3247 | eps=45.523 | duree=0.078s
[server] round  91/100 | actifs= 4 | acc=0.891 prec=0.690 recall=0.282 F1=0.400 loss=0.3244 | eps=45.775 | duree=0.066s
[server] round  92/100 | actifs= 4 | acc=0.891 prec=0.690 recall=0.282 F1=0.400 loss=0.3245 | eps=46.026 | duree=0.039s
[server] round  93/100 | actifs= 4 | acc=0.890 prec=0.683 recall=0.272 F1=0.389 loss=0.3258 | eps=46.275 | duree=0.06s
[server] round  94/100 | actifs= 4 | acc=0.890 prec=0.683 recall=0.272 F1=0.389 loss=0.3268 | eps=46.523 | duree=0.036s
[server] round  95/100 | actifs= 4 | acc=0.890 prec=0.683 recall=0.272 F1=0.389 loss=0.3268 | eps=46.770 | duree=0.06s
[server] round  96/100 | actifs= 4 | acc=0.890 prec=0.683 recall=0.272 F1=0.389 loss=0.3281 | eps=47.016 | duree=0.059s
[server] round  97/100 | actifs= 4 | acc=0.891 prec=0.690 recall=0.282 F1=0.400 loss=0.3286 | eps=47.260 | duree=0.062s
[server] round  98/100 | actifs= 4 | acc=0.890 prec=0.683 recall=0.272 F1=0.389 loss=0.3293 | eps=47.503 | duree=0.062s
[server] round  99/100 | actifs= 4 | acc=0.890 prec=0.674 recall=0.282 F1=0.397 loss=0.3295 | eps=47.745 | duree=0.067s
[server] round 100/100 | actifs= 4 | acc=0.890 prec=0.674 recall=0.282 F1=0.397 loss=0.3297 | eps=47.985 | duree=0.044s
[server] modele global final sauvegarde dans results_F\global_model_final.npz
[server] historique des metriques sauvegarde dans results_F\metrics_history.csv
[server] entrainement federe termine.
