[client 3] parts de Shamir detenues pour les clients : [1, 2, 4, 5]
[client 3] jeu de donnees local charge : 58 exemples.
[client 3] connecte au serveur (TLS), HELLO envoye.
[client 3] configuration recue. poids FedAvg = 0.0181
[client 3] round 1 : mise a jour locale envoyee (entrainement+masquage en 0.00s).
[client 3] round 2 : mise a jour locale envoyee (entrainement+masquage en 0.00s).
[client 3] round 3 : mise a jour locale envoyee (entrainement+masquage en 0.00s).
[client 3] round 4 : mise a jour locale envoyee (entrainement+masquage en 0.00s).
[client 3] round 5 : mise a jour locale envoyee (entrainement+masquage en 0.00s).
[client 3] round 6 : mise a jour locale envoyee (entrainement+masquage en 0.00s).
[client 3] round 7 : mise a jour locale envoyee (entrainement+masquage en 0.01s).
[client 3] round 8 : mise a jour locale envoyee (entrainement+masquage en 0.01s).
[client 3] round 9 : mise a jour locale envoyee (entrainement+masquage en 0.01s).
[client 3] round 10 : mise a jour locale envoyee (entrainement+masquage en 0.00s).
[client 3] round 11 : mise a jour locale envoyee (entrainement+masquage en 0.00s).
[client 3] round 12 : mise a jour locale envoyee (entrainement+masquage en 0.00s).
[client 3] round 13 : mise a jour locale envoyee (entrainement+masquage en 0.01s).
[client 3] round 14 : mise a jour locale envoyee (entrainement+masquage en 0.01s).
[client 3] round 15 : mise a jour locale envoyee (entrainement+masquage en 0.00s).
[client 3] round 16 : mise a jour locale envoyee (entrainement+masquage en 0.00s).
[client 3] round 17 : mise a jour locale envoyee (entrainement+masquage en 0.01s).
[client 3] round 18 : mise a jour locale envoyee (entrainement+masquage en 0.00s).
[client 3] round 19 : mise a jour locale envoyee (entrainement+masquage en 0.01s).
[client 3] round 20 : mise a jour locale envoyee (entrainement+masquage en 0.01s).
[client 3] round 21 : mise a jour locale envoyee (entrainement+masquage en 0.00s).
[client 3] round 22 : mise a jour locale envoyee (entrainement+masquage en 0.01s).
[client 3] round 23 : mise a jour locale envoyee (entrainement+masquage en 0.00s).
[client 3] round 24 : mise a jour locale envoyee (entrainement+masquage en 0.00s).
[client 3] round 25 : mise a jour locale envoyee (entrainement+masquage en 0.01s).
[client 3] round 26 : mise a jour locale envoyee (entrainement+masquage en 0.00s).
[client 3] round 27 : mise a jour locale envoyee (entrainement+masquage en 0.00s).
[client 3] round 28 : mise a jour locale envoyee (entrainement+masquage en 0.01s).
[client 3] round 29 : mise a jour locale envoyee (entrainement+masquage en 0.01s).
[client 3] round 30 : mise a jour locale envoyee (entrainement+masquage en 0.00s).
[client 3] round 31 : mise a jour locale envoyee (entrainement+masquage en 0.00s).
[client 3] round 32 : mise a jour locale envoyee (entrainement+masquage en 0.00s).
[client 3] round 33 : mise a jour locale envoyee (entrainement+masquage en 0.01s).
[client 3] round 34 : mise a jour locale envoyee (entrainement+masquage en 0.01s).
[client 3] round 35 : mise a jour locale envoyee (entrainement+masquage en 0.00s).
[client 3] round 36 : mise a jour locale envoyee (entrainement+masquage en 0.01s).
[client 3] round 37 : mise a jour locale envoyee (entrainement+masquage en 0.01s).
[client 3] round 38 : mise a jour locale envoyee (entrainement+masquage en 0.01s).
[client 3] round 39 : mise a jour locale envoyee (entrainement+masquage en 0.01s).
[client 3] round 40 : mise a jour locale envoyee (entrainement+masquage en 0.01s).
[client 3] round 41 : mise a jour locale envoyee (entrainement+masquage en 0.01s).
[client 3] round 42 : mise a jour locale envoyee (entrainement+masquage en 0.00s).
[client 3] round 43 : mise a jour locale envoyee (entrainement+masquage en 0.00s).
[client 3] round 44 : mise a jour locale envoyee (entrainement+masquage en 0.00s).
[client 3] round 45 : mise a jour locale envoyee (entrainement+masquage en 0.01s).
[client 3] round 46 : mise a jour locale envoyee (entrainement+masquage en 0.00s).
[client 3] round 47 : mise a jour locale envoyee (entrainement+masquage en 0.01s).
[client 3] round 48 : mise a jour locale envoyee (entrainement+masquage en 0.00s).
[client 3] round 49 : mise a jour locale envoyee (entrainement+masquage en 0.01s).
[client 3] round 50 : mise a jour locale envoyee (entrainement+masquage en 0.00s).
[client 3] round 51 : mise a jour locale envoyee (entrainement+masquage en 0.00s).
[client 3] round 52 : mise a jour locale envoyee (entrainement+masquage en 0.01s).
[client 3] round 53 : mise a jour locale envoyee (entrainement+masquage en 0.01s).
[client 3] round 54 : mise a jour locale envoyee (entrainement+masquage en 0.01s).
[client 3] round 55 : mise a jour locale envoyee (entrainement+masquage en 0.00s).
[client 3] round 56 : mise a jour locale envoyee (entrainement+masquage en 0.00s).
[client 3] round 57 : mise a jour locale envoyee (entrainement+masquage en 0.01s).
[client 3] round 58 : mise a jour locale envoyee (entrainement+masquage en 0.00s).
[client 3] round 59 : mise a jour locale envoyee (entrainement+masquage en 0.00s).
[client 3] round 60 : mise a jour locale envoyee (entrainement+masquage en 0.01s).
[client 3] round 61 : mise a jour locale envoyee (entrainement+masquage en 0.01s).
[client 3] round 62 : mise a jour locale envoyee (entrainement+masquage en 0.01s).
[client 3] round 63 : mise a jour locale envoyee (entrainement+masquage en 0.01s).
[client 3] round 64 : mise a jour locale envoyee (entrainement+masquage en 0.01s).
[client 3] round 65 : mise a jour locale envoyee (entrainement+masquage en 0.01s).
[client 3] round 66 : mise a jour locale envoyee (entrainement+masquage en 0.00s).
[client 3] round 67 : mise a jour locale envoyee (entrainement+masquage en 0.01s).
[client 3] round 68 : mise a jour locale envoyee (entrainement+masquage en 0.00s).
[client 3] round 69 : mise a jour locale envoyee (entrainement+masquage en 0.00s).
[client 3] round 70 : mise a jour locale envoyee (entrainement+masquage en 0.00s).
[client 3] round 71 : mise a jour locale envoyee (entrainement+masquage en 0.00s).
[client 3] round 72 : mise a jour locale envoyee (entrainement+masquage en 0.01s).
[client 3] round 73 : mise a jour locale envoyee (entrainement+masquage en 0.00s).
[client 3] round 74 : mise a jour locale envoyee (entrainement+masquage en 0.00s).
[client 3] round 75 : mise a jour locale envoyee (entrainement+masquage en 0.00s).
[client 3] round 76 : mise a jour locale envoyee (entrainement+masquage en 0.01s).
[client 3] round 77 : mise a jour locale envoyee (entrainement+masquage en 0.01s).
[client 3] round 78 : mise a jour locale envoyee (entrainement+masquage en 0.00s).
[client 3] round 79 : mise a jour locale envoyee (entrainement+masquage en 0.00s).
[client 3] round 80 : mise a jour locale envoyee (entrainement+masquage en 0.00s).
[client 3] round 81 : mise a jour locale envoyee (entrainement+masquage en 0.00s).
[client 3] round 82 : mise a jour locale envoyee (entrainement+masquage en 0.01s).
[client 3] round 83 : mise a jour locale envoyee (entrainement+masquage en 0.01s).
[client 3] round 84 : mise a jour locale envoyee (entrainement+masquage en 0.01s).
[client 3] round 85 : mise a jour locale envoyee (entrainement+masquage en 0.01s).
[client 3] round 86 : mise a jour locale envoyee (entrainement+masquage en 0.01s).
[client 3] round 87 : mise a jour locale envoyee (entrainement+masquage en 0.01s).
[client 3] round 88 : mise a jour locale envoyee (entrainement+masquage en 0.01s).
[client 3] round 89 : mise a jour locale envoyee (entrainement+masquage en 0.01s).
[client 3] round 90 : mise a jour locale envoyee (entrainement+masquage en 0.00s).
[client 3] round 91 : mise a jour locale envoyee (entrainement+masquage en 0.00s).
[client 3] round 92 : mise a jour locale envoyee (entrainement+masquage en 0.00s).
[client 3] round 93 : mise a jour locale envoyee (entrainement+masquage en 0.01s).
[client 3] round 94 : mise a jour locale envoyee (entrainement+masquage en 0.01s).
[client 3] round 95 : mise a jour locale envoyee (entrainement+masquage en 0.00s).
[client 3] round 96 : mise a jour locale envoyee (entrainement+masquage en 0.01s).
[client 3] round 97 : mise a jour locale envoyee (entrainement+masquage en 0.00s).
[client 3] round 98 : mise a jour locale envoyee (entrainement+masquage en 0.01s).
[client 3] round 99 : mise a jour locale envoyee (entrainement+masquage en 0.00s).
[client 3] round 100 : mise a jour locale envoyee (entrainement+masquage en 0.00s).
[client 3] entrainement federe termine (message DONE recu).
