[server] en ecoute sur 127.0.0.1:8768 (TLS), attente de 5 clients...
[server] client 1 connecte (n_k=1589 exemples locaux).
[server] client 2 connecte (n_k=1255 exemples locaux).
[server] client 3 connecte (n_k=58 exemples locaux).
[server] client 4 connecte (n_k=265 exemples locaux).
[server] client 5 connecte (n_k=33 exemples locaux).
[server] phase de configuration terminee. n_total=3200, poids={'1': 0.4965625, '2': 0.3921875, '3': 0.018125, '4': 0.0828125, '5': 0.0103125}
[server] round   1/100 | actifs= 5 | acc=0.873 prec=1.000 recall=0.010 F1=0.019 loss=0.5562 | eps=4.799 | duree=0.098s
[server] round   2/100 | actifs= 5 | acc=0.871 prec=0.000 recall=0.000 F1=0.000 loss=0.4663 | eps=6.786 | duree=0.074s
[server] round   3/100 | actifs= 5 | acc=0.871 prec=0.000 recall=0.000 F1=0.000 loss=0.4089 | eps=8.311 | duree=0.067s
[server] round   4/100 | actifs= 5 | acc=0.871 prec=0.000 recall=0.000 F1=0.000 loss=0.3730 | eps=9.597 | duree=0.071s
[server] round   5/100 | actifs= 5 | acc=0.871 prec=0.000 recall=0.000 F1=0.000 loss=0.3521 | eps=10.730 | duree=0.076s
[server] round   6/100 | actifs= 5 | acc=0.871 prec=0.000 recall=0.000 F1=0.000 loss=0.3405 | eps=11.754 | duree=0.078s
[server] round   7/100 | actifs= 5 | acc=0.871 prec=0.000 recall=0.000 F1=0.000 loss=0.3350 | eps=12.696 | duree=0.07s
[server] round   8/100 | actifs= 5 | acc=0.871 prec=0.000 recall=0.000 F1=0.000 loss=0.3334 | eps=13.572 | duree=0.085s
[server] round   9/100 | actifs= 5 | acc=0.871 prec=0.000 recall=0.000 F1=0.000 loss=0.3344 | eps=14.396 | duree=0.109s
[server] round  10/100 | actifs= 5 | acc=0.871 prec=0.000 recall=0.000 F1=0.000 loss=0.3365 | eps=15.174 | duree=0.065s
[server] round  11/100 | actifs= 5 | acc=0.871 prec=0.000 recall=0.000 F1=0.000 loss=0.3388 | eps=15.915 | duree=0.066s
[server] round  12/100 | actifs= 5 | acc=0.871 prec=0.000 recall=0.000 F1=0.000 loss=0.3422 | eps=16.623 | duree=0.054s
[server] round  13/100 | actifs= 5 | acc=0.871 prec=0.000 recall=0.000 F1=0.000 loss=0.3456 | eps=17.301 | duree=0.078s
[server] round  14/100 | actifs= 5 | acc=0.871 prec=0.000 recall=0.000 F1=0.000 loss=0.3482 | eps=17.954 | duree=0.086s
[server] round  15/100 | actifs= 5 | acc=0.871 prec=0.000 recall=0.000 F1=0.000 loss=0.3502 | eps=18.585 | duree=0.077s
[server] round  16/100 | actifs= 5 | acc=0.871 prec=0.000 recall=0.000 F1=0.000 loss=0.3516 | eps=19.194 | duree=0.068s
[server] round  17/100 | actifs= 5 | acc=0.871 prec=0.000 recall=0.000 F1=0.000 loss=0.3544 | eps=19.785 | duree=0.109s
[server] round  18/100 | actifs= 5 | acc=0.871 prec=0.000 recall=0.000 F1=0.000 loss=0.3559 | eps=20.358 | duree=0.076s
[server] round  19/100 | actifs= 5 | acc=0.871 prec=0.000 recall=0.000 F1=0.000 loss=0.3575 | eps=20.916 | duree=0.081s
[server] round  20/100 | actifs= 5 | acc=0.871 prec=0.000 recall=0.000 F1=0.000 loss=0.3593 | eps=21.460 | duree=0.064s
[server] round  21/100 | actifs= 5 | acc=0.871 prec=0.000 recall=0.000 F1=0.000 loss=0.3606 | eps=21.990 | duree=0.059s
[server] round  22/100 | actifs= 5 | acc=0.871 prec=0.000 recall=0.000 F1=0.000 loss=0.3612 | eps=22.507 | duree=0.076s
[server] round  23/100 | actifs= 5 | acc=0.871 prec=0.000 recall=0.000 F1=0.000 loss=0.3621 | eps=23.013 | duree=0.064s
[server] round  24/100 | actifs= 5 | acc=0.871 prec=0.000 recall=0.000 F1=0.000 loss=0.3634 | eps=23.508 | duree=0.051s
[server] round  25/100 | actifs= 5 | acc=0.871 prec=0.000 recall=0.000 F1=0.000 loss=0.3634 | eps=23.993 | duree=0.093s
[server] round  26/100 | actifs= 5 | acc=0.871 prec=0.000 recall=0.000 F1=0.000 loss=0.3638 | eps=24.468 | duree=0.058s
[server] round  27/100 | actifs= 5 | acc=0.871 prec=0.000 recall=0.000 F1=0.000 loss=0.3636 | eps=24.934 | duree=0.035s
[server] round  28/100 | actifs= 5 | acc=0.871 prec=0.000 recall=0.000 F1=0.000 loss=0.3641 | eps=25.391 | duree=0.065s
[server] round  29/100 | actifs= 5 | acc=0.871 prec=0.000 recall=0.000 F1=0.000 loss=0.3643 | eps=25.841 | duree=0.065s
[server] round  30/100 | actifs= 5 | acc=0.871 prec=0.000 recall=0.000 F1=0.000 loss=0.3643 | eps=26.283 | duree=0.064s
[server] round  31/100 | actifs= 5 | acc=0.871 prec=0.000 recall=0.000 F1=0.000 loss=0.3638 | eps=26.717 | duree=0.054s
[server] round  32/100 | actifs= 5 | acc=0.871 prec=0.000 recall=0.000 F1=0.000 loss=0.3639 | eps=27.145 | duree=0.047s
[server] round  33/100 | actifs= 5 | acc=0.871 prec=0.000 recall=0.000 F1=0.000 loss=0.3633 | eps=27.565 | duree=0.064s
[server] round  34/100 | actifs= 5 | acc=0.871 prec=0.000 recall=0.000 F1=0.000 loss=0.3633 | eps=27.980 | duree=0.116s
[server] round  35/100 | actifs= 5 | acc=0.871 prec=0.000 recall=0.000 F1=0.000 loss=0.3626 | eps=28.388 | duree=0.08s
[server] round  36/100 | actifs= 5 | acc=0.871 prec=0.000 recall=0.000 F1=0.000 loss=0.3626 | eps=28.791 | duree=0.062s
[server] round  37/100 | actifs= 5 | acc=0.871 prec=0.000 recall=0.000 F1=0.000 loss=0.3627 | eps=29.188 | duree=0.065s
[server] round  38/100 | actifs= 5 | acc=0.871 prec=0.000 recall=0.000 F1=0.000 loss=0.3624 | eps=29.580 | duree=0.063s
[server] round  39/100 | actifs= 5 | acc=0.871 prec=0.000 recall=0.000 F1=0.000 loss=0.3616 | eps=29.967 | duree=0.058s
[server] round  40/100 | actifs= 5 | acc=0.871 prec=0.000 recall=0.000 F1=0.000 loss=0.3616 | eps=30.349 | duree=0.066s
[server] round  41/100 | actifs= 5 | acc=0.871 prec=0.000 recall=0.000 F1=0.000 loss=0.3615 | eps=30.726 | duree=0.059s
[server] round  42/100 | actifs= 5 | acc=0.871 prec=0.000 recall=0.000 F1=0.000 loss=0.3611 | eps=31.098 | duree=0.061s
[server] round  43/100 | actifs= 5 | acc=0.871 prec=0.000 recall=0.000 F1=0.000 loss=0.3603 | eps=31.466 | duree=0.049s
[server] round  44/100 | actifs= 5 | acc=0.871 prec=0.000 recall=0.000 F1=0.000 loss=0.3598 | eps=31.830 | duree=0.065s
[server] round  45/100 | actifs= 5 | acc=0.871 prec=0.000 recall=0.000 F1=0.000 loss=0.3597 | eps=32.189 | duree=0.058s
[server] round  46/100 | actifs= 5 | acc=0.871 prec=0.000 recall=0.000 F1=0.000 loss=0.3596 | eps=32.545 | duree=0.043s
[server] round  47/100 | actifs= 5 | acc=0.871 prec=0.000 recall=0.000 F1=0.000 loss=0.3594 | eps=32.897 | duree=0.059s
[server] round  48/100 | actifs= 5 | acc=0.871 prec=0.000 recall=0.000 F1=0.000 loss=0.3589 | eps=33.245 | duree=0.043s
[server] round  49/100 | actifs= 5 | acc=0.871 prec=0.000 recall=0.000 F1=0.000 loss=0.3591 | eps=33.590 | duree=0.065s
[server] round  50/100 | actifs= 5 | acc=0.871 prec=0.000 recall=0.000 F1=0.000 loss=0.3591 | eps=33.931 | duree=0.052s
[server] round  51/100 | actifs= 5 | acc=0.871 prec=0.000 recall=0.000 F1=0.000 loss=0.3588 | eps=34.268 | duree=0.042s
[server] round  52/100 | actifs= 5 | acc=0.871 prec=0.000 recall=0.000 F1=0.000 loss=0.3580 | eps=34.603 | duree=0.058s
[server] round  53/100 | actifs= 5 | acc=0.871 prec=0.000 recall=0.000 F1=0.000 loss=0.3572 | eps=34.934 | duree=0.069s
[server] round  54/100 | actifs= 5 | acc=0.871 prec=0.000 recall=0.000 F1=0.000 loss=0.3569 | eps=35.262 | duree=0.064s
[server] round  55/100 | actifs= 5 | acc=0.871 prec=0.000 recall=0.000 F1=0.000 loss=0.3570 | eps=35.587 | duree=0.062s
[server] round  56/100 | actifs= 5 | acc=0.873 prec=1.000 recall=0.010 F1=0.019 loss=0.3563 | eps=35.909 | duree=0.056s
[server] round  57/100 | actifs= 5 | acc=0.873 prec=1.000 recall=0.010 F1=0.019 loss=0.3560 | eps=36.228 | duree=0.076s
[server] round  58/100 | actifs= 5 | acc=0.873 prec=1.000 recall=0.010 F1=0.019 loss=0.3554 | eps=36.544 | duree=0.067s
[server] round  59/100 | actifs= 5 | acc=0.873 prec=1.000 recall=0.010 F1=0.019 loss=0.3550 | eps=36.858 | duree=0.037s
[server] round  60/100 | actifs= 5 | acc=0.873 prec=1.000 recall=0.010 F1=0.019 loss=0.3553 | eps=37.169 | duree=0.059s
[server] round  61/100 | actifs= 5 | acc=0.873 prec=1.000 recall=0.010 F1=0.019 loss=0.3549 | eps=37.478 | duree=0.062s
[server] round  62/100 | actifs= 5 | acc=0.873 prec=1.000 recall=0.010 F1=0.019 loss=0.3541 | eps=37.784 | duree=0.064s
[server] round  63/100 | actifs= 5 | acc=0.873 prec=1.000 recall=0.010 F1=0.019 loss=0.3539 | eps=38.087 | duree=0.059s
[server] round  64/100 | actifs= 5 | acc=0.873 prec=1.000 recall=0.010 F1=0.019 loss=0.3538 | eps=38.388 | duree=0.079s
[server] round  65/100 | actifs= 5 | acc=0.873 prec=1.000 recall=0.010 F1=0.019 loss=0.3537 | eps=38.687 | duree=0.063s
[server] round  66/100 | actifs= 5 | acc=0.873 prec=1.000 recall=0.010 F1=0.019 loss=0.3524 | eps=38.983 | duree=0.044s
[server] round  67/100 | actifs= 5 | acc=0.873 prec=1.000 recall=0.010 F1=0.019 loss=0.3522 | eps=39.278 | duree=0.059s
[server] round  68/100 | actifs= 5 | acc=0.873 prec=1.000 recall=0.010 F1=0.019 loss=0.3526 | eps=39.570 | duree=0.067s
[server] round  69/100 | actifs= 5 | acc=0.873 prec=1.000 recall=0.010 F1=0.019 loss=0.3523 | eps=39.860 | duree=0.067s
[server] round  70/100 | actifs= 5 | acc=0.873 prec=1.000 recall=0.010 F1=0.019 loss=0.3525 | eps=40.147 | duree=0.065s
[server] round  71/100 | actifs= 5 | acc=0.873 prec=1.000 recall=0.010 F1=0.019 loss=0.3523 | eps=40.433 | duree=0.065s
[server] round  72/100 | actifs= 5 | acc=0.873 prec=1.000 recall=0.010 F1=0.019 loss=0.3521 | eps=40.717 | duree=0.063s
[server] round  73/100 | actifs= 5 | acc=0.873 prec=1.000 recall=0.010 F1=0.019 loss=0.3520 | eps=40.999 | duree=0.063s
[server] round  74/100 | actifs= 5 | acc=0.873 prec=1.000 recall=0.010 F1=0.019 loss=0.3518 | eps=41.278 | duree=0.059s
[server] round  75/100 | actifs= 5 | acc=0.873 prec=1.000 recall=0.010 F1=0.019 loss=0.3519 | eps=41.556 | duree=0.041s
[server] round  76/100 | actifs= 5 | acc=0.873 prec=1.000 recall=0.010 F1=0.019 loss=0.3520 | eps=41.833 | duree=0.058s
[server] round  77/100 | actifs= 5 | acc=0.873 prec=1.000 recall=0.010 F1=0.019 loss=0.3510 | eps=42.107 | duree=0.067s
[server] round  78/100 | actifs= 5 | acc=0.873 prec=1.000 recall=0.010 F1=0.019 loss=0.3508 | eps=42.379 | duree=0.063s
[server] round  79/100 | actifs= 5 | acc=0.873 prec=1.000 recall=0.010 F1=0.019 loss=0.3502 | eps=42.650 | duree=0.063s
[server] round  80/100 | actifs= 5 | acc=0.873 prec=1.000 recall=0.010 F1=0.019 loss=0.3504 | eps=42.919 | duree=0.061s
[server] round  81/100 | actifs= 5 | acc=0.873 prec=1.000 recall=0.010 F1=0.019 loss=0.3507 | eps=43.187 | duree=0.037s
[server] round  82/100 | actifs= 5 | acc=0.873 prec=1.000 recall=0.010 F1=0.019 loss=0.3502 | eps=43.453 | duree=0.058s
[server] round  83/100 | actifs= 5 | acc=0.873 prec=1.000 recall=0.010 F1=0.019 loss=0.3500 | eps=43.717 | duree=0.064s
[server] round  84/100 | actifs= 5 | acc=0.873 prec=1.000 recall=0.010 F1=0.019 loss=0.3499 | eps=43.979 | duree=0.06s
[server] round  85/100 | actifs= 5 | acc=0.873 prec=1.000 recall=0.010 F1=0.019 loss=0.3503 | eps=44.240 | duree=0.065s
[server] round  86/100 | actifs= 5 | acc=0.873 prec=1.000 recall=0.010 F1=0.019 loss=0.3503 | eps=44.500 | duree=0.064s
[server] round  87/100 | actifs= 5 | acc=0.874 prec=1.000 recall=0.019 F1=0.038 loss=0.3499 | eps=44.758 | duree=0.066s
[server] round  88/100 | actifs= 5 | acc=0.874 prec=1.000 recall=0.019 F1=0.038 loss=0.3499 | eps=45.014 | duree=0.059s
[server] round  89/100 | actifs= 5 | acc=0.874 prec=1.000 recall=0.019 F1=0.038 loss=0.3491 | eps=45.269 | duree=0.073s
[server] round  90/100 | actifs= 5 | acc=0.874 prec=1.000 recall=0.019 F1=0.038 loss=0.3487 | eps=45.523 | duree=0.066s
[server] round  91/100 | actifs= 5 | acc=0.874 prec=1.000 recall=0.019 F1=0.038 loss=0.3488 | eps=45.775 | duree=0.059s
[server] round  92/100 | actifs= 5 | acc=0.874 prec=1.000 recall=0.019 F1=0.038 loss=0.3485 | eps=46.026 | duree=0.047s
[server] round  93/100 | actifs= 5 | acc=0.874 prec=1.000 recall=0.019 F1=0.038 loss=0.3489 | eps=46.275 | duree=0.056s
[server] round  94/100 | actifs= 5 | acc=0.874 prec=1.000 recall=0.019 F1=0.038 loss=0.3490 | eps=46.523 | duree=0.06s
[server] round  95/100 | actifs= 5 | acc=0.874 prec=1.000 recall=0.019 F1=0.038 loss=0.3489 | eps=46.770 | duree=0.035s
[server] round  96/100 | actifs= 5 | acc=0.874 prec=1.000 recall=0.019 F1=0.038 loss=0.3494 | eps=47.016 | duree=0.056s
[server] round  97/100 | actifs= 5 | acc=0.874 prec=1.000 recall=0.019 F1=0.038 loss=0.3494 | eps=47.260 | duree=0.067s
[server] round  98/100 | actifs= 5 | acc=0.874 prec=1.000 recall=0.019 F1=0.038 loss=0.3493 | eps=47.503 | duree=0.076s
[server] round  99/100 | actifs= 5 | acc=0.874 prec=1.000 recall=0.019 F1=0.038 loss=0.3492 | eps=47.745 | duree=0.066s
[server] round 100/100 | actifs= 5 | acc=0.874 prec=1.000 recall=0.019 F1=0.038 loss=0.3488 | eps=47.985 | duree=0.063s
[server] modele global final sauvegarde dans results_E\global_model_final.npz
[server] historique des metriques sauvegarde dans results_E\metrics_history.csv
[server] entrainement federe termine.
