[server] en ecoute sur 127.0.0.1:8765 (TLS), attente de 5 clients...
[server] client 1 connecte (n_k=1589 exemples locaux).
[server] client 2 connecte (n_k=1255 exemples locaux).
[server] client 3 connecte (n_k=58 exemples locaux).
[server] client 4 connecte (n_k=265 exemples locaux).
[server] client 5 connecte (n_k=33 exemples locaux).
[server] phase de configuration terminee. n_total=3200, poids={'1': 0.4965625, '2': 0.3921875, '3': 0.018125, '4': 0.0828125, '5': 0.0103125}
[server] round   1/230 | actifs= 5 | acc=0.805 prec=0.307 recall=0.408 F1=0.350 loss=0.6552 | eps=7.998 | duree=0.148s
[server] round   2/230 | actifs= 5 | acc=0.866 prec=0.476 recall=0.379 F1=0.422 loss=0.6221 | eps=11.310 | duree=0.067s
[server] round   3/230 | actifs= 5 | acc=0.874 prec=0.517 recall=0.291 F1=0.373 loss=0.5907 | eps=13.852 | duree=0.081s
[server] round   4/230 | actifs= 5 | acc=0.882 prec=0.610 recall=0.243 F1=0.347 loss=0.5625 | eps=15.995 | duree=0.086s
[server] (( simulation de decrochage du client 3 au round 5 ))
[server] round   5/230 | actifs= 4 | acc=0.874 prec=1.000 recall=0.019 F1=0.038 loss=0.4333 | eps=17.883 | duree=0.086s
[server] round   6/230 | actifs= 4 | acc=0.871 prec=0.000 recall=0.000 F1=0.000 loss=0.3683 | eps=19.590 | duree=0.079s
[server] round   7/230 | actifs= 4 | acc=0.871 prec=0.000 recall=0.000 F1=0.000 loss=0.3408 | eps=21.160 | duree=0.075s
[server] round   8/230 | actifs= 4 | acc=0.871 prec=0.000 recall=0.000 F1=0.000 loss=0.3305 | eps=22.620 | duree=0.082s
[server] round   9/230 | actifs= 4 | acc=0.871 prec=0.000 recall=0.000 F1=0.000 loss=0.3290 | eps=23.993 | duree=0.083s
[server] round  10/230 | actifs= 4 | acc=0.871 prec=0.000 recall=0.000 F1=0.000 loss=0.3337 | eps=25.290 | duree=0.119s
[server] round  11/230 | actifs= 4 | acc=0.871 prec=0.000 recall=0.000 F1=0.000 loss=0.3388 | eps=26.525 | duree=0.082s
[server] round  12/230 | actifs= 4 | acc=0.871 prec=0.000 recall=0.000 F1=0.000 loss=0.3437 | eps=27.704 | duree=0.082s
[server] round  13/230 | actifs= 4 | acc=0.871 prec=0.000 recall=0.000 F1=0.000 loss=0.3473 | eps=28.836 | duree=0.102s
[server] round  14/230 | actifs= 4 | acc=0.871 prec=0.000 recall=0.000 F1=0.000 loss=0.3476 | eps=29.924 | duree=0.103s
[server] round  15/230 | actifs= 4 | acc=0.871 prec=0.000 recall=0.000 F1=0.000 loss=0.3525 | eps=30.974 | duree=0.082s
[server] round  16/230 | actifs= 4 | acc=0.871 prec=0.000 recall=0.000 F1=0.000 loss=0.3552 | eps=31.990 | duree=0.076s
[server] round  17/230 | actifs= 4 | acc=0.871 prec=0.000 recall=0.000 F1=0.000 loss=0.3587 | eps=32.975 | duree=0.103s
[server] round  18/230 | actifs= 4 | acc=0.871 prec=0.000 recall=0.000 F1=0.000 loss=0.3595 | eps=33.931 | duree=0.098s
[server] round  19/230 | actifs= 4 | acc=0.871 prec=0.000 recall=0.000 F1=0.000 loss=0.3594 | eps=34.860 | duree=0.109s
[server] round  20/230 | actifs= 4 | acc=0.871 prec=0.000 recall=0.000 F1=0.000 loss=0.3594 | eps=35.766 | duree=0.131s
[server] round  21/230 | actifs= 4 | acc=0.871 prec=0.000 recall=0.000 F1=0.000 loss=0.3603 | eps=36.649 | duree=0.093s
[server] round  22/230 | actifs= 4 | acc=0.871 prec=0.000 recall=0.000 F1=0.000 loss=0.3582 | eps=37.512 | duree=0.096s
[server] round  23/230 | actifs= 4 | acc=0.871 prec=0.000 recall=0.000 F1=0.000 loss=0.3625 | eps=38.355 | duree=0.066s
[server] round  24/230 | actifs= 4 | acc=0.871 prec=0.000 recall=0.000 F1=0.000 loss=0.3598 | eps=39.180 | duree=0.052s
[server] round  25/230 | actifs= 4 | acc=0.871 prec=0.000 recall=0.000 F1=0.000 loss=0.3567 | eps=39.988 | duree=0.064s
[server] round  26/230 | actifs= 4 | acc=0.871 prec=0.000 recall=0.000 F1=0.000 loss=0.3590 | eps=40.780 | duree=0.065s
[server] round  27/230 | actifs= 4 | acc=0.871 prec=0.000 recall=0.000 F1=0.000 loss=0.3589 | eps=41.556 | duree=0.074s
[server] round  28/230 | actifs= 4 | acc=0.871 prec=0.000 recall=0.000 F1=0.000 loss=0.3589 | eps=42.319 | duree=0.076s
[server] round  29/230 | actifs= 4 | acc=0.871 prec=0.000 recall=0.000 F1=0.000 loss=0.3594 | eps=43.068 | duree=0.118s
[server] round  30/230 | actifs= 4 | acc=0.871 prec=0.000 recall=0.000 F1=0.000 loss=0.3588 | eps=43.804 | duree=0.077s
[server] round  31/230 | actifs= 4 | acc=0.871 prec=0.000 recall=0.000 F1=0.000 loss=0.3575 | eps=44.528 | duree=0.058s
[server] round  32/230 | actifs= 4 | acc=0.871 prec=0.000 recall=0.000 F1=0.000 loss=0.3568 | eps=45.241 | duree=0.054s
[server] round  33/230 | actifs= 4 | acc=0.871 prec=0.000 recall=0.000 F1=0.000 loss=0.3551 | eps=45.942 | duree=0.061s
[server] round  34/230 | actifs= 4 | acc=0.873 prec=1.000 recall=0.010 F1=0.019 loss=0.3522 | eps=46.633 | duree=0.099s
[server] round  35/230 | actifs= 4 | acc=0.873 prec=1.000 recall=0.010 F1=0.019 loss=0.3512 | eps=47.314 | duree=0.079s
[server] round  36/230 | actifs= 4 | acc=0.873 prec=1.000 recall=0.010 F1=0.019 loss=0.3498 | eps=47.985 | duree=0.083s
[server] round  37/230 | actifs= 4 | acc=0.873 prec=1.000 recall=0.010 F1=0.019 loss=0.3476 | eps=48.647 | duree=0.055s
[server] round  38/230 | actifs= 4 | acc=0.874 prec=1.000 recall=0.019 F1=0.038 loss=0.3467 | eps=49.300 | duree=0.067s
[server] round  39/230 | actifs= 4 | acc=0.874 prec=1.000 recall=0.019 F1=0.038 loss=0.3452 | eps=49.945 | duree=0.082s
[server] round  40/230 | actifs= 4 | acc=0.874 prec=1.000 recall=0.019 F1=0.038 loss=0.3437 | eps=50.581 | duree=0.069s
[server] round  41/230 | actifs= 4 | acc=0.874 prec=1.000 recall=0.019 F1=0.038 loss=0.3425 | eps=51.209 | duree=0.042s
[server] round  42/230 | actifs= 4 | acc=0.874 prec=1.000 recall=0.019 F1=0.038 loss=0.3437 | eps=51.830 | duree=0.092s
[server] round  43/230 | actifs= 4 | acc=0.873 prec=0.667 recall=0.019 F1=0.038 loss=0.3441 | eps=52.443 | duree=0.048s
[server] round  44/230 | actifs= 4 | acc=0.873 prec=0.667 recall=0.019 F1=0.038 loss=0.3429 | eps=53.050 | duree=0.071s
[server] round  45/230 | actifs= 4 | acc=0.873 prec=0.667 recall=0.019 F1=0.038 loss=0.3398 | eps=53.649 | duree=0.071s
[server] round  46/230 | actifs= 4 | acc=0.874 prec=0.750 recall=0.029 F1=0.056 loss=0.3399 | eps=54.242 | duree=0.072s
[server] round  47/230 | actifs= 4 | acc=0.873 prec=0.667 recall=0.019 F1=0.038 loss=0.3398 | eps=54.828 | duree=0.068s
[server] round  48/230 | actifs= 4 | acc=0.873 prec=0.667 recall=0.019 F1=0.038 loss=0.3365 | eps=55.409 | duree=0.071s
[server] round  49/230 | actifs= 4 | acc=0.874 prec=0.750 recall=0.029 F1=0.056 loss=0.3344 | eps=55.983 | duree=0.069s
[server] round  50/230 | actifs= 4 | acc=0.874 prec=0.750 recall=0.029 F1=0.056 loss=0.3333 | eps=56.551 | duree=0.056s
[server] round  51/230 | actifs= 4 | acc=0.875 prec=0.800 recall=0.039 F1=0.074 loss=0.3316 | eps=57.114 | duree=0.071s
[server] round  52/230 | actifs= 4 | acc=0.875 prec=0.800 recall=0.039 F1=0.074 loss=0.3316 | eps=57.671 | duree=0.078s
[server] round  53/230 | actifs= 4 | acc=0.875 prec=0.800 recall=0.039 F1=0.074 loss=0.3316 | eps=58.223 | duree=0.069s
[server] round  54/230 | actifs= 4 | acc=0.875 prec=0.800 recall=0.039 F1=0.074 loss=0.3293 | eps=58.770 | duree=0.064s
[server] round  55/230 | actifs= 4 | acc=0.876 prec=0.833 recall=0.049 F1=0.092 loss=0.3280 | eps=59.311 | duree=0.044s
[server] round  56/230 | actifs= 4 | acc=0.875 prec=0.800 recall=0.039 F1=0.074 loss=0.3291 | eps=59.848 | duree=0.067s
[server] round  57/230 | actifs= 4 | acc=0.876 prec=0.833 recall=0.049 F1=0.092 loss=0.3284 | eps=60.380 | duree=0.061s
[server] round  58/230 | actifs= 4 | acc=0.876 prec=0.833 recall=0.049 F1=0.092 loss=0.3292 | eps=60.907 | duree=0.045s
[server] round  59/230 | actifs= 4 | acc=0.877 prec=0.857 recall=0.058 F1=0.109 loss=0.3276 | eps=61.430 | duree=0.064s
[server] round  60/230 | actifs= 4 | acc=0.877 prec=0.857 recall=0.058 F1=0.109 loss=0.3269 | eps=61.949 | duree=0.071s
[server] round  61/230 | actifs= 4 | acc=0.877 prec=0.857 recall=0.058 F1=0.109 loss=0.3282 | eps=62.463 | duree=0.07s
[server] round  62/230 | actifs= 4 | acc=0.877 prec=0.857 recall=0.058 F1=0.109 loss=0.3284 | eps=62.973 | duree=0.071s
[server] round  63/230 | actifs= 4 | acc=0.877 prec=0.857 recall=0.058 F1=0.109 loss=0.3254 | eps=63.479 | duree=0.065s
[server] round  64/230 | actifs= 4 | acc=0.879 prec=0.875 recall=0.068 F1=0.126 loss=0.3247 | eps=63.980 | duree=0.07s
[server] round  65/230 | actifs= 4 | acc=0.879 prec=0.875 recall=0.068 F1=0.126 loss=0.3240 | eps=64.478 | duree=0.072s
[server] round  66/230 | actifs= 4 | acc=0.880 prec=0.889 recall=0.078 F1=0.143 loss=0.3240 | eps=64.972 | duree=0.063s
[server] round  67/230 | actifs= 4 | acc=0.880 prec=0.889 recall=0.078 F1=0.143 loss=0.3236 | eps=65.463 | duree=0.069s
[server] round  68/230 | actifs= 4 | acc=0.879 prec=0.875 recall=0.068 F1=0.126 loss=0.3234 | eps=65.949 | duree=0.096s
[server] round  69/230 | actifs= 4 | acc=0.877 prec=0.778 recall=0.068 F1=0.125 loss=0.3236 | eps=66.433 | duree=0.089s
[server] round  70/230 | actifs= 4 | acc=0.879 prec=0.800 recall=0.078 F1=0.142 loss=0.3226 | eps=66.912 | duree=0.083s
[server] round  71/230 | actifs= 4 | acc=0.879 prec=0.800 recall=0.078 F1=0.142 loss=0.3244 | eps=67.388 | duree=0.102s
[server] round  72/230 | actifs= 4 | acc=0.877 prec=0.778 recall=0.068 F1=0.125 loss=0.3239 | eps=67.861 | duree=0.086s
[server] round  73/230 | actifs= 4 | acc=0.879 prec=0.750 recall=0.087 F1=0.157 loss=0.3239 | eps=68.331 | duree=0.089s
[server] round  74/230 | actifs= 4 | acc=0.879 prec=0.750 recall=0.087 F1=0.157 loss=0.3252 | eps=68.797 | duree=0.078s
[server] round  75/230 | actifs= 4 | acc=0.879 prec=0.750 recall=0.087 F1=0.157 loss=0.3248 | eps=69.261 | duree=0.113s
[server] round  76/230 | actifs= 4 | acc=0.879 prec=0.750 recall=0.087 F1=0.157 loss=0.3235 | eps=69.721 | duree=0.085s
[server] round  77/230 | actifs= 4 | acc=0.879 prec=0.750 recall=0.087 F1=0.157 loss=0.3250 | eps=70.178 | duree=0.087s
[server] round  78/230 | actifs= 4 | acc=0.879 prec=0.750 recall=0.087 F1=0.157 loss=0.3242 | eps=70.632 | duree=0.063s
[server] round  79/230 | actifs= 4 | acc=0.879 prec=0.750 recall=0.087 F1=0.157 loss=0.3256 | eps=71.084 | duree=0.073s
[server] round  80/230 | actifs= 4 | acc=0.880 prec=0.769 recall=0.097 F1=0.172 loss=0.3253 | eps=71.532 | duree=0.064s
[server] round  81/230 | actifs= 4 | acc=0.879 prec=0.750 recall=0.087 F1=0.157 loss=0.3256 | eps=71.978 | duree=0.074s
[server] round  82/230 | actifs= 4 | acc=0.879 prec=0.750 recall=0.087 F1=0.157 loss=0.3270 | eps=72.421 | duree=0.065s
[server] round  83/230 | actifs= 4 | acc=0.877 prec=0.692 recall=0.087 F1=0.155 loss=0.3266 | eps=72.861 | duree=0.066s
[server] round  84/230 | actifs= 4 | acc=0.879 prec=0.714 recall=0.097 F1=0.171 loss=0.3268 | eps=73.299 | duree=0.064s
[server] round  85/230 | actifs= 4 | acc=0.879 prec=0.714 recall=0.097 F1=0.171 loss=0.3254 | eps=73.734 | duree=0.051s
[server] round  86/230 | actifs= 4 | acc=0.879 prec=0.714 recall=0.097 F1=0.171 loss=0.3255 | eps=74.166 | duree=0.057s
[server] round  87/230 | actifs= 4 | acc=0.880 prec=0.733 recall=0.107 F1=0.186 loss=0.3248 | eps=74.596 | duree=0.067s
[server] round  88/230 | actifs= 4 | acc=0.879 prec=0.714 recall=0.097 F1=0.171 loss=0.3258 | eps=75.024 | duree=0.068s
[server] round  89/230 | actifs= 4 | acc=0.880 prec=0.733 recall=0.107 F1=0.186 loss=0.3247 | eps=75.449 | duree=0.072s
[server] round  90/230 | actifs= 4 | acc=0.880 prec=0.733 recall=0.107 F1=0.186 loss=0.3265 | eps=75.871 | duree=0.083s
[server] round  91/230 | actifs= 4 | acc=0.880 prec=0.733 recall=0.107 F1=0.186 loss=0.3235 | eps=76.292 | duree=0.066s
[server] round  92/230 | actifs= 4 | acc=0.880 prec=0.733 recall=0.107 F1=0.186 loss=0.3235 | eps=76.710 | duree=0.075s
[server] round  93/230 | actifs= 4 | acc=0.881 prec=0.750 recall=0.117 F1=0.202 loss=0.3223 | eps=77.126 | duree=0.067s
[server] round  94/230 | actifs= 4 | acc=0.881 prec=0.750 recall=0.117 F1=0.202 loss=0.3210 | eps=77.539 | duree=0.068s
[server] round  95/230 | actifs= 4 | acc=0.881 prec=0.750 recall=0.117 F1=0.202 loss=0.3201 | eps=77.950 | duree=0.066s
[server] round  96/230 | actifs= 4 | acc=0.881 prec=0.750 recall=0.117 F1=0.202 loss=0.3210 | eps=78.360 | duree=0.066s
[server] round  97/230 | actifs= 4 | acc=0.881 prec=0.750 recall=0.117 F1=0.202 loss=0.3191 | eps=78.767 | duree=0.081s
[server] round  98/230 | actifs= 4 | acc=0.881 prec=0.750 recall=0.117 F1=0.202 loss=0.3201 | eps=79.172 | duree=0.067s
[server] round  99/230 | actifs= 4 | acc=0.881 prec=0.750 recall=0.117 F1=0.202 loss=0.3204 | eps=79.575 | duree=0.069s
[server] round 100/230 | actifs= 4 | acc=0.881 prec=0.750 recall=0.117 F1=0.202 loss=0.3202 | eps=79.975 | duree=0.068s
[server] round 101/230 | actifs= 4 | acc=0.882 prec=0.765 recall=0.126 F1=0.217 loss=0.3222 | eps=80.374 | duree=0.073s
[server] round 102/230 | actifs= 4 | acc=0.882 prec=0.765 recall=0.126 F1=0.217 loss=0.3232 | eps=80.771 | duree=0.061s
[server] round 103/230 | actifs= 4 | acc=0.882 prec=0.765 recall=0.126 F1=0.217 loss=0.3256 | eps=81.166 | duree=0.071s
[server] round 104/230 | actifs= 4 | acc=0.880 prec=0.733 recall=0.107 F1=0.186 loss=0.3271 | eps=81.559 | duree=0.038s
[server] round 105/230 | actifs= 4 | acc=0.880 prec=0.733 recall=0.107 F1=0.186 loss=0.3271 | eps=81.950 | duree=0.066s
[server] round 106/230 | actifs= 4 | acc=0.880 prec=0.733 recall=0.107 F1=0.186 loss=0.3276 | eps=82.340 | duree=0.074s
[server] round 107/230 | actifs= 4 | acc=0.880 prec=0.733 recall=0.107 F1=0.186 loss=0.3288 | eps=82.727 | duree=0.065s
[server] round 108/230 | actifs= 4 | acc=0.880 prec=0.733 recall=0.107 F1=0.186 loss=0.3294 | eps=83.113 | duree=0.068s
[server] round 109/230 | actifs= 4 | acc=0.879 prec=0.714 recall=0.097 F1=0.171 loss=0.3316 | eps=83.497 | duree=0.071s
[server] round 110/230 | actifs= 4 | acc=0.880 prec=0.733 recall=0.107 F1=0.186 loss=0.3308 | eps=83.879 | duree=0.048s
[server] round 111/230 | actifs= 4 | acc=0.880 prec=0.733 recall=0.107 F1=0.186 loss=0.3300 | eps=84.259 | duree=0.065s
[server] round 112/230 | actifs= 4 | acc=0.880 prec=0.733 recall=0.107 F1=0.186 loss=0.3300 | eps=84.638 | duree=0.073s
[server] round 113/230 | actifs= 4 | acc=0.880 prec=0.733 recall=0.107 F1=0.186 loss=0.3290 | eps=85.015 | duree=0.084s
[server] round 114/230 | actifs= 4 | acc=0.880 prec=0.733 recall=0.107 F1=0.186 loss=0.3289 | eps=85.390 | duree=0.074s
[server] round 115/230 | actifs= 4 | acc=0.879 prec=0.688 recall=0.107 F1=0.185 loss=0.3279 | eps=85.764 | duree=0.106s
[server] round 116/230 | actifs= 4 | acc=0.880 prec=0.706 recall=0.117 F1=0.200 loss=0.3291 | eps=86.136 | duree=0.084s
[server] round 117/230 | actifs= 4 | acc=0.880 prec=0.733 recall=0.107 F1=0.186 loss=0.3311 | eps=86.507 | duree=0.076s
[server] round 118/230 | actifs= 4 | acc=0.879 prec=0.688 recall=0.107 F1=0.185 loss=0.3301 | eps=86.876 | duree=0.065s
[server] round 119/230 | actifs= 4 | acc=0.881 prec=0.722 recall=0.126 F1=0.215 loss=0.3288 | eps=87.243 | duree=0.049s
[server] round 120/230 | actifs= 4 | acc=0.884 prec=0.778 recall=0.136 F1=0.231 loss=0.3286 | eps=87.609 | duree=0.071s
[server] round 121/230 | actifs= 4 | acc=0.881 prec=0.750 recall=0.117 F1=0.202 loss=0.3302 | eps=87.973 | duree=0.079s
[server] round 122/230 | actifs= 4 | acc=0.881 prec=0.750 recall=0.117 F1=0.202 loss=0.3285 | eps=88.336 | duree=0.102s
[server] round 123/230 | actifs= 4 | acc=0.881 prec=0.750 recall=0.117 F1=0.202 loss=0.3298 | eps=88.697 | duree=0.084s
[server] round 124/230 | actifs= 4 | acc=0.881 prec=0.750 recall=0.117 F1=0.202 loss=0.3313 | eps=89.057 | duree=0.072s
[server] round 125/230 | actifs= 4 | acc=0.880 prec=0.706 recall=0.117 F1=0.200 loss=0.3309 | eps=89.415 | duree=0.067s
[server] round 126/230 | actifs= 4 | acc=0.880 prec=0.706 recall=0.117 F1=0.200 loss=0.3312 | eps=89.772 | duree=0.066s
[server] round 127/230 | actifs= 4 | acc=0.881 prec=0.700 recall=0.136 F1=0.228 loss=0.3318 | eps=90.128 | duree=0.074s
[server] round 128/230 | actifs= 4 | acc=0.880 prec=0.684 recall=0.126 F1=0.213 loss=0.3319 | eps=90.482 | duree=0.076s
[server] round 129/230 | actifs= 4 | acc=0.880 prec=0.667 recall=0.136 F1=0.226 loss=0.3329 | eps=90.835 | duree=0.046s
[server] round 130/230 | actifs= 4 | acc=0.881 prec=0.682 recall=0.146 F1=0.240 loss=0.3322 | eps=91.186 | duree=0.057s
[server] round 131/230 | actifs= 4 | acc=0.880 prec=0.667 recall=0.136 F1=0.226 loss=0.3316 | eps=91.536 | duree=0.068s
[server] round 132/230 | actifs= 4 | acc=0.881 prec=0.682 recall=0.146 F1=0.240 loss=0.3297 | eps=91.885 | duree=0.066s
[server] round 133/230 | actifs= 4 | acc=0.881 prec=0.682 recall=0.146 F1=0.240 loss=0.3300 | eps=92.232 | duree=0.064s
[server] round 134/230 | actifs= 4 | acc=0.881 prec=0.700 recall=0.136 F1=0.228 loss=0.3309 | eps=92.578 | duree=0.065s
[server] round 135/230 | actifs= 4 | acc=0.881 prec=0.682 recall=0.146 F1=0.240 loss=0.3316 | eps=92.923 | duree=0.065s
[server] round 136/230 | actifs= 4 | acc=0.881 prec=0.682 recall=0.146 F1=0.240 loss=0.3317 | eps=93.267 | duree=0.071s
[server] round 137/230 | actifs= 4 | acc=0.882 prec=0.696 recall=0.155 F1=0.254 loss=0.3334 | eps=93.609 | duree=0.075s
[server] round 138/230 | actifs= 4 | acc=0.881 prec=0.682 recall=0.146 F1=0.240 loss=0.3354 | eps=93.950 | duree=0.081s
[server] round 139/230 | actifs= 4 | acc=0.881 prec=0.700 recall=0.136 F1=0.228 loss=0.3357 | eps=94.290 | duree=0.067s
[server] round 140/230 | actifs= 4 | acc=0.884 prec=0.727 recall=0.155 F1=0.256 loss=0.3341 | eps=94.628 | duree=0.107s
[server] round 141/230 | actifs= 4 | acc=0.884 prec=0.727 recall=0.155 F1=0.256 loss=0.3352 | eps=94.966 | duree=0.085s
[server] round 142/230 | actifs= 4 | acc=0.884 prec=0.727 recall=0.155 F1=0.256 loss=0.3367 | eps=95.302 | duree=0.07s
[server] round 143/230 | actifs= 4 | acc=0.881 prec=0.682 recall=0.146 F1=0.240 loss=0.3376 | eps=95.637 | duree=0.099s
[server] round 144/230 | actifs= 4 | acc=0.882 prec=0.714 recall=0.146 F1=0.242 loss=0.3382 | eps=95.971 | duree=0.086s
[server] round 145/230 | actifs= 4 | acc=0.880 prec=0.667 recall=0.136 F1=0.226 loss=0.3388 | eps=96.303 | duree=0.093s
[server] round 146/230 | actifs= 4 | acc=0.881 prec=0.682 recall=0.146 F1=0.240 loss=0.3378 | eps=96.635 | duree=0.095s
[server] round 147/230 | actifs= 4 | acc=0.882 prec=0.696 recall=0.155 F1=0.254 loss=0.3363 | eps=96.965 | duree=0.087s
[server] round 148/230 | actifs= 4 | acc=0.882 prec=0.696 recall=0.155 F1=0.254 loss=0.3350 | eps=97.294 | duree=0.1s
[server] round 149/230 | actifs= 4 | acc=0.882 prec=0.696 recall=0.155 F1=0.254 loss=0.3333 | eps=97.622 | duree=0.072s
[server] round 150/230 | actifs= 4 | acc=0.882 prec=0.696 recall=0.155 F1=0.254 loss=0.3333 | eps=97.950 | duree=0.08s
[server] round 151/230 | actifs= 4 | acc=0.882 prec=0.696 recall=0.155 F1=0.254 loss=0.3333 | eps=98.275 | duree=0.073s
[server] round 152/230 | actifs= 4 | acc=0.882 prec=0.696 recall=0.155 F1=0.254 loss=0.3324 | eps=98.600 | duree=0.051s
[server] round 153/230 | actifs= 4 | acc=0.882 prec=0.696 recall=0.155 F1=0.254 loss=0.3323 | eps=98.924 | duree=0.069s
[server] round 154/230 | actifs= 4 | acc=0.882 prec=0.696 recall=0.155 F1=0.254 loss=0.3320 | eps=99.247 | duree=0.067s
[server] round 155/230 | actifs= 4 | acc=0.882 prec=0.696 recall=0.155 F1=0.254 loss=0.3338 | eps=99.569 | duree=0.08s
[server] round 156/230 | actifs= 4 | acc=0.882 prec=0.696 recall=0.155 F1=0.254 loss=0.3340 | eps=99.889 | duree=0.102s
[server] round 157/230 | actifs= 4 | acc=0.881 prec=0.667 recall=0.155 F1=0.252 loss=0.3344 | eps=100.209 | duree=0.051s
[server] round 158/230 | actifs= 4 | acc=0.881 prec=0.667 recall=0.155 F1=0.252 loss=0.3344 | eps=100.528 | duree=0.074s
[server] round 159/230 | actifs= 4 | acc=0.881 prec=0.667 recall=0.155 F1=0.252 loss=0.3344 | eps=100.845 | duree=0.064s
[server] round 160/230 | actifs= 4 | acc=0.881 prec=0.667 recall=0.155 F1=0.252 loss=0.3344 | eps=101.162 | duree=0.068s
[server] round 161/230 | actifs= 4 | acc=0.880 prec=0.652 recall=0.146 F1=0.238 loss=0.3349 | eps=101.477 | duree=0.09s
[server] round 162/230 | actifs= 4 | acc=0.881 prec=0.667 recall=0.155 F1=0.252 loss=0.3352 | eps=101.792 | duree=0.046s
[server] round 163/230 | actifs= 4 | acc=0.881 prec=0.667 recall=0.155 F1=0.252 loss=0.3363 | eps=102.106 | duree=0.076s
[server] round 164/230 | actifs= 4 | acc=0.882 prec=0.696 recall=0.155 F1=0.254 loss=0.3353 | eps=102.419 | duree=0.071s
[server] round 165/230 | actifs= 4 | acc=0.881 prec=0.667 recall=0.155 F1=0.252 loss=0.3345 | eps=102.730 | duree=0.068s
[server] round 166/230 | actifs= 4 | acc=0.881 prec=0.667 recall=0.155 F1=0.252 loss=0.3336 | eps=103.041 | duree=0.061s
[server] round 167/230 | actifs= 4 | acc=0.881 prec=0.667 recall=0.155 F1=0.252 loss=0.3342 | eps=103.351 | duree=0.069s
[server] round 168/230 | actifs= 4 | acc=0.882 prec=0.680 recall=0.165 F1=0.266 loss=0.3328 | eps=103.660 | duree=0.056s
[server] round 169/230 | actifs= 4 | acc=0.882 prec=0.696 recall=0.155 F1=0.254 loss=0.3333 | eps=103.968 | duree=0.057s
[server] round 170/230 | actifs= 4 | acc=0.880 prec=0.640 recall=0.155 F1=0.250 loss=0.3325 | eps=104.275 | duree=0.058s
[server] round 171/230 | actifs= 4 | acc=0.881 prec=0.667 recall=0.155 F1=0.252 loss=0.3342 | eps=104.581 | duree=0.07s
[server] round 172/230 | actifs= 4 | acc=0.881 prec=0.667 recall=0.155 F1=0.252 loss=0.3337 | eps=104.887 | duree=0.068s
[server] round 173/230 | actifs= 4 | acc=0.880 prec=0.640 recall=0.155 F1=0.250 loss=0.3336 | eps=105.191 | duree=0.067s
[server] round 174/230 | actifs= 4 | acc=0.880 prec=0.640 recall=0.155 F1=0.250 loss=0.3333 | eps=105.495 | duree=0.064s
[server] round 175/230 | actifs= 4 | acc=0.880 prec=0.640 recall=0.155 F1=0.250 loss=0.3343 | eps=105.798 | duree=0.066s
[server] round 176/230 | actifs= 4 | acc=0.882 prec=0.696 recall=0.155 F1=0.254 loss=0.3349 | eps=106.099 | duree=0.07s
[server] round 177/230 | actifs= 4 | acc=0.884 prec=0.708 recall=0.165 F1=0.268 loss=0.3352 | eps=106.400 | duree=0.068s
[server] round 178/230 | actifs= 4 | acc=0.882 prec=0.696 recall=0.155 F1=0.254 loss=0.3367 | eps=106.701 | duree=0.073s
[server] round 179/230 | actifs= 4 | acc=0.884 prec=0.708 recall=0.165 F1=0.268 loss=0.3375 | eps=107.000 | duree=0.069s
[server] round 180/230 | actifs= 4 | acc=0.882 prec=0.696 recall=0.155 F1=0.254 loss=0.3390 | eps=107.298 | duree=0.069s
[server] round 181/230 | actifs= 4 | acc=0.882 prec=0.696 recall=0.155 F1=0.254 loss=0.3410 | eps=107.596 | duree=0.078s
[server] round 182/230 | actifs= 4 | acc=0.881 prec=0.682 recall=0.146 F1=0.240 loss=0.3428 | eps=107.893 | duree=0.063s
[server] round 183/230 | actifs= 4 | acc=0.881 prec=0.682 recall=0.146 F1=0.240 loss=0.3422 | eps=108.189 | duree=0.054s
[server] round 184/230 | actifs= 4 | acc=0.882 prec=0.696 recall=0.155 F1=0.254 loss=0.3408 | eps=108.484 | duree=0.086s
[server] round 185/230 | actifs= 4 | acc=0.882 prec=0.696 recall=0.155 F1=0.254 loss=0.3404 | eps=108.778 | duree=0.052s
[server] round 186/230 | actifs= 4 | acc=0.881 prec=0.667 recall=0.155 F1=0.252 loss=0.3381 | eps=109.072 | duree=0.066s
[server] round 187/230 | actifs= 4 | acc=0.882 prec=0.680 recall=0.165 F1=0.266 loss=0.3366 | eps=109.365 | duree=0.084s
[server] round 188/230 | actifs= 4 | acc=0.881 prec=0.654 recall=0.165 F1=0.264 loss=0.3358 | eps=109.657 | duree=0.06s
[server] round 189/230 | actifs= 4 | acc=0.880 prec=0.630 recall=0.165 F1=0.262 loss=0.3345 | eps=109.948 | duree=0.105s
[server] round 190/230 | actifs= 4 | acc=0.881 prec=0.654 recall=0.165 F1=0.264 loss=0.3355 | eps=110.239 | duree=0.076s
[server] round 191/230 | actifs= 4 | acc=0.882 prec=0.680 recall=0.165 F1=0.266 loss=0.3359 | eps=110.528 | duree=0.055s
[server] round 192/230 | actifs= 4 | acc=0.881 prec=0.654 recall=0.165 F1=0.264 loss=0.3361 | eps=110.817 | duree=0.063s
[server] round 193/230 | actifs= 4 | acc=0.882 prec=0.680 recall=0.165 F1=0.266 loss=0.3376 | eps=111.105 | duree=0.07s
[server] round 194/230 | actifs= 4 | acc=0.882 prec=0.680 recall=0.165 F1=0.266 loss=0.3377 | eps=111.393 | duree=0.081s
[server] round 195/230 | actifs= 4 | acc=0.881 prec=0.667 recall=0.155 F1=0.252 loss=0.3384 | eps=111.680 | duree=0.06s
[server] round 196/230 | actifs= 4 | acc=0.881 prec=0.667 recall=0.155 F1=0.252 loss=0.3373 | eps=111.966 | duree=0.064s
[server] round 197/230 | actifs= 4 | acc=0.881 prec=0.667 recall=0.155 F1=0.252 loss=0.3394 | eps=112.251 | duree=0.066s
[server] round 198/230 | actifs= 4 | acc=0.881 prec=0.667 recall=0.155 F1=0.252 loss=0.3410 | eps=112.535 | duree=0.066s
[server] round 199/230 | actifs= 4 | acc=0.881 prec=0.667 recall=0.155 F1=0.252 loss=0.3424 | eps=112.819 | duree=0.063s
[server] round 200/230 | actifs= 4 | acc=0.881 prec=0.667 recall=0.155 F1=0.252 loss=0.3417 | eps=113.102 | duree=0.071s
[server] round 201/230 | actifs= 4 | acc=0.881 prec=0.667 recall=0.155 F1=0.252 loss=0.3434 | eps=113.385 | duree=0.072s
[server] round 202/230 | actifs= 4 | acc=0.881 prec=0.667 recall=0.155 F1=0.252 loss=0.3442 | eps=113.666 | duree=0.091s
[server] round 203/230 | actifs= 4 | acc=0.881 prec=0.667 recall=0.155 F1=0.252 loss=0.3434 | eps=113.947 | duree=0.069s
[server] round 204/230 | actifs= 4 | acc=0.881 prec=0.667 recall=0.155 F1=0.252 loss=0.3441 | eps=114.228 | duree=0.066s
[server] round 205/230 | actifs= 4 | acc=0.881 prec=0.667 recall=0.155 F1=0.252 loss=0.3443 | eps=114.507 | duree=0.068s
[server] round 206/230 | actifs= 4 | acc=0.881 prec=0.667 recall=0.155 F1=0.252 loss=0.3452 | eps=114.786 | duree=0.062s
[server] round 207/230 | actifs= 4 | acc=0.882 prec=0.680 recall=0.165 F1=0.266 loss=0.3428 | eps=115.065 | duree=0.064s
[server] round 208/230 | actifs= 4 | acc=0.882 prec=0.680 recall=0.165 F1=0.266 loss=0.3432 | eps=115.342 | duree=0.068s
[server] round 209/230 | actifs= 4 | acc=0.881 prec=0.654 recall=0.165 F1=0.264 loss=0.3435 | eps=115.619 | duree=0.066s
[server] round 210/230 | actifs= 4 | acc=0.881 prec=0.654 recall=0.165 F1=0.264 loss=0.3449 | eps=115.895 | duree=0.067s
[server] round 211/230 | actifs= 4 | acc=0.882 prec=0.680 recall=0.165 F1=0.266 loss=0.3476 | eps=116.171 | duree=0.071s
[server] round 212/230 | actifs= 4 | acc=0.882 prec=0.680 recall=0.165 F1=0.266 loss=0.3484 | eps=116.446 | duree=0.071s
[server] round 213/230 | actifs= 4 | acc=0.882 prec=0.680 recall=0.165 F1=0.266 loss=0.3494 | eps=116.720 | duree=0.063s
[server] round 214/230 | actifs= 4 | acc=0.882 prec=0.680 recall=0.165 F1=0.266 loss=0.3502 | eps=116.994 | duree=0.065s
[server] round 215/230 | actifs= 4 | acc=0.881 prec=0.654 recall=0.165 F1=0.264 loss=0.3481 | eps=117.267 | duree=0.109s
[server] round 216/230 | actifs= 4 | acc=0.881 prec=0.643 recall=0.175 F1=0.275 loss=0.3476 | eps=117.539 | duree=0.169s
[server] round 217/230 | actifs= 4 | acc=0.881 prec=0.643 recall=0.175 F1=0.275 loss=0.3466 | eps=117.811 | duree=0.06s
[server] round 218/230 | actifs= 4 | acc=0.881 prec=0.643 recall=0.175 F1=0.275 loss=0.3455 | eps=118.082 | duree=0.05s
[server] round 219/230 | actifs= 4 | acc=0.882 prec=0.667 recall=0.175 F1=0.277 loss=0.3462 | eps=118.353 | duree=0.085s
[server] round 220/230 | actifs= 4 | acc=0.881 prec=0.643 recall=0.175 F1=0.275 loss=0.3454 | eps=118.623 | duree=0.101s
[server] round 221/230 | actifs= 4 | acc=0.882 prec=0.655 recall=0.184 F1=0.288 loss=0.3445 | eps=118.892 | duree=0.129s
[server] round 222/230 | actifs= 4 | acc=0.882 prec=0.655 recall=0.184 F1=0.288 loss=0.3441 | eps=119.161 | duree=0.095s
[server] round 223/230 | actifs= 4 | acc=0.884 prec=0.667 recall=0.194 F1=0.301 loss=0.3439 | eps=119.429 | duree=0.076s
[server] round 224/230 | actifs= 4 | acc=0.881 prec=0.643 recall=0.175 F1=0.275 loss=0.3464 | eps=119.696 | duree=0.056s
[server] round 225/230 | actifs= 4 | acc=0.881 prec=0.643 recall=0.175 F1=0.275 loss=0.3470 | eps=119.963 | duree=0.067s
[server] round 226/230 | actifs= 4 | acc=0.881 prec=0.643 recall=0.175 F1=0.275 loss=0.3481 | eps=120.229 | duree=0.071s
[server] round 227/230 | actifs= 4 | acc=0.882 prec=0.667 recall=0.175 F1=0.277 loss=0.3490 | eps=120.495 | duree=0.073s
[server] round 228/230 | actifs= 4 | acc=0.884 prec=0.679 recall=0.184 F1=0.290 loss=0.3493 | eps=120.760 | duree=0.069s
[server] round 229/230 | actifs= 4 | acc=0.882 prec=0.655 recall=0.184 F1=0.288 loss=0.3493 | eps=121.025 | duree=0.063s
[server] round 230/230 | actifs= 4 | acc=0.884 prec=0.679 recall=0.184 F1=0.290 loss=0.3505 | eps=121.289 | duree=0.067s
[server] modele global final sauvegarde dans results_D\global_model_final.npz
[server] historique des metriques sauvegarde dans results_D\metrics_history.csv
[server] entrainement federe termine.
