[server] en ecoute sur 127.0.0.1:8765 (TLS), attente de 5 clients...
[server] client 1 connecte (n_k=1589 exemples locaux).
[server] client 2 connecte (n_k=1255 exemples locaux).
[server] client 3 connecte (n_k=58 exemples locaux).
[server] client 4 connecte (n_k=265 exemples locaux).
[server] client 5 connecte (n_k=33 exemples locaux).
[server] phase de configuration terminee. n_total=3200, poids={'1': 0.4965625, '2': 0.3921875, '3': 0.018125, '4': 0.0828125, '5': 0.0103125}
[server] round   1/230 | actifs= 5 | acc=0.764 prec=0.331 recall=0.816 F1=0.471 loss=0.4928 | eps=4.799 | duree=0.162s
[server] round   2/230 | actifs= 5 | acc=0.804 prec=0.370 recall=0.748 F1=0.495 loss=0.4128 | eps=6.786 | duree=0.151s
[server] round   3/230 | actifs= 5 | acc=0.854 prec=0.451 recall=0.621 F1=0.522 loss=0.3415 | eps=8.311 | duree=0.139s
[server] round   4/230 | actifs= 5 | acc=0.892 prec=0.591 recall=0.534 F1=0.561 loss=0.2942 | eps=9.597 | duree=0.125s
[server] (( simulation de decrochage du client 3 au round 5 ))
[server] part de Shamir recue du client 1 pour reconstruire le client 3.
[server] part de Shamir recue du client 2 pour reconstruire le client 3.
[server] part de Shamir recue du client 4 pour reconstruire le client 3.
[server] cle privee du client 3 reconstruite avec succes (3 parts).
[server] round   5/230 | actifs= 4 | acc=0.895 prec=0.673 recall=0.359 F1=0.468 loss=0.2723 | eps=10.730 | duree=0.133s
[server] round   6/230 | actifs= 4 | acc=0.882 prec=0.667 recall=0.175 F1=0.277 loss=0.2687 | eps=11.754 | duree=0.142s
[server] round   7/230 | actifs= 4 | acc=0.881 prec=0.833 recall=0.097 F1=0.174 loss=0.2762 | eps=12.696 | duree=0.202s
[server] round   8/230 | actifs= 4 | acc=0.879 prec=0.875 recall=0.068 F1=0.126 loss=0.2856 | eps=13.572 | duree=0.196s
[server] round   9/230 | actifs= 4 | acc=0.876 prec=0.833 recall=0.049 F1=0.092 loss=0.2923 | eps=14.396 | duree=0.208s
[server] round  10/230 | actifs= 4 | acc=0.876 prec=0.833 recall=0.049 F1=0.092 loss=0.3000 | eps=15.174 | duree=0.095s
[server] round  11/230 | actifs= 4 | acc=0.876 prec=0.833 recall=0.049 F1=0.092 loss=0.3033 | eps=15.915 | duree=0.14s
[server] round  12/230 | actifs= 4 | acc=0.874 prec=0.750 recall=0.029 F1=0.056 loss=0.3079 | eps=16.623 | duree=0.158s
[server] round  13/230 | actifs= 4 | acc=0.876 prec=0.833 recall=0.049 F1=0.092 loss=0.3091 | eps=17.301 | duree=0.159s
[server] round  14/230 | actifs= 4 | acc=0.877 prec=0.857 recall=0.058 F1=0.109 loss=0.3105 | eps=17.954 | duree=0.093s
[server] round  15/230 | actifs= 4 | acc=0.877 prec=0.857 recall=0.058 F1=0.109 loss=0.3120 | eps=18.585 | duree=0.089s
[server] round  16/230 | actifs= 4 | acc=0.877 prec=0.857 recall=0.058 F1=0.109 loss=0.3115 | eps=19.194 | duree=0.096s
[server] round  17/230 | actifs= 4 | acc=0.877 prec=0.857 recall=0.058 F1=0.109 loss=0.3118 | eps=19.785 | duree=0.1s
[server] round  18/230 | actifs= 4 | acc=0.877 prec=0.857 recall=0.058 F1=0.109 loss=0.3122 | eps=20.358 | duree=0.104s
[server] round  19/230 | actifs= 4 | acc=0.880 prec=0.889 recall=0.078 F1=0.143 loss=0.3116 | eps=20.916 | duree=0.073s
[server] round  20/230 | actifs= 4 | acc=0.880 prec=0.889 recall=0.078 F1=0.143 loss=0.3113 | eps=21.460 | duree=0.073s
[server] round  21/230 | actifs= 4 | acc=0.880 prec=0.889 recall=0.078 F1=0.143 loss=0.3107 | eps=21.990 | duree=0.103s
[server] round  22/230 | actifs= 4 | acc=0.880 prec=0.889 recall=0.078 F1=0.143 loss=0.3095 | eps=22.507 | duree=0.115s
[server] round  23/230 | actifs= 4 | acc=0.881 prec=0.900 recall=0.087 F1=0.159 loss=0.3099 | eps=23.013 | duree=0.089s
[server] round  24/230 | actifs= 4 | acc=0.881 prec=0.900 recall=0.087 F1=0.159 loss=0.3103 | eps=23.508 | duree=0.068s
[server] round  25/230 | actifs= 4 | acc=0.881 prec=0.900 recall=0.087 F1=0.159 loss=0.3104 | eps=23.993 | duree=0.07s
[server] round  26/230 | actifs= 4 | acc=0.880 prec=0.818 recall=0.087 F1=0.158 loss=0.3102 | eps=24.468 | duree=0.11s
[server] round  27/230 | actifs= 4 | acc=0.880 prec=0.818 recall=0.087 F1=0.158 loss=0.3099 | eps=24.934 | duree=0.142s
[server] round  28/230 | actifs= 4 | acc=0.879 prec=0.714 recall=0.097 F1=0.171 loss=0.3093 | eps=25.391 | duree=0.171s
[server] round  29/230 | actifs= 4 | acc=0.879 prec=0.688 recall=0.107 F1=0.185 loss=0.3085 | eps=25.841 | duree=0.083s
[server] round  30/230 | actifs= 4 | acc=0.879 prec=0.688 recall=0.107 F1=0.185 loss=0.3077 | eps=26.283 | duree=0.093s
[server] round  31/230 | actifs= 4 | acc=0.879 prec=0.667 recall=0.117 F1=0.198 loss=0.3076 | eps=26.717 | duree=0.082s
[server] round  32/230 | actifs= 4 | acc=0.879 prec=0.667 recall=0.117 F1=0.198 loss=0.3075 | eps=27.145 | duree=0.094s
[server] round  33/230 | actifs= 4 | acc=0.881 prec=0.700 recall=0.136 F1=0.228 loss=0.3070 | eps=27.565 | duree=0.093s
[server] round  34/230 | actifs= 4 | acc=0.884 prec=0.727 recall=0.155 F1=0.256 loss=0.3062 | eps=27.980 | duree=0.096s
[server] round  35/230 | actifs= 4 | acc=0.884 prec=0.727 recall=0.155 F1=0.256 loss=0.3066 | eps=28.388 | duree=0.089s
[server] round  36/230 | actifs= 4 | acc=0.885 prec=0.739 recall=0.165 F1=0.270 loss=0.3071 | eps=28.791 | duree=0.084s
[server] round  37/230 | actifs= 4 | acc=0.884 prec=0.708 recall=0.165 F1=0.268 loss=0.3074 | eps=29.188 | duree=0.081s
[server] round  38/230 | actifs= 4 | acc=0.884 prec=0.708 recall=0.165 F1=0.268 loss=0.3073 | eps=29.580 | duree=0.091s
[server] round  39/230 | actifs= 4 | acc=0.884 prec=0.708 recall=0.165 F1=0.268 loss=0.3070 | eps=29.967 | duree=0.085s
[server] round  40/230 | actifs= 4 | acc=0.881 prec=0.654 recall=0.165 F1=0.264 loss=0.3066 | eps=30.349 | duree=0.085s
[server] round  41/230 | actifs= 4 | acc=0.881 prec=0.654 recall=0.165 F1=0.264 loss=0.3072 | eps=30.726 | duree=0.086s
[server] round  42/230 | actifs= 4 | acc=0.882 prec=0.667 recall=0.175 F1=0.277 loss=0.3066 | eps=31.098 | duree=0.077s
[server] round  43/230 | actifs= 4 | acc=0.882 prec=0.667 recall=0.175 F1=0.277 loss=0.3071 | eps=31.466 | duree=0.263s
[server] round  44/230 | actifs= 4 | acc=0.885 prec=0.690 recall=0.194 F1=0.303 loss=0.3075 | eps=31.830 | duree=0.197s
[server] round  45/230 | actifs= 4 | acc=0.886 prec=0.688 recall=0.214 F1=0.326 loss=0.3077 | eps=32.189 | duree=0.131s
[server] round  46/230 | actifs= 4 | acc=0.887 prec=0.697 recall=0.223 F1=0.338 loss=0.3079 | eps=32.545 | duree=0.099s
[server] round  47/230 | actifs= 4 | acc=0.887 prec=0.697 recall=0.223 F1=0.338 loss=0.3073 | eps=32.897 | duree=0.085s
[server] round  48/230 | actifs= 4 | acc=0.887 prec=0.697 recall=0.223 F1=0.338 loss=0.3078 | eps=33.245 | duree=0.17s
[server] round  49/230 | actifs= 4 | acc=0.890 prec=0.714 recall=0.243 F1=0.362 loss=0.3072 | eps=33.590 | duree=0.106s
[server] round  50/230 | actifs= 4 | acc=0.890 prec=0.714 recall=0.243 F1=0.362 loss=0.3069 | eps=33.931 | duree=0.106s
[server] round  51/230 | actifs= 4 | acc=0.890 prec=0.714 recall=0.243 F1=0.362 loss=0.3067 | eps=34.268 | duree=0.108s
[server] round  52/230 | actifs= 4 | acc=0.891 prec=0.722 recall=0.252 F1=0.374 loss=0.3071 | eps=34.603 | duree=0.103s
[server] round  53/230 | actifs= 4 | acc=0.891 prec=0.722 recall=0.252 F1=0.374 loss=0.3072 | eps=34.934 | duree=0.105s
[server] round  54/230 | actifs= 4 | acc=0.891 prec=0.722 recall=0.252 F1=0.374 loss=0.3076 | eps=35.262 | duree=0.1s
[server] round  55/230 | actifs= 4 | acc=0.891 prec=0.722 recall=0.252 F1=0.374 loss=0.3080 | eps=35.587 | duree=0.091s
[server] round  56/230 | actifs= 4 | acc=0.890 prec=0.703 recall=0.252 F1=0.371 loss=0.3083 | eps=35.909 | duree=0.084s
[server] round  57/230 | actifs= 4 | acc=0.890 prec=0.703 recall=0.252 F1=0.371 loss=0.3080 | eps=36.228 | duree=0.083s
[server] round  58/230 | actifs= 4 | acc=0.891 prec=0.711 recall=0.262 F1=0.383 loss=0.3084 | eps=36.544 | duree=0.079s
[server] round  59/230 | actifs= 4 | acc=0.891 prec=0.700 recall=0.272 F1=0.392 loss=0.3079 | eps=36.858 | duree=0.086s
[server] round  60/230 | actifs= 4 | acc=0.892 prec=0.718 recall=0.272 F1=0.394 loss=0.3087 | eps=37.169 | duree=0.094s
[server] round  61/230 | actifs= 4 | acc=0.891 prec=0.700 recall=0.272 F1=0.392 loss=0.3088 | eps=37.478 | duree=0.088s
[server] round  62/230 | actifs= 4 | acc=0.892 prec=0.718 recall=0.272 F1=0.394 loss=0.3093 | eps=37.784 | duree=0.082s
[server] round  63/230 | actifs= 4 | acc=0.892 prec=0.707 recall=0.282 F1=0.403 loss=0.3100 | eps=38.087 | duree=0.085s
[server] round  64/230 | actifs= 4 | acc=0.894 prec=0.714 recall=0.291 F1=0.414 loss=0.3113 | eps=38.388 | duree=0.082s
[server] round  65/230 | actifs= 4 | acc=0.892 prec=0.707 recall=0.282 F1=0.403 loss=0.3113 | eps=38.687 | duree=0.093s
[server] round  66/230 | actifs= 4 | acc=0.892 prec=0.698 recall=0.291 F1=0.411 loss=0.3109 | eps=38.983 | duree=0.081s
[server] round  67/230 | actifs= 4 | acc=0.892 prec=0.698 recall=0.291 F1=0.411 loss=0.3113 | eps=39.278 | duree=0.086s
[server] round  68/230 | actifs= 4 | acc=0.892 prec=0.698 recall=0.291 F1=0.411 loss=0.3117 | eps=39.570 | duree=0.084s
[server] round  69/230 | actifs= 4 | acc=0.892 prec=0.698 recall=0.291 F1=0.411 loss=0.3122 | eps=39.860 | duree=0.082s
[server] round  70/230 | actifs= 4 | acc=0.891 prec=0.682 recall=0.291 F1=0.408 loss=0.3126 | eps=40.147 | duree=0.092s
[server] round  71/230 | actifs= 4 | acc=0.890 prec=0.667 recall=0.291 F1=0.405 loss=0.3133 | eps=40.433 | duree=0.095s
[server] round  72/230 | actifs= 4 | acc=0.890 prec=0.667 recall=0.291 F1=0.405 loss=0.3136 | eps=40.717 | duree=0.094s
[server] round  73/230 | actifs= 4 | acc=0.889 prec=0.652 recall=0.291 F1=0.403 loss=0.3137 | eps=40.999 | duree=0.094s
[server] round  74/230 | actifs= 4 | acc=0.889 prec=0.652 recall=0.291 F1=0.403 loss=0.3133 | eps=41.278 | duree=0.097s
[server] round  75/230 | actifs= 4 | acc=0.890 prec=0.667 recall=0.291 F1=0.405 loss=0.3136 | eps=41.556 | duree=0.094s
[server] round  76/230 | actifs= 4 | acc=0.887 prec=0.638 recall=0.291 F1=0.400 loss=0.3143 | eps=41.833 | duree=0.091s
[server] round  77/230 | actifs= 4 | acc=0.887 prec=0.638 recall=0.291 F1=0.400 loss=0.3146 | eps=42.107 | duree=0.092s
[server] round  78/230 | actifs= 4 | acc=0.889 prec=0.652 recall=0.291 F1=0.403 loss=0.3154 | eps=42.379 | duree=0.092s
[server] round  79/230 | actifs= 4 | acc=0.890 prec=0.653 recall=0.311 F1=0.421 loss=0.3155 | eps=42.650 | duree=0.091s
[server] round  80/230 | actifs= 4 | acc=0.887 prec=0.633 recall=0.301 F1=0.408 loss=0.3160 | eps=42.919 | duree=0.091s
[server] round  81/230 | actifs= 4 | acc=0.887 prec=0.638 recall=0.291 F1=0.400 loss=0.3175 | eps=43.187 | duree=0.086s
[server] round  82/230 | actifs= 4 | acc=0.889 prec=0.652 recall=0.291 F1=0.403 loss=0.3186 | eps=43.453 | duree=0.083s
[server] round  83/230 | actifs= 4 | acc=0.887 prec=0.633 recall=0.301 F1=0.408 loss=0.3181 | eps=43.717 | duree=0.095s
[server] round  84/230 | actifs= 4 | acc=0.887 prec=0.633 recall=0.301 F1=0.408 loss=0.3190 | eps=43.979 | duree=0.114s
[server] round  85/230 | actifs= 4 | acc=0.887 prec=0.633 recall=0.301 F1=0.408 loss=0.3191 | eps=44.240 | duree=0.091s
[server] round  86/230 | actifs= 4 | acc=0.887 prec=0.633 recall=0.301 F1=0.408 loss=0.3199 | eps=44.500 | duree=0.116s
[server] round  87/230 | actifs= 4 | acc=0.887 prec=0.633 recall=0.301 F1=0.408 loss=0.3199 | eps=44.758 | duree=0.113s
[server] round  88/230 | actifs= 4 | acc=0.889 prec=0.640 recall=0.311 F1=0.418 loss=0.3204 | eps=45.014 | duree=0.1s
[server] round  89/230 | actifs= 4 | acc=0.889 prec=0.640 recall=0.311 F1=0.418 loss=0.3207 | eps=45.269 | duree=0.106s
[server] round  90/230 | actifs= 4 | acc=0.887 prec=0.627 recall=0.311 F1=0.416 loss=0.3212 | eps=45.523 | duree=0.114s
[server] round  91/230 | actifs= 4 | acc=0.891 prec=0.654 recall=0.330 F1=0.439 loss=0.3213 | eps=45.775 | duree=0.106s
[server] round  92/230 | actifs= 4 | acc=0.891 prec=0.654 recall=0.330 F1=0.439 loss=0.3215 | eps=46.026 | duree=0.108s
[server] round  93/230 | actifs= 4 | acc=0.891 prec=0.654 recall=0.330 F1=0.439 loss=0.3221 | eps=46.275 | duree=0.103s
[server] round  94/230 | actifs= 4 | acc=0.891 prec=0.654 recall=0.330 F1=0.439 loss=0.3226 | eps=46.523 | duree=0.095s
[server] round  95/230 | actifs= 4 | acc=0.891 prec=0.648 recall=0.340 F1=0.446 loss=0.3224 | eps=46.770 | duree=0.101s
[server] round  96/230 | actifs= 4 | acc=0.892 prec=0.660 recall=0.340 F1=0.449 loss=0.3232 | eps=47.016 | duree=0.097s
[server] round  97/230 | actifs= 4 | acc=0.892 prec=0.660 recall=0.340 F1=0.449 loss=0.3238 | eps=47.260 | duree=0.097s
[server] round  98/230 | actifs= 4 | acc=0.892 prec=0.660 recall=0.340 F1=0.449 loss=0.3251 | eps=47.503 | duree=0.096s
[server] round  99/230 | actifs= 4 | acc=0.891 prec=0.654 recall=0.330 F1=0.439 loss=0.3259 | eps=47.745 | duree=0.1s
[server] round 100/230 | actifs= 4 | acc=0.891 prec=0.654 recall=0.330 F1=0.439 loss=0.3262 | eps=47.985 | duree=0.096s
[server] round 101/230 | actifs= 4 | acc=0.891 prec=0.654 recall=0.330 F1=0.439 loss=0.3259 | eps=48.225 | duree=0.105s
[server] round 102/230 | actifs= 4 | acc=0.892 prec=0.655 recall=0.350 F1=0.456 loss=0.3254 | eps=48.463 | duree=0.098s
[server] round 103/230 | actifs= 4 | acc=0.894 prec=0.661 recall=0.359 F1=0.465 loss=0.3251 | eps=48.700 | duree=0.106s
[server] round 104/230 | actifs= 4 | acc=0.894 prec=0.661 recall=0.359 F1=0.465 loss=0.3254 | eps=48.936 | duree=0.097s
[server] round 105/230 | actifs= 4 | acc=0.892 prec=0.655 recall=0.350 F1=0.456 loss=0.3256 | eps=49.170 | duree=0.098s
[server] round 106/230 | actifs= 4 | acc=0.895 prec=0.667 recall=0.369 F1=0.475 loss=0.3251 | eps=49.404 | duree=0.104s
[server] round 107/230 | actifs= 4 | acc=0.895 prec=0.667 recall=0.369 F1=0.475 loss=0.3257 | eps=49.636 | duree=0.097s
[server] round 108/230 | actifs= 4 | acc=0.894 prec=0.661 recall=0.359 F1=0.465 loss=0.3269 | eps=49.868 | duree=0.101s
[server] round 109/230 | actifs= 4 | acc=0.894 prec=0.661 recall=0.359 F1=0.465 loss=0.3281 | eps=50.098 | duree=0.098s
[server] round 110/230 | actifs= 4 | acc=0.892 prec=0.649 recall=0.359 F1=0.463 loss=0.3275 | eps=50.327 | duree=0.099s
[server] round 111/230 | actifs= 4 | acc=0.892 prec=0.655 recall=0.350 F1=0.456 loss=0.3281 | eps=50.556 | duree=0.095s
[server] round 112/230 | actifs= 4 | acc=0.892 prec=0.655 recall=0.350 F1=0.456 loss=0.3278 | eps=50.783 | duree=0.097s
[server] round 113/230 | actifs= 4 | acc=0.894 prec=0.661 recall=0.359 F1=0.465 loss=0.3283 | eps=51.009 | duree=0.092s
[server] round 114/230 | actifs= 4 | acc=0.894 prec=0.661 recall=0.359 F1=0.465 loss=0.3285 | eps=51.234 | duree=0.099s
[server] round 115/230 | actifs= 4 | acc=0.895 prec=0.667 recall=0.369 F1=0.475 loss=0.3293 | eps=51.458 | duree=0.095s
[server] round 116/230 | actifs= 4 | acc=0.894 prec=0.661 recall=0.359 F1=0.465 loss=0.3297 | eps=51.682 | duree=0.116s
[server] round 117/230 | actifs= 4 | acc=0.894 prec=0.661 recall=0.359 F1=0.465 loss=0.3299 | eps=51.904 | duree=0.097s
[server] round 118/230 | actifs= 4 | acc=0.892 prec=0.649 recall=0.359 F1=0.463 loss=0.3307 | eps=52.125 | duree=0.102s
[server] round 119/230 | actifs= 4 | acc=0.892 prec=0.649 recall=0.359 F1=0.463 loss=0.3308 | eps=52.346 | duree=0.115s
[server] round 120/230 | actifs= 4 | acc=0.891 prec=0.643 recall=0.350 F1=0.453 loss=0.3311 | eps=52.565 | duree=0.099s
[server] round 121/230 | actifs= 4 | acc=0.891 prec=0.643 recall=0.350 F1=0.453 loss=0.3312 | eps=52.784 | duree=0.099s
[server] round 122/230 | actifs= 4 | acc=0.892 prec=0.649 recall=0.359 F1=0.463 loss=0.3315 | eps=53.001 | duree=0.094s
[server] round 123/230 | actifs= 4 | acc=0.892 prec=0.649 recall=0.359 F1=0.463 loss=0.3312 | eps=53.218 | duree=0.099s
[server] round 124/230 | actifs= 4 | acc=0.895 prec=0.667 recall=0.369 F1=0.475 loss=0.3319 | eps=53.434 | duree=0.101s
[server] round 125/230 | actifs= 4 | acc=0.895 prec=0.667 recall=0.369 F1=0.475 loss=0.3324 | eps=53.649 | duree=0.103s
[server] round 126/230 | actifs= 4 | acc=0.896 prec=0.672 recall=0.379 F1=0.484 loss=0.3324 | eps=53.863 | duree=0.195s
[server] round 127/230 | actifs= 4 | acc=0.895 prec=0.667 recall=0.369 F1=0.475 loss=0.3325 | eps=54.077 | duree=0.187s
[server] round 128/230 | actifs= 4 | acc=0.895 prec=0.667 recall=0.369 F1=0.475 loss=0.3338 | eps=54.289 | duree=0.097s
[server] round 129/230 | actifs= 4 | acc=0.894 prec=0.655 recall=0.369 F1=0.472 loss=0.3341 | eps=54.501 | duree=0.096s
[server] round 130/230 | actifs= 4 | acc=0.894 prec=0.655 recall=0.369 F1=0.472 loss=0.3346 | eps=54.712 | duree=0.091s
[server] round 131/230 | actifs= 4 | acc=0.894 prec=0.655 recall=0.369 F1=0.472 loss=0.3337 | eps=54.922 | duree=0.1s
[server] round 132/230 | actifs= 4 | acc=0.894 prec=0.655 recall=0.369 F1=0.472 loss=0.3341 | eps=55.131 | duree=0.102s
[server] round 133/230 | actifs= 4 | acc=0.892 prec=0.649 recall=0.359 F1=0.463 loss=0.3349 | eps=55.339 | duree=0.2s
[server] round 134/230 | actifs= 4 | acc=0.894 prec=0.655 recall=0.369 F1=0.472 loss=0.3353 | eps=55.547 | duree=0.132s
[server] round 135/230 | actifs= 4 | acc=0.894 prec=0.655 recall=0.369 F1=0.472 loss=0.3364 | eps=55.754 | duree=0.099s
[server] round 136/230 | actifs= 4 | acc=0.894 prec=0.655 recall=0.369 F1=0.472 loss=0.3368 | eps=55.960 | duree=0.093s
[server] round 137/230 | actifs= 4 | acc=0.894 prec=0.655 recall=0.369 F1=0.472 loss=0.3369 | eps=56.165 | duree=0.105s
[server] round 138/230 | actifs= 4 | acc=0.894 prec=0.655 recall=0.369 F1=0.472 loss=0.3373 | eps=56.370 | duree=0.091s
[server] round 139/230 | actifs= 4 | acc=0.894 prec=0.655 recall=0.369 F1=0.472 loss=0.3377 | eps=56.574 | duree=0.098s
[server] round 140/230 | actifs= 4 | acc=0.894 prec=0.655 recall=0.369 F1=0.472 loss=0.3374 | eps=56.777 | duree=0.094s
[server] round 141/230 | actifs= 4 | acc=0.894 prec=0.655 recall=0.369 F1=0.472 loss=0.3370 | eps=56.979 | duree=0.094s
[server] round 142/230 | actifs= 4 | acc=0.895 prec=0.661 recall=0.379 F1=0.481 loss=0.3375 | eps=57.181 | duree=0.107s
[server] round 143/230 | actifs= 4 | acc=0.894 prec=0.655 recall=0.369 F1=0.472 loss=0.3379 | eps=57.382 | duree=0.099s
[server] round 144/230 | actifs= 4 | acc=0.894 prec=0.655 recall=0.369 F1=0.472 loss=0.3378 | eps=57.582 | duree=0.096s
[server] round 145/230 | actifs= 4 | acc=0.894 prec=0.655 recall=0.369 F1=0.472 loss=0.3383 | eps=57.782 | duree=0.099s
[server] round 146/230 | actifs= 4 | acc=0.895 prec=0.661 recall=0.379 F1=0.481 loss=0.3381 | eps=57.981 | duree=0.099s
[server] round 147/230 | actifs= 4 | acc=0.894 prec=0.655 recall=0.369 F1=0.472 loss=0.3388 | eps=58.179 | duree=0.106s
[server] round 148/230 | actifs= 4 | acc=0.895 prec=0.661 recall=0.379 F1=0.481 loss=0.3390 | eps=58.377 | duree=0.092s
[server] round 149/230 | actifs= 4 | acc=0.894 prec=0.655 recall=0.369 F1=0.472 loss=0.3391 | eps=58.573 | duree=0.102s
[server] round 150/230 | actifs= 4 | acc=0.894 prec=0.655 recall=0.369 F1=0.472 loss=0.3397 | eps=58.770 | duree=0.102s
[server] round 151/230 | actifs= 4 | acc=0.892 prec=0.644 recall=0.369 F1=0.469 loss=0.3406 | eps=58.965 | duree=0.09s
[server] round 152/230 | actifs= 4 | acc=0.894 prec=0.655 recall=0.369 F1=0.472 loss=0.3414 | eps=59.160 | duree=0.092s
[server] round 153/230 | actifs= 4 | acc=0.894 prec=0.655 recall=0.369 F1=0.472 loss=0.3411 | eps=59.354 | duree=0.094s
[server] round 154/230 | actifs= 4 | acc=0.894 prec=0.655 recall=0.369 F1=0.472 loss=0.3412 | eps=59.548 | duree=0.093s
[server] round 155/230 | actifs= 4 | acc=0.894 prec=0.655 recall=0.369 F1=0.472 loss=0.3417 | eps=59.741 | duree=0.098s
[server] round 156/230 | actifs= 4 | acc=0.894 prec=0.655 recall=0.369 F1=0.472 loss=0.3419 | eps=59.934 | duree=0.077s
[server] round 157/230 | actifs= 4 | acc=0.891 prec=0.633 recall=0.369 F1=0.466 loss=0.3430 | eps=60.125 | duree=0.08s
[server] round 158/230 | actifs= 4 | acc=0.891 prec=0.633 recall=0.369 F1=0.466 loss=0.3426 | eps=60.317 | duree=0.079s
[server] round 159/230 | actifs= 4 | acc=0.892 prec=0.644 recall=0.369 F1=0.469 loss=0.3426 | eps=60.507 | duree=0.077s
[server] round 160/230 | actifs= 4 | acc=0.894 prec=0.655 recall=0.369 F1=0.472 loss=0.3430 | eps=60.697 | duree=0.079s
[server] round 161/230 | actifs= 4 | acc=0.894 prec=0.655 recall=0.369 F1=0.472 loss=0.3427 | eps=60.886 | duree=0.075s
[server] round 162/230 | actifs= 4 | acc=0.892 prec=0.644 recall=0.369 F1=0.469 loss=0.3424 | eps=61.075 | duree=0.086s
[server] round 163/230 | actifs= 4 | acc=0.894 prec=0.650 recall=0.379 F1=0.479 loss=0.3437 | eps=61.263 | duree=0.083s
[server] round 164/230 | actifs= 4 | acc=0.894 prec=0.650 recall=0.379 F1=0.479 loss=0.3441 | eps=61.451 | duree=0.105s
[server] round 165/230 | actifs= 4 | acc=0.894 prec=0.650 recall=0.379 F1=0.479 loss=0.3445 | eps=61.638 | duree=0.083s
[server] round 166/230 | actifs= 4 | acc=0.892 prec=0.644 recall=0.369 F1=0.469 loss=0.3451 | eps=61.825 | duree=0.08s
[server] round 167/230 | actifs= 4 | acc=0.894 prec=0.650 recall=0.379 F1=0.479 loss=0.3445 | eps=62.011 | duree=0.078s
[server] round 168/230 | actifs= 4 | acc=0.894 prec=0.650 recall=0.379 F1=0.479 loss=0.3448 | eps=62.196 | duree=0.098s
[server] round 169/230 | actifs= 4 | acc=0.895 prec=0.656 recall=0.388 F1=0.488 loss=0.3459 | eps=62.381 | duree=0.106s
[server] round 170/230 | actifs= 4 | acc=0.895 prec=0.656 recall=0.388 F1=0.488 loss=0.3461 | eps=62.565 | duree=0.082s
[server] round 171/230 | actifs= 4 | acc=0.894 prec=0.650 recall=0.379 F1=0.479 loss=0.3465 | eps=62.749 | duree=0.077s
[server] round 172/230 | actifs= 4 | acc=0.895 prec=0.656 recall=0.388 F1=0.488 loss=0.3468 | eps=62.932 | duree=0.081s
[server] round 173/230 | actifs= 4 | acc=0.894 prec=0.650 recall=0.379 F1=0.479 loss=0.3469 | eps=63.115 | duree=0.075s
[server] round 174/230 | actifs= 4 | acc=0.895 prec=0.656 recall=0.388 F1=0.488 loss=0.3468 | eps=63.297 | duree=0.086s
[server] round 175/230 | actifs= 4 | acc=0.896 prec=0.661 recall=0.398 F1=0.497 loss=0.3468 | eps=63.479 | duree=0.081s
[server] round 176/230 | actifs= 4 | acc=0.896 prec=0.661 recall=0.398 F1=0.497 loss=0.3476 | eps=63.660 | duree=0.08s
[server] round 177/230 | actifs= 4 | acc=0.895 prec=0.651 recall=0.398 F1=0.494 loss=0.3479 | eps=63.840 | duree=0.087s
[server] round 178/230 | actifs= 4 | acc=0.894 prec=0.645 recall=0.388 F1=0.485 loss=0.3482 | eps=64.020 | duree=0.078s
[server] round 179/230 | actifs= 4 | acc=0.895 prec=0.656 recall=0.388 F1=0.488 loss=0.3486 | eps=64.200 | duree=0.075s
[server] round 180/230 | actifs= 4 | acc=0.895 prec=0.656 recall=0.388 F1=0.488 loss=0.3482 | eps=64.379 | duree=0.082s
[server] round 181/230 | actifs= 4 | acc=0.895 prec=0.656 recall=0.388 F1=0.488 loss=0.3490 | eps=64.558 | duree=0.089s
[server] round 182/230 | actifs= 4 | acc=0.895 prec=0.656 recall=0.388 F1=0.488 loss=0.3494 | eps=64.736 | duree=0.077s
[server] round 183/230 | actifs= 4 | acc=0.895 prec=0.656 recall=0.388 F1=0.488 loss=0.3504 | eps=64.913 | duree=0.079s
[server] round 184/230 | actifs= 4 | acc=0.895 prec=0.661 recall=0.379 F1=0.481 loss=0.3504 | eps=65.090 | duree=0.08s
[server] round 185/230 | actifs= 4 | acc=0.894 prec=0.645 recall=0.388 F1=0.485 loss=0.3507 | eps=65.267 | duree=0.078s
[server] round 186/230 | actifs= 4 | acc=0.895 prec=0.661 recall=0.379 F1=0.481 loss=0.3509 | eps=65.443 | duree=0.078s
[server] round 187/230 | actifs= 4 | acc=0.895 prec=0.661 recall=0.379 F1=0.481 loss=0.3509 | eps=65.619 | duree=0.103s
[server] round 188/230 | actifs= 4 | acc=0.895 prec=0.661 recall=0.379 F1=0.481 loss=0.3515 | eps=65.794 | duree=0.085s
[server] round 189/230 | actifs= 4 | acc=0.895 prec=0.661 recall=0.379 F1=0.481 loss=0.3520 | eps=65.969 | duree=0.083s
[server] round 190/230 | actifs= 4 | acc=0.895 prec=0.661 recall=0.379 F1=0.481 loss=0.3516 | eps=66.143 | duree=0.079s
[server] round 191/230 | actifs= 4 | acc=0.895 prec=0.661 recall=0.379 F1=0.481 loss=0.3517 | eps=66.317 | duree=0.079s
[server] round 192/230 | actifs= 4 | acc=0.894 prec=0.655 recall=0.369 F1=0.472 loss=0.3517 | eps=66.490 | duree=0.079s
[server] round 193/230 | actifs= 4 | acc=0.895 prec=0.656 recall=0.388 F1=0.488 loss=0.3522 | eps=66.663 | duree=0.085s
[server] round 194/230 | actifs= 4 | acc=0.895 prec=0.656 recall=0.388 F1=0.488 loss=0.3524 | eps=66.836 | duree=0.071s
[server] round 195/230 | actifs= 4 | acc=0.896 prec=0.667 recall=0.388 F1=0.491 loss=0.3527 | eps=67.008 | duree=0.079s
[server] round 196/230 | actifs= 4 | acc=0.895 prec=0.656 recall=0.388 F1=0.488 loss=0.3534 | eps=67.179 | duree=0.079s
[server] round 197/230 | actifs= 4 | acc=0.895 prec=0.656 recall=0.388 F1=0.488 loss=0.3537 | eps=67.351 | duree=0.077s
[server] round 198/230 | actifs= 4 | acc=0.894 prec=0.650 recall=0.379 F1=0.479 loss=0.3537 | eps=67.521 | duree=0.074s
[server] round 199/230 | actifs= 4 | acc=0.894 prec=0.650 recall=0.379 F1=0.479 loss=0.3540 | eps=67.692 | duree=0.08s
[server] round 200/230 | actifs= 4 | acc=0.894 prec=0.650 recall=0.379 F1=0.479 loss=0.3546 | eps=67.861 | duree=0.078s
[server] round 201/230 | actifs= 4 | acc=0.895 prec=0.656 recall=0.388 F1=0.488 loss=0.3543 | eps=68.031 | duree=0.077s
[server] round 202/230 | actifs= 4 | acc=0.894 prec=0.645 recall=0.388 F1=0.485 loss=0.3543 | eps=68.200 | duree=0.089s
[server] round 203/230 | actifs= 4 | acc=0.894 prec=0.645 recall=0.388 F1=0.485 loss=0.3545 | eps=68.368 | duree=0.095s
[server] round 204/230 | actifs= 4 | acc=0.894 prec=0.645 recall=0.388 F1=0.485 loss=0.3549 | eps=68.537 | duree=0.075s
[server] round 205/230 | actifs= 4 | acc=0.894 prec=0.645 recall=0.388 F1=0.485 loss=0.3547 | eps=68.704 | duree=0.084s
[server] round 206/230 | actifs= 4 | acc=0.894 prec=0.645 recall=0.388 F1=0.485 loss=0.3551 | eps=68.872 | duree=0.081s
[server] round 207/230 | actifs= 4 | acc=0.894 prec=0.645 recall=0.388 F1=0.485 loss=0.3547 | eps=69.039 | duree=0.076s
[server] round 208/230 | actifs= 4 | acc=0.894 prec=0.645 recall=0.388 F1=0.485 loss=0.3550 | eps=69.205 | duree=0.076s
[server] round 209/230 | actifs= 4 | acc=0.894 prec=0.645 recall=0.388 F1=0.485 loss=0.3554 | eps=69.371 | duree=0.081s
[server] round 210/230 | actifs= 4 | acc=0.895 prec=0.656 recall=0.388 F1=0.488 loss=0.3554 | eps=69.537 | duree=0.083s
[server] round 211/230 | actifs= 4 | acc=0.894 prec=0.645 recall=0.388 F1=0.485 loss=0.3556 | eps=69.703 | duree=0.076s
[server] round 212/230 | actifs= 4 | acc=0.895 prec=0.656 recall=0.388 F1=0.488 loss=0.3566 | eps=69.868 | duree=0.08s
[server] round 213/230 | actifs= 4 | acc=0.894 prec=0.650 recall=0.379 F1=0.479 loss=0.3565 | eps=70.032 | duree=0.077s
[server] round 214/230 | actifs= 4 | acc=0.894 prec=0.650 recall=0.379 F1=0.479 loss=0.3571 | eps=70.196 | duree=0.08s
[server] round 215/230 | actifs= 4 | acc=0.894 prec=0.650 recall=0.379 F1=0.479 loss=0.3571 | eps=70.360 | duree=0.081s
[server] round 216/230 | actifs= 4 | acc=0.894 prec=0.650 recall=0.379 F1=0.479 loss=0.3578 | eps=70.524 | duree=0.076s
[server] round 217/230 | actifs= 4 | acc=0.892 prec=0.639 recall=0.379 F1=0.476 loss=0.3582 | eps=70.687 | duree=0.076s
[server] round 218/230 | actifs= 4 | acc=0.894 prec=0.645 recall=0.388 F1=0.485 loss=0.3581 | eps=70.849 | duree=0.079s
[server] round 219/230 | actifs= 4 | acc=0.894 prec=0.645 recall=0.388 F1=0.485 loss=0.3579 | eps=71.012 | duree=0.078s
[server] round 220/230 | actifs= 4 | acc=0.894 prec=0.645 recall=0.388 F1=0.485 loss=0.3580 | eps=71.174 | duree=0.079s
[server] round 221/230 | actifs= 4 | acc=0.894 prec=0.645 recall=0.388 F1=0.485 loss=0.3580 | eps=71.335 | duree=0.076s
[server] round 222/230 | actifs= 4 | acc=0.894 prec=0.645 recall=0.388 F1=0.485 loss=0.3578 | eps=71.496 | duree=0.08s
[server] round 223/230 | actifs= 4 | acc=0.894 prec=0.645 recall=0.388 F1=0.485 loss=0.3583 | eps=71.657 | duree=0.077s
[server] round 224/230 | actifs= 4 | acc=0.895 prec=0.651 recall=0.398 F1=0.494 loss=0.3581 | eps=71.818 | duree=0.076s
[server] round 225/230 | actifs= 4 | acc=0.896 prec=0.661 recall=0.398 F1=0.497 loss=0.3583 | eps=71.978 | duree=0.077s
[server] round 226/230 | actifs= 4 | acc=0.896 prec=0.661 recall=0.398 F1=0.497 loss=0.3588 | eps=72.138 | duree=0.084s
[server] round 227/230 | actifs= 4 | acc=0.896 prec=0.661 recall=0.398 F1=0.497 loss=0.3595 | eps=72.297 | duree=0.079s
[server] round 228/230 | actifs= 4 | acc=0.896 prec=0.661 recall=0.398 F1=0.497 loss=0.3594 | eps=72.456 | duree=0.084s
[server] round 229/230 | actifs= 4 | acc=0.896 prec=0.661 recall=0.398 F1=0.497 loss=0.3596 | eps=72.615 | duree=0.076s
[server] round 230/230 | actifs= 4 | acc=0.896 prec=0.661 recall=0.398 F1=0.497 loss=0.3601 | eps=72.773 | duree=0.073s
[server] modele global final sauvegarde dans results\global_model_final.npz
[server] historique des metriques sauvegarde dans results\metrics_history.csv
[server] entrainement federe termine.
