[client 1] parts de Shamir detenues pour les clients : [2, 3, 4, 5]
[client 1] jeu de donnees local charge : 1589 exemples.
[client 1] connecte au serveur (TLS), HELLO envoye.
[client 1] configuration recue. poids FedAvg = 0.4966
[client 1] round 1 : mise a jour locale envoyee (entrainement+masquage en 0.17s).
[client 1] round 2 : mise a jour locale envoyee (entrainement+masquage en 0.19s).
[client 1] round 3 : mise a jour locale envoyee (entrainement+masquage en 0.16s).
[client 1] round 4 : mise a jour locale envoyee (entrainement+masquage en 0.27s).
[client 1] round 5 : mise a jour locale envoyee (entrainement+masquage en 0.22s).
[client 1] part de Shamir revelee pour le client decroche 3.
[client 1] round 6 : mise a jour locale envoyee (entrainement+masquage en 0.20s).
[client 1] round 7 : mise a jour locale envoyee (entrainement+masquage en 0.16s).
[client 1] round 8 : mise a jour locale envoyee (entrainement+masquage en 0.15s).
[client 1] round 9 : mise a jour locale envoyee (entrainement+masquage en 0.15s).
[client 1] round 10 : mise a jour locale envoyee (entrainement+masquage en 0.15s).
[client 1] round 11 : mise a jour locale envoyee (entrainement+masquage en 0.15s).
[client 1] round 12 : mise a jour locale envoyee (entrainement+masquage en 0.14s).
[client 1] round 13 : mise a jour locale envoyee (entrainement+masquage en 0.16s).
[client 1] round 14 : mise a jour locale envoyee (entrainement+masquage en 0.12s).
[client 1] round 15 : mise a jour locale envoyee (entrainement+masquage en 0.17s).
[client 1] round 16 : mise a jour locale envoyee (entrainement+masquage en 0.17s).
[client 1] round 17 : mise a jour locale envoyee (entrainement+masquage en 0.18s).
[client 1] round 18 : mise a jour locale envoyee (entrainement+masquage en 0.14s).
[client 1] round 19 : mise a jour locale envoyee (entrainement+masquage en 0.14s).
[client 1] round 20 : mise a jour locale envoyee (entrainement+masquage en 0.14s).
[client 1] round 21 : mise a jour locale envoyee (entrainement+masquage en 0.13s).
[client 1] round 22 : mise a jour locale envoyee (entrainement+masquage en 0.15s).
[client 1] round 23 : mise a jour locale envoyee (entrainement+masquage en 0.16s).
[client 1] round 24 : mise a jour locale envoyee (entrainement+masquage en 0.12s).
[client 1] round 25 : mise a jour locale envoyee (entrainement+masquage en 0.12s).
[client 1] round 26 : mise a jour locale envoyee (entrainement+masquage en 0.17s).
[client 1] round 27 : mise a jour locale envoyee (entrainement+masquage en 0.17s).
[client 1] round 28 : mise a jour locale envoyee (entrainement+masquage en 0.13s).
[client 1] round 29 : mise a jour locale envoyee (entrainement+masquage en 0.13s).
[client 1] round 30 : mise a jour locale envoyee (entrainement+masquage en 0.13s).
[client 1] round 31 : mise a jour locale envoyee (entrainement+masquage en 0.11s).
[client 1] round 32 : mise a jour locale envoyee (entrainement+masquage en 0.15s).
[client 1] round 33 : mise a jour locale envoyee (entrainement+masquage en 0.12s).
[client 1] round 34 : mise a jour locale envoyee (entrainement+masquage en 0.13s).
[client 1] round 35 : mise a jour locale envoyee (entrainement+masquage en 0.12s).
[client 1] round 36 : mise a jour locale envoyee (entrainement+masquage en 0.14s).
[client 1] round 37 : mise a jour locale envoyee (entrainement+masquage en 0.15s).
[client 1] round 38 : mise a jour locale envoyee (entrainement+masquage en 0.16s).
[client 1] round 39 : mise a jour locale envoyee (entrainement+masquage en 0.12s).
[client 1] round 40 : mise a jour locale envoyee (entrainement+masquage en 0.28s).
[client 1] round 41 : mise a jour locale envoyee (entrainement+masquage en 0.13s).
[client 1] round 42 : mise a jour locale envoyee (entrainement+masquage en 0.15s).
[client 1] round 43 : mise a jour locale envoyee (entrainement+masquage en 0.14s).
[client 1] round 44 : mise a jour locale envoyee (entrainement+masquage en 0.23s).
[client 1] round 45 : mise a jour locale envoyee (entrainement+masquage en 0.21s).
[client 1] round 46 : mise a jour locale envoyee (entrainement+masquage en 0.12s).
[client 1] round 47 : mise a jour locale envoyee (entrainement+masquage en 0.13s).
[client 1] round 48 : mise a jour locale envoyee (entrainement+masquage en 0.14s).
[client 1] round 49 : mise a jour locale envoyee (entrainement+masquage en 0.12s).
[client 1] round 50 : mise a jour locale envoyee (entrainement+masquage en 0.13s).
[client 1] round 51 : mise a jour locale envoyee (entrainement+masquage en 0.14s).
[client 1] round 52 : mise a jour locale envoyee (entrainement+masquage en 0.12s).
[client 1] round 53 : mise a jour locale envoyee (entrainement+masquage en 0.12s).
[client 1] round 54 : mise a jour locale envoyee (entrainement+masquage en 0.15s).
[client 1] round 55 : mise a jour locale envoyee (entrainement+masquage en 0.17s).
[client 1] round 56 : mise a jour locale envoyee (entrainement+masquage en 0.12s).
[client 1] round 57 : mise a jour locale envoyee (entrainement+masquage en 0.13s).
[client 1] round 58 : mise a jour locale envoyee (entrainement+masquage en 0.14s).
[client 1] round 59 : mise a jour locale envoyee (entrainement+masquage en 0.14s).
[client 1] round 60 : mise a jour locale envoyee (entrainement+masquage en 0.11s).
[client 1] round 61 : mise a jour locale envoyee (entrainement+masquage en 0.14s).
[client 1] round 62 : mise a jour locale envoyee (entrainement+masquage en 0.14s).
[client 1] round 63 : mise a jour locale envoyee (entrainement+masquage en 0.15s).
[client 1] round 64 : mise a jour locale envoyee (entrainement+masquage en 0.12s).
[client 1] round 65 : mise a jour locale envoyee (entrainement+masquage en 0.13s).
[client 1] round 66 : mise a jour locale envoyee (entrainement+masquage en 0.14s).
[client 1] round 67 : mise a jour locale envoyee (entrainement+masquage en 0.13s).
[client 1] round 68 : mise a jour locale envoyee (entrainement+masquage en 0.14s).
[client 1] round 69 : mise a jour locale envoyee (entrainement+masquage en 0.15s).
[client 1] round 70 : mise a jour locale envoyee (entrainement+masquage en 0.15s).
[client 1] round 71 : mise a jour locale envoyee (entrainement+masquage en 0.14s).
[client 1] round 72 : mise a jour locale envoyee (entrainement+masquage en 0.14s).
[client 1] round 73 : mise a jour locale envoyee (entrainement+masquage en 0.13s).
[client 1] round 74 : mise a jour locale envoyee (entrainement+masquage en 0.16s).
[client 1] round 75 : mise a jour locale envoyee (entrainement+masquage en 0.13s).
[client 1] round 76 : mise a jour locale envoyee (entrainement+masquage en 0.14s).
[client 1] round 77 : mise a jour locale envoyee (entrainement+masquage en 0.14s).
[client 1] round 78 : mise a jour locale envoyee (entrainement+masquage en 0.15s).
[client 1] round 79 : mise a jour locale envoyee (entrainement+masquage en 0.17s).
[client 1] round 80 : mise a jour locale envoyee (entrainement+masquage en 0.14s).
[client 1] round 81 : mise a jour locale envoyee (entrainement+masquage en 0.14s).
[client 1] round 82 : mise a jour locale envoyee (entrainement+masquage en 0.14s).
[client 1] round 83 : mise a jour locale envoyee (entrainement+masquage en 0.15s).
[client 1] round 84 : mise a jour locale envoyee (entrainement+masquage en 0.13s).
[client 1] round 85 : mise a jour locale envoyee (entrainement+masquage en 0.13s).
[client 1] round 86 : mise a jour locale envoyee (entrainement+masquage en 0.16s).
[client 1] round 87 : mise a jour locale envoyee (entrainement+masquage en 0.15s).
[client 1] round 88 : mise a jour locale envoyee (entrainement+masquage en 0.14s).
[client 1] round 89 : mise a jour locale envoyee (entrainement+masquage en 0.24s).
[client 1] round 90 : mise a jour locale envoyee (entrainement+masquage en 0.19s).
[client 1] round 91 : mise a jour locale envoyee (entrainement+masquage en 0.15s).
[client 1] round 92 : mise a jour locale envoyee (entrainement+masquage en 0.12s).
[client 1] round 93 : mise a jour locale envoyee (entrainement+masquage en 0.15s).
[client 1] round 94 : mise a jour locale envoyee (entrainement+masquage en 0.14s).
[client 1] round 95 : mise a jour locale envoyee (entrainement+masquage en 0.15s).
[client 1] round 96 : mise a jour locale envoyee (entrainement+masquage en 0.16s).
[client 1] round 97 : mise a jour locale envoyee (entrainement+masquage en 0.13s).
[client 1] round 98 : mise a jour locale envoyee (entrainement+masquage en 0.15s).
[client 1] round 99 : mise a jour locale envoyee (entrainement+masquage en 0.14s).
[client 1] round 100 : mise a jour locale envoyee (entrainement+masquage en 0.14s).
[client 1] round 101 : mise a jour locale envoyee (entrainement+masquage en 0.13s).
[client 1] round 102 : mise a jour locale envoyee (entrainement+masquage en 0.14s).
[client 1] round 103 : mise a jour locale envoyee (entrainement+masquage en 0.14s).
[client 1] round 104 : mise a jour locale envoyee (entrainement+masquage en 0.14s).
[client 1] round 105 : mise a jour locale envoyee (entrainement+masquage en 0.13s).
[client 1] round 106 : mise a jour locale envoyee (entrainement+masquage en 0.12s).
[client 1] round 107 : mise a jour locale envoyee (entrainement+masquage en 0.14s).
[client 1] round 108 : mise a jour locale envoyee (entrainement+masquage en 0.14s).
[client 1] round 109 : mise a jour locale envoyee (entrainement+masquage en 0.17s).
[client 1] round 110 : mise a jour locale envoyee (entrainement+masquage en 0.12s).
[client 1] round 111 : mise a jour locale envoyee (entrainement+masquage en 0.14s).
[client 1] round 112 : mise a jour locale envoyee (entrainement+masquage en 0.14s).
[client 1] round 113 : mise a jour locale envoyee (entrainement+masquage en 0.15s).
[client 1] round 114 : mise a jour locale envoyee (entrainement+masquage en 0.14s).
[client 1] round 115 : mise a jour locale envoyee (entrainement+masquage en 0.10s).
[client 1] round 116 : mise a jour locale envoyee (entrainement+masquage en 0.14s).
[client 1] round 117 : mise a jour locale envoyee (entrainement+masquage en 0.13s).
[client 1] round 118 : mise a jour locale envoyee (entrainement+masquage en 0.15s).
[client 1] round 119 : mise a jour locale envoyee (entrainement+masquage en 0.13s).
[client 1] round 120 : mise a jour locale envoyee (entrainement+masquage en 0.13s).
[client 1] round 121 : mise a jour locale envoyee (entrainement+masquage en 0.15s).
[client 1] round 122 : mise a jour locale envoyee (entrainement+masquage en 0.15s).
[client 1] round 123 : mise a jour locale envoyee (entrainement+masquage en 0.16s).
[client 1] round 124 : mise a jour locale envoyee (entrainement+masquage en 0.16s).
[client 1] round 125 : mise a jour locale envoyee (entrainement+masquage en 0.15s).
[client 1] round 126 : mise a jour locale envoyee (entrainement+masquage en 0.14s).
[client 1] round 127 : mise a jour locale envoyee (entrainement+masquage en 0.12s).
[client 1] round 128 : mise a jour locale envoyee (entrainement+masquage en 0.14s).
[client 1] round 129 : mise a jour locale envoyee (entrainement+masquage en 0.15s).
[client 1] round 130 : mise a jour locale envoyee (entrainement+masquage en 0.15s).
[client 1] round 131 : mise a jour locale envoyee (entrainement+masquage en 0.23s).
[client 1] round 132 : mise a jour locale envoyee (entrainement+masquage en 0.19s).
[client 1] round 133 : mise a jour locale envoyee (entrainement+masquage en 0.14s).
[client 1] round 134 : mise a jour locale envoyee (entrainement+masquage en 0.10s).
[client 1] round 135 : mise a jour locale envoyee (entrainement+masquage en 0.13s).
[client 1] round 136 : mise a jour locale envoyee (entrainement+masquage en 0.12s).
[client 1] round 137 : mise a jour locale envoyee (entrainement+masquage en 0.13s).
[client 1] round 138 : mise a jour locale envoyee (entrainement+masquage en 0.15s).
[client 1] round 139 : mise a jour locale envoyee (entrainement+masquage en 0.17s).
[client 1] round 140 : mise a jour locale envoyee (entrainement+masquage en 0.13s).
[client 1] round 141 : mise a jour locale envoyee (entrainement+masquage en 0.14s).
[client 1] round 142 : mise a jour locale envoyee (entrainement+masquage en 0.13s).
[client 1] round 143 : mise a jour locale envoyee (entrainement+masquage en 0.13s).
[client 1] round 144 : mise a jour locale envoyee (entrainement+masquage en 0.15s).
[client 1] round 145 : mise a jour locale envoyee (entrainement+masquage en 0.15s).
[client 1] round 146 : mise a jour locale envoyee (entrainement+masquage en 0.16s).
[client 1] round 147 : mise a jour locale envoyee (entrainement+masquage en 0.12s).
[client 1] round 148 : mise a jour locale envoyee (entrainement+masquage en 0.13s).
[client 1] round 149 : mise a jour locale envoyee (entrainement+masquage en 0.14s).
[client 1] round 150 : mise a jour locale envoyee (entrainement+masquage en 0.13s).
[client 1] round 151 : mise a jour locale envoyee (entrainement+masquage en 0.13s).
[client 1] round 152 : mise a jour locale envoyee (entrainement+masquage en 0.14s).
[client 1] round 153 : mise a jour locale envoyee (entrainement+masquage en 0.15s).
[client 1] round 154 : mise a jour locale envoyee (entrainement+masquage en 0.12s).
[client 1] round 155 : mise a jour locale envoyee (entrainement+masquage en 0.14s).
[client 1] round 156 : mise a jour locale envoyee (entrainement+masquage en 0.12s).
[client 1] round 157 : mise a jour locale envoyee (entrainement+masquage en 0.14s).
[client 1] round 158 : mise a jour locale envoyee (entrainement+masquage en 0.13s).
[client 1] round 159 : mise a jour locale envoyee (entrainement+masquage en 0.12s).
[client 1] round 160 : mise a jour locale envoyee (entrainement+masquage en 0.15s).
[client 1] round 161 : mise a jour locale envoyee (entrainement+masquage en 0.14s).
[client 1] round 162 : mise a jour locale envoyee (entrainement+masquage en 0.14s).
[client 1] round 163 : mise a jour locale envoyee (entrainement+masquage en 0.13s).
[client 1] round 164 : mise a jour locale envoyee (entrainement+masquage en 0.12s).
[client 1] round 165 : mise a jour locale envoyee (entrainement+masquage en 0.15s).
[client 1] round 166 : mise a jour locale envoyee (entrainement+masquage en 0.15s).
[client 1] round 167 : mise a jour locale envoyee (entrainement+masquage en 0.12s).
[client 1] round 168 : mise a jour locale envoyee (entrainement+masquage en 0.11s).
[client 1] round 169 : mise a jour locale envoyee (entrainement+masquage en 0.14s).
[client 1] round 170 : mise a jour locale envoyee (entrainement+masquage en 0.14s).
[client 1] round 171 : mise a jour locale envoyee (entrainement+masquage en 0.13s).
[client 1] round 172 : mise a jour locale envoyee (entrainement+masquage en 0.29s).
[client 1] round 173 : mise a jour locale envoyee (entrainement+masquage en 0.15s).
[client 1] round 174 : mise a jour locale envoyee (entrainement+masquage en 0.11s).
[client 1] round 175 : mise a jour locale envoyee (entrainement+masquage en 0.14s).
[client 1] round 176 : mise a jour locale envoyee (entrainement+masquage en 0.15s).
[client 1] round 177 : mise a jour locale envoyee (entrainement+masquage en 0.17s).
[client 1] round 178 : mise a jour locale envoyee (entrainement+masquage en 0.13s).
[client 1] round 179 : mise a jour locale envoyee (entrainement+masquage en 0.14s).
[client 1] round 180 : mise a jour locale envoyee (entrainement+masquage en 0.14s).
[client 1] round 181 : mise a jour locale envoyee (entrainement+masquage en 0.14s).
[client 1] round 182 : mise a jour locale envoyee (entrainement+masquage en 0.12s).
[client 1] round 183 : mise a jour locale envoyee (entrainement+masquage en 0.14s).
[client 1] round 184 : mise a jour locale envoyee (entrainement+masquage en 0.16s).
[client 1] round 185 : mise a jour locale envoyee (entrainement+masquage en 0.14s).
[client 1] round 186 : mise a jour locale envoyee (entrainement+masquage en 0.14s).
[client 1] round 187 : mise a jour locale envoyee (entrainement+masquage en 0.12s).
[client 1] round 188 : mise a jour locale envoyee (entrainement+masquage en 0.14s).
[client 1] round 189 : mise a jour locale envoyee (entrainement+masquage en 0.16s).
[client 1] round 190 : mise a jour locale envoyee (entrainement+masquage en 0.14s).
[client 1] round 191 : mise a jour locale envoyee (entrainement+masquage en 0.13s).
[client 1] round 192 : mise a jour locale envoyee (entrainement+masquage en 0.14s).
[client 1] round 193 : mise a jour locale envoyee (entrainement+masquage en 0.14s).
[client 1] round 194 : mise a jour locale envoyee (entrainement+masquage en 0.15s).
[client 1] round 195 : mise a jour locale envoyee (entrainement+masquage en 0.14s).
[client 1] round 196 : mise a jour locale envoyee (entrainement+masquage en 0.14s).
[client 1] round 197 : mise a jour locale envoyee (entrainement+masquage en 0.17s).
[client 1] round 198 : mise a jour locale envoyee (entrainement+masquage en 0.14s).
[client 1] round 199 : mise a jour locale envoyee (entrainement+masquage en 0.14s).
[client 1] round 200 : mise a jour locale envoyee (entrainement+masquage en 0.16s).
[client 1] round 201 : mise a jour locale envoyee (entrainement+masquage en 0.13s).
[client 1] round 202 : mise a jour locale envoyee (entrainement+masquage en 0.12s).
[client 1] round 203 : mise a jour locale envoyee (entrainement+masquage en 0.14s).
[client 1] round 204 : mise a jour locale envoyee (entrainement+masquage en 0.16s).
[client 1] round 205 : mise a jour locale envoyee (entrainement+masquage en 0.12s).
[client 1] round 206 : mise a jour locale envoyee (entrainement+masquage en 0.13s).
[client 1] round 207 : mise a jour locale envoyee (entrainement+masquage en 0.13s).
[client 1] round 208 : mise a jour locale envoyee (entrainement+masquage en 0.14s).
[client 1] round 209 : mise a jour locale envoyee (entrainement+masquage en 0.14s).
[client 1] round 210 : mise a jour locale envoyee (entrainement+masquage en 0.15s).
[client 1] round 211 : mise a jour locale envoyee (entrainement+masquage en 0.15s).
[client 1] round 212 : mise a jour locale envoyee (entrainement+masquage en 0.13s).
[client 1] round 213 : mise a jour locale envoyee (entrainement+masquage en 0.13s).
[client 1] round 214 : mise a jour locale envoyee (entrainement+masquage en 0.13s).
[client 1] round 215 : mise a jour locale envoyee (entrainement+masquage en 0.29s).
[client 1] round 216 : mise a jour locale envoyee (entrainement+masquage en 0.16s).
[client 1] round 217 : mise a jour locale envoyee (entrainement+masquage en 0.12s).
[client 1] round 218 : mise a jour locale envoyee (entrainement+masquage en 0.14s).
[client 1] round 219 : mise a jour locale envoyee (entrainement+masquage en 0.12s).
[client 1] round 220 : mise a jour locale envoyee (entrainement+masquage en 0.14s).
[client 1] round 221 : mise a jour locale envoyee (entrainement+masquage en 0.11s).
[client 1] round 222 : mise a jour locale envoyee (entrainement+masquage en 0.14s).
[client 1] round 223 : mise a jour locale envoyee (entrainement+masquage en 0.14s).
[client 1] round 224 : mise a jour locale envoyee (entrainement+masquage en 0.15s).
[client 1] round 225 : mise a jour locale envoyee (entrainement+masquage en 0.16s).
[client 1] round 226 : mise a jour locale envoyee (entrainement+masquage en 0.14s).
[client 1] round 227 : mise a jour locale envoyee (entrainement+masquage en 0.13s).
[client 1] round 228 : mise a jour locale envoyee (entrainement+masquage en 0.14s).
[client 1] round 229 : mise a jour locale envoyee (entrainement+masquage en 0.15s).
[client 1] round 230 : mise a jour locale envoyee (entrainement+masquage en 0.14s).
[client 1] entrainement federe termine (message DONE recu).
