[client 5] parts de Shamir detenues pour les clients : [1, 2, 3, 4]
[client 5] jeu de donnees local charge : 33 exemples.
[client 5] connecte au serveur (TLS), HELLO envoye.
[client 5] configuration recue. poids FedAvg = 0.0103
[client 5] round 1 : mise a jour locale envoyee (entrainement+masquage en 0.02s).
[client 5] round 2 : mise a jour locale envoyee (entrainement+masquage en 0.02s).
[client 5] round 3 : mise a jour locale envoyee (entrainement+masquage en 0.01s).
[client 5] round 4 : mise a jour locale envoyee (entrainement+masquage en 0.02s).
[client 5] round 5 : mise a jour locale envoyee (entrainement+masquage en 0.03s).
[client 5] round 6 : mise a jour locale envoyee (entrainement+masquage en 0.01s).
[client 5] round 7 : mise a jour locale envoyee (entrainement+masquage en 0.01s).
[client 5] round 8 : mise a jour locale envoyee (entrainement+masquage en 0.02s).
[client 5] round 9 : mise a jour locale envoyee (entrainement+masquage en 0.01s).
[client 5] round 10 : mise a jour locale envoyee (entrainement+masquage en 0.02s).
[client 5] round 11 : mise a jour locale envoyee (entrainement+masquage en 0.02s).
[client 5] round 12 : mise a jour locale envoyee (entrainement+masquage en 0.01s).
[client 5] round 13 : mise a jour locale envoyee (entrainement+masquage en 0.01s).
[client 5] round 14 : mise a jour locale envoyee (entrainement+masquage en 0.01s).
[client 5] round 15 : mise a jour locale envoyee (entrainement+masquage en 0.02s).
[client 5] round 16 : mise a jour locale envoyee (entrainement+masquage en 0.01s).
[client 5] round 17 : mise a jour locale envoyee (entrainement+masquage en 0.01s).
[client 5] round 18 : mise a jour locale envoyee (entrainement+masquage en 0.01s).
[client 5] round 19 : mise a jour locale envoyee (entrainement+masquage en 0.02s).
[client 5] round 20 : mise a jour locale envoyee (entrainement+masquage en 0.02s).
[client 5] round 21 : mise a jour locale envoyee (entrainement+masquage en 0.01s).
[client 5] round 22 : mise a jour locale envoyee (entrainement+masquage en 0.01s).
[client 5] round 23 : mise a jour locale envoyee (entrainement+masquage en 0.01s).
[client 5] round 24 : mise a jour locale envoyee (entrainement+masquage en 0.02s).
[client 5] round 25 : mise a jour locale envoyee (entrainement+masquage en 0.02s).
[client 5] round 26 : mise a jour locale envoyee (entrainement+masquage en 0.01s).
[client 5] round 27 : mise a jour locale envoyee (entrainement+masquage en 0.01s).
[client 5] round 28 : mise a jour locale envoyee (entrainement+masquage en 0.01s).
[client 5] round 29 : mise a jour locale envoyee (entrainement+masquage en 0.01s).
[client 5] round 30 : mise a jour locale envoyee (entrainement+masquage en 0.01s).
[client 5] round 31 : mise a jour locale envoyee (entrainement+masquage en 0.01s).
[client 5] round 32 : mise a jour locale envoyee (entrainement+masquage en 0.02s).
[client 5] round 33 : mise a jour locale envoyee (entrainement+masquage en 0.01s).
[client 5] round 34 : mise a jour locale envoyee (entrainement+masquage en 0.01s).
[client 5] round 35 : mise a jour locale envoyee (entrainement+masquage en 0.01s).
[client 5] round 36 : mise a jour locale envoyee (entrainement+masquage en 0.01s).
[client 5] round 37 : mise a jour locale envoyee (entrainement+masquage en 0.01s).
[client 5] round 38 : mise a jour locale envoyee (entrainement+masquage en 0.01s).
[client 5] round 39 : mise a jour locale envoyee (entrainement+masquage en 0.01s).
[client 5] round 40 : mise a jour locale envoyee (entrainement+masquage en 0.02s).
[client 5] round 41 : mise a jour locale envoyee (entrainement+masquage en 0.02s).
[client 5] round 42 : mise a jour locale envoyee (entrainement+masquage en 0.02s).
[client 5] round 43 : mise a jour locale envoyee (entrainement+masquage en 0.01s).
[client 5] round 44 : mise a jour locale envoyee (entrainement+masquage en 0.01s).
[client 5] round 45 : mise a jour locale envoyee (entrainement+masquage en 0.01s).
[client 5] round 46 : mise a jour locale envoyee (entrainement+masquage en 0.01s).
[client 5] round 47 : mise a jour locale envoyee (entrainement+masquage en 0.01s).
[client 5] round 48 : mise a jour locale envoyee (entrainement+masquage en 0.01s).
[client 5] round 49 : mise a jour locale envoyee (entrainement+masquage en 0.01s).
[client 5] round 50 : mise a jour locale envoyee (entrainement+masquage en 0.01s).
[client 5] round 51 : mise a jour locale envoyee (entrainement+masquage en 0.01s).
[client 5] round 52 : mise a jour locale envoyee (entrainement+masquage en 0.01s).
[client 5] round 53 : mise a jour locale envoyee (entrainement+masquage en 0.01s).
[client 5] round 54 : mise a jour locale envoyee (entrainement+masquage en 0.01s).
[client 5] round 55 : mise a jour locale envoyee (entrainement+masquage en 0.02s).
[client 5] round 56 : mise a jour locale envoyee (entrainement+masquage en 0.01s).
[client 5] round 57 : mise a jour locale envoyee (entrainement+masquage en 0.01s).
[client 5] round 58 : mise a jour locale envoyee (entrainement+masquage en 0.01s).
[client 5] round 59 : mise a jour locale envoyee (entrainement+masquage en 0.01s).
[client 5] round 60 : mise a jour locale envoyee (entrainement+masquage en 0.01s).
[client 5] round 61 : mise a jour locale envoyee (entrainement+masquage en 0.01s).
[client 5] round 62 : mise a jour locale envoyee (entrainement+masquage en 0.01s).
[client 5] round 63 : mise a jour locale envoyee (entrainement+masquage en 0.02s).
[client 5] round 64 : mise a jour locale envoyee (entrainement+masquage en 0.01s).
[client 5] round 65 : mise a jour locale envoyee (entrainement+masquage en 0.02s).
[client 5] round 66 : mise a jour locale envoyee (entrainement+masquage en 0.01s).
[client 5] round 67 : mise a jour locale envoyee (entrainement+masquage en 0.01s).
[client 5] round 68 : mise a jour locale envoyee (entrainement+masquage en 0.02s).
[client 5] round 69 : mise a jour locale envoyee (entrainement+masquage en 0.01s).
[client 5] round 70 : mise a jour locale envoyee (entrainement+masquage en 0.01s).
[client 5] round 71 : mise a jour locale envoyee (entrainement+masquage en 0.01s).
[client 5] round 72 : mise a jour locale envoyee (entrainement+masquage en 0.01s).
[client 5] round 73 : mise a jour locale envoyee (entrainement+masquage en 0.01s).
[client 5] round 74 : mise a jour locale envoyee (entrainement+masquage en 0.01s).
[client 5] round 75 : mise a jour locale envoyee (entrainement+masquage en 0.01s).
[client 5] round 76 : mise a jour locale envoyee (entrainement+masquage en 0.01s).
[client 5] round 77 : mise a jour locale envoyee (entrainement+masquage en 0.02s).
[client 5] round 78 : mise a jour locale envoyee (entrainement+masquage en 0.02s).
[client 5] round 79 : mise a jour locale envoyee (entrainement+masquage en 0.01s).
[client 5] round 80 : mise a jour locale envoyee (entrainement+masquage en 0.01s).
[client 5] round 81 : mise a jour locale envoyee (entrainement+masquage en 0.02s).
[client 5] round 82 : mise a jour locale envoyee (entrainement+masquage en 0.01s).
[client 5] round 83 : mise a jour locale envoyee (entrainement+masquage en 0.01s).
[client 5] round 84 : mise a jour locale envoyee (entrainement+masquage en 0.02s).
[client 5] round 85 : mise a jour locale envoyee (entrainement+masquage en 0.02s).
[client 5] round 86 : mise a jour locale envoyee (entrainement+masquage en 0.02s).
[client 5] round 87 : mise a jour locale envoyee (entrainement+masquage en 0.02s).
[client 5] round 88 : mise a jour locale envoyee (entrainement+masquage en 0.02s).
[client 5] round 89 : mise a jour locale envoyee (entrainement+masquage en 0.01s).
[client 5] round 90 : mise a jour locale envoyee (entrainement+masquage en 0.01s).
[client 5] round 91 : mise a jour locale envoyee (entrainement+masquage en 0.02s).
[client 5] round 92 : mise a jour locale envoyee (entrainement+masquage en 0.01s).
[client 5] round 93 : mise a jour locale envoyee (entrainement+masquage en 0.01s).
[client 5] round 94 : mise a jour locale envoyee (entrainement+masquage en 0.01s).
[client 5] round 95 : mise a jour locale envoyee (entrainement+masquage en 0.01s).
[client 5] round 96 : mise a jour locale envoyee (entrainement+masquage en 0.02s).
[client 5] round 97 : mise a jour locale envoyee (entrainement+masquage en 0.01s).
[client 5] round 98 : mise a jour locale envoyee (entrainement+masquage en 0.01s).
[client 5] round 99 : mise a jour locale envoyee (entrainement+masquage en 0.02s).
[client 5] round 100 : mise a jour locale envoyee (entrainement+masquage en 0.02s).
[client 5] round 101 : mise a jour locale envoyee (entrainement+masquage en 0.01s).
[client 5] round 102 : mise a jour locale envoyee (entrainement+masquage en 0.02s).
[client 5] round 103 : mise a jour locale envoyee (entrainement+masquage en 0.01s).
[client 5] round 104 : mise a jour locale envoyee (entrainement+masquage en 0.02s).
[client 5] round 105 : mise a jour locale envoyee (entrainement+masquage en 0.01s).
[client 5] round 106 : mise a jour locale envoyee (entrainement+masquage en 0.01s).
[client 5] round 107 : mise a jour locale envoyee (entrainement+masquage en 0.02s).
[client 5] round 108 : mise a jour locale envoyee (entrainement+masquage en 0.02s).
[client 5] round 109 : mise a jour locale envoyee (entrainement+masquage en 0.01s).
[client 5] round 110 : mise a jour locale envoyee (entrainement+masquage en 0.01s).
[client 5] round 111 : mise a jour locale envoyee (entrainement+masquage en 0.01s).
[client 5] round 112 : mise a jour locale envoyee (entrainement+masquage en 0.02s).
[client 5] round 113 : mise a jour locale envoyee (entrainement+masquage en 0.01s).
[client 5] round 114 : mise a jour locale envoyee (entrainement+masquage en 0.01s).
[client 5] round 115 : mise a jour locale envoyee (entrainement+masquage en 0.01s).
[client 5] round 116 : mise a jour locale envoyee (entrainement+masquage en 0.02s).
[client 5] round 117 : mise a jour locale envoyee (entrainement+masquage en 0.01s).
[client 5] round 118 : mise a jour locale envoyee (entrainement+masquage en 0.01s).
[client 5] round 119 : mise a jour locale envoyee (entrainement+masquage en 0.02s).
[client 5] round 120 : mise a jour locale envoyee (entrainement+masquage en 0.01s).
[client 5] round 121 : mise a jour locale envoyee (entrainement+masquage en 0.02s).
[client 5] round 122 : mise a jour locale envoyee (entrainement+masquage en 0.01s).
[client 5] round 123 : mise a jour locale envoyee (entrainement+masquage en 0.01s).
[client 5] round 124 : mise a jour locale envoyee (entrainement+masquage en 0.02s).
[client 5] round 125 : mise a jour locale envoyee (entrainement+masquage en 0.01s).
[client 5] round 126 : mise a jour locale envoyee (entrainement+masquage en 0.01s).
[client 5] round 127 : mise a jour locale envoyee (entrainement+masquage en 0.01s).
[client 5] round 128 : mise a jour locale envoyee (entrainement+masquage en 0.01s).
[client 5] round 129 : mise a jour locale envoyee (entrainement+masquage en 0.01s).
[client 5] round 130 : mise a jour locale envoyee (entrainement+masquage en 0.01s).
[client 5] round 131 : mise a jour locale envoyee (entrainement+masquage en 0.01s).
[client 5] round 132 : mise a jour locale envoyee (entrainement+masquage en 0.02s).
[client 5] round 133 : mise a jour locale envoyee (entrainement+masquage en 0.01s).
[client 5] round 134 : mise a jour locale envoyee (entrainement+masquage en 0.01s).
[client 5] round 135 : mise a jour locale envoyee (entrainement+masquage en 0.01s).
[client 5] round 136 : mise a jour locale envoyee (entrainement+masquage en 0.01s).
[client 5] round 137 : mise a jour locale envoyee (entrainement+masquage en 0.01s).
[client 5] round 138 : mise a jour locale envoyee (entrainement+masquage en 0.01s).
[client 5] round 139 : mise a jour locale envoyee (entrainement+masquage en 0.01s).
[client 5] round 140 : mise a jour locale envoyee (entrainement+masquage en 0.01s).
[client 5] round 141 : mise a jour locale envoyee (entrainement+masquage en 0.02s).
[client 5] round 142 : mise a jour locale envoyee (entrainement+masquage en 0.01s).
[client 5] round 143 : mise a jour locale envoyee (entrainement+masquage en 0.01s).
[client 5] round 144 : mise a jour locale envoyee (entrainement+masquage en 0.01s).
[client 5] round 145 : mise a jour locale envoyee (entrainement+masquage en 0.01s).
[client 5] round 146 : mise a jour locale envoyee (entrainement+masquage en 0.01s).
[client 5] round 147 : mise a jour locale envoyee (entrainement+masquage en 0.01s).
[client 5] round 148 : mise a jour locale envoyee (entrainement+masquage en 0.01s).
[client 5] round 149 : mise a jour locale envoyee (entrainement+masquage en 0.02s).
[client 5] round 150 : mise a jour locale envoyee (entrainement+masquage en 0.01s).
[client 5] round 151 : mise a jour locale envoyee (entrainement+masquage en 0.01s).
[client 5] round 152 : mise a jour locale envoyee (entrainement+masquage en 0.02s).
[client 5] round 153 : mise a jour locale envoyee (entrainement+masquage en 0.01s).
[client 5] round 154 : mise a jour locale envoyee (entrainement+masquage en 0.01s).
[client 5] round 155 : mise a jour locale envoyee (entrainement+masquage en 0.02s).
[client 5] round 156 : mise a jour locale envoyee (entrainement+masquage en 0.01s).
[client 5] round 157 : mise a jour locale envoyee (entrainement+masquage en 0.02s).
[client 5] round 158 : mise a jour locale envoyee (entrainement+masquage en 0.01s).
[client 5] round 159 : mise a jour locale envoyee (entrainement+masquage en 0.01s).
[client 5] round 160 : mise a jour locale envoyee (entrainement+masquage en 0.01s).
[client 5] round 161 : mise a jour locale envoyee (entrainement+masquage en 0.01s).
[client 5] round 162 : mise a jour locale envoyee (entrainement+masquage en 0.01s).
[client 5] round 163 : mise a jour locale envoyee (entrainement+masquage en 0.01s).
[client 5] round 164 : mise a jour locale envoyee (entrainement+masquage en 0.01s).
[client 5] round 165 : mise a jour locale envoyee (entrainement+masquage en 0.02s).
[client 5] round 166 : mise a jour locale envoyee (entrainement+masquage en 0.01s).
[client 5] round 167 : mise a jour locale envoyee (entrainement+masquage en 0.01s).
[client 5] round 168 : mise a jour locale envoyee (entrainement+masquage en 0.01s).
[client 5] round 169 : mise a jour locale envoyee (entrainement+masquage en 0.02s).
[client 5] round 170 : mise a jour locale envoyee (entrainement+masquage en 0.01s).
[client 5] round 171 : mise a jour locale envoyee (entrainement+masquage en 0.01s).
[client 5] round 172 : mise a jour locale envoyee (entrainement+masquage en 0.02s).
[client 5] round 173 : mise a jour locale envoyee (entrainement+masquage en 0.02s).
[client 5] round 174 : mise a jour locale envoyee (entrainement+masquage en 0.02s).
[client 5] round 175 : mise a jour locale envoyee (entrainement+masquage en 0.02s).
[client 5] round 176 : mise a jour locale envoyee (entrainement+masquage en 0.01s).
[client 5] round 177 : mise a jour locale envoyee (entrainement+masquage en 0.01s).
[client 5] round 178 : mise a jour locale envoyee (entrainement+masquage en 0.01s).
[client 5] round 179 : mise a jour locale envoyee (entrainement+masquage en 0.01s).
[client 5] round 180 : mise a jour locale envoyee (entrainement+masquage en 0.02s).
[client 5] round 181 : mise a jour locale envoyee (entrainement+masquage en 0.02s).
[client 5] round 182 : mise a jour locale envoyee (entrainement+masquage en 0.02s).
[client 5] round 183 : mise a jour locale envoyee (entrainement+masquage en 0.02s).
[client 5] round 184 : mise a jour locale envoyee (entrainement+masquage en 0.02s).
[client 5] round 185 : mise a jour locale envoyee (entrainement+masquage en 0.02s).
[client 5] round 186 : mise a jour locale envoyee (entrainement+masquage en 0.02s).
[client 5] round 187 : mise a jour locale envoyee (entrainement+masquage en 0.01s).
[client 5] round 188 : mise a jour locale envoyee (entrainement+masquage en 0.01s).
[client 5] round 189 : mise a jour locale envoyee (entrainement+masquage en 0.01s).
[client 5] round 190 : mise a jour locale envoyee (entrainement+masquage en 0.01s).
[client 5] round 191 : mise a jour locale envoyee (entrainement+masquage en 0.01s).
[client 5] round 192 : mise a jour locale envoyee (entrainement+masquage en 0.01s).
[client 5] round 193 : mise a jour locale envoyee (entrainement+masquage en 0.01s).
[client 5] round 194 : mise a jour locale envoyee (entrainement+masquage en 0.01s).
[client 5] round 195 : mise a jour locale envoyee (entrainement+masquage en 0.01s).
[client 5] round 196 : mise a jour locale envoyee (entrainement+masquage en 0.01s).
[client 5] round 197 : mise a jour locale envoyee (entrainement+masquage en 0.01s).
[client 5] round 198 : mise a jour locale envoyee (entrainement+masquage en 0.01s).
[client 5] round 199 : mise a jour locale envoyee (entrainement+masquage en 0.02s).
[client 5] round 200 : mise a jour locale envoyee (entrainement+masquage en 0.01s).
[client 5] round 201 : mise a jour locale envoyee (entrainement+masquage en 0.01s).
[client 5] round 202 : mise a jour locale envoyee (entrainement+masquage en 0.02s).
[client 5] round 203 : mise a jour locale envoyee (entrainement+masquage en 0.02s).
[client 5] round 204 : mise a jour locale envoyee (entrainement+masquage en 0.01s).
[client 5] round 205 : mise a jour locale envoyee (entrainement+masquage en 0.02s).
[client 5] round 206 : mise a jour locale envoyee (entrainement+masquage en 0.01s).
[client 5] round 207 : mise a jour locale envoyee (entrainement+masquage en 0.01s).
[client 5] round 208 : mise a jour locale envoyee (entrainement+masquage en 0.02s).
[client 5] round 209 : mise a jour locale envoyee (entrainement+masquage en 0.02s).
[client 5] round 210 : mise a jour locale envoyee (entrainement+masquage en 0.01s).
[client 5] round 211 : mise a jour locale envoyee (entrainement+masquage en 0.01s).
[client 5] round 212 : mise a jour locale envoyee (entrainement+masquage en 0.02s).
[client 5] round 213 : mise a jour locale envoyee (entrainement+masquage en 0.01s).
[client 5] round 214 : mise a jour locale envoyee (entrainement+masquage en 0.01s).
[client 5] round 215 : mise a jour locale envoyee (entrainement+masquage en 0.01s).
[client 5] round 216 : mise a jour locale envoyee (entrainement+masquage en 0.02s).
[client 5] round 217 : mise a jour locale envoyee (entrainement+masquage en 0.01s).
[client 5] round 218 : mise a jour locale envoyee (entrainement+masquage en 0.01s).
[client 5] round 219 : mise a jour locale envoyee (entrainement+masquage en 0.01s).
[client 5] round 220 : mise a jour locale envoyee (entrainement+masquage en 0.01s).
[client 5] round 221 : mise a jour locale envoyee (entrainement+masquage en 0.01s).
[client 5] round 222 : mise a jour locale envoyee (entrainement+masquage en 0.01s).
[client 5] round 223 : mise a jour locale envoyee (entrainement+masquage en 0.02s).
[client 5] round 224 : mise a jour locale envoyee (entrainement+masquage en 0.01s).
[client 5] round 225 : mise a jour locale envoyee (entrainement+masquage en 0.01s).
[client 5] round 226 : mise a jour locale envoyee (entrainement+masquage en 0.01s).
[client 5] round 227 : mise a jour locale envoyee (entrainement+masquage en 0.02s).
[client 5] round 228 : mise a jour locale envoyee (entrainement+masquage en 0.02s).
[client 5] round 229 : mise a jour locale envoyee (entrainement+masquage en 0.01s).
[client 5] round 230 : mise a jour locale envoyee (entrainement+masquage en 0.02s).
[client 5] entrainement federe termine (message DONE recu).
