[server] en ecoute sur 127.0.0.1:8765 (TLS), attente de 5 clients...
[server] client 1 connecte (n_k=1589 exemples locaux).
[server] client 2 connecte (n_k=1255 exemples locaux).
[server] client 3 connecte (n_k=58 exemples locaux).
[server] client 4 connecte (n_k=265 exemples locaux).
[server] client 5 connecte (n_k=33 exemples locaux).
[server] phase de configuration terminee. n_total=3200, poids={'1': 0.4965625, '2': 0.3921875, '3': 0.018125, '4': 0.0828125, '5': 0.0103125}
[server] round   1/230 | actifs= 5 | acc=0.749 prec=0.313 recall=0.796 F1=0.449 loss=0.4991 | eps=1.799 | duree=0.198s
[server] round   2/230 | actifs= 5 | acc=0.797 prec=0.364 recall=0.767 F1=0.494 loss=0.4226 | eps=2.545 | duree=0.201s
[server] round   3/230 | actifs= 5 | acc=0.849 prec=0.442 recall=0.660 F1=0.529 loss=0.3484 | eps=3.117 | duree=0.166s
[server] round   4/230 | actifs= 5 | acc=0.892 prec=0.588 recall=0.553 F1=0.570 loss=0.2987 | eps=3.599 | duree=0.276s
[server] (( simulation de decrochage du client 3 au round 5 ))
[server] part de Shamir recue du client 1 pour reconstruire le client 3.
[server] part de Shamir recue du client 2 pour reconstruire le client 3.
[server] part de Shamir recue du client 4 pour reconstruire le client 3.
[server] cle privee du client 3 reconstruite avec succes (3 parts).
[server] round   5/230 | actifs= 4 | acc=0.891 prec=0.660 recall=0.320 F1=0.431 loss=0.2744 | eps=4.024 | duree=0.24s
[server] round   6/230 | actifs= 4 | acc=0.882 prec=0.667 recall=0.175 F1=0.277 loss=0.2687 | eps=4.408 | duree=0.201s
[server] round   7/230 | actifs= 4 | acc=0.880 prec=0.769 recall=0.097 F1=0.172 loss=0.2737 | eps=4.761 | duree=0.159s
[server] round   8/230 | actifs= 4 | acc=0.879 prec=0.875 recall=0.068 F1=0.126 loss=0.2823 | eps=5.090 | duree=0.157s
[server] round   9/230 | actifs= 4 | acc=0.876 prec=0.833 recall=0.049 F1=0.092 loss=0.2932 | eps=5.398 | duree=0.151s
[server] round  10/230 | actifs= 4 | acc=0.876 prec=0.833 recall=0.049 F1=0.092 loss=0.2998 | eps=5.690 | duree=0.155s
[server] round  11/230 | actifs= 4 | acc=0.876 prec=0.833 recall=0.049 F1=0.092 loss=0.3046 | eps=5.968 | duree=0.157s
[server] round  12/230 | actifs= 4 | acc=0.876 prec=0.833 recall=0.049 F1=0.092 loss=0.3081 | eps=6.233 | duree=0.142s
[server] round  13/230 | actifs= 4 | acc=0.876 prec=0.833 recall=0.049 F1=0.092 loss=0.3104 | eps=6.488 | duree=0.162s
[server] round  14/230 | actifs= 4 | acc=0.875 prec=0.800 recall=0.039 F1=0.074 loss=0.3126 | eps=6.733 | duree=0.131s
[server] round  15/230 | actifs= 4 | acc=0.875 prec=0.800 recall=0.039 F1=0.074 loss=0.3120 | eps=6.969 | duree=0.173s
[server] round  16/230 | actifs= 4 | acc=0.876 prec=0.833 recall=0.049 F1=0.092 loss=0.3100 | eps=7.198 | duree=0.171s
[server] round  17/230 | actifs= 4 | acc=0.876 prec=0.833 recall=0.049 F1=0.092 loss=0.3138 | eps=7.419 | duree=0.187s
[server] round  18/230 | actifs= 4 | acc=0.877 prec=0.857 recall=0.058 F1=0.109 loss=0.3150 | eps=7.634 | duree=0.146s
[server] round  19/230 | actifs= 4 | acc=0.879 prec=0.875 recall=0.068 F1=0.126 loss=0.3161 | eps=7.844 | duree=0.15s
[server] round  20/230 | actifs= 4 | acc=0.879 prec=0.875 recall=0.068 F1=0.126 loss=0.3167 | eps=8.047 | duree=0.15s
[server] round  21/230 | actifs= 4 | acc=0.880 prec=0.889 recall=0.078 F1=0.143 loss=0.3157 | eps=8.246 | duree=0.137s
[server] round  22/230 | actifs= 4 | acc=0.880 prec=0.889 recall=0.078 F1=0.143 loss=0.3172 | eps=8.440 | duree=0.156s
[server] round  23/230 | actifs= 4 | acc=0.880 prec=0.889 recall=0.078 F1=0.143 loss=0.3154 | eps=8.630 | duree=0.159s
[server] round  24/230 | actifs= 4 | acc=0.880 prec=0.889 recall=0.078 F1=0.143 loss=0.3143 | eps=8.815 | duree=0.129s
[server] round  25/230 | actifs= 4 | acc=0.881 prec=0.900 recall=0.087 F1=0.159 loss=0.3130 | eps=8.997 | duree=0.134s
[server] round  26/230 | actifs= 4 | acc=0.881 prec=0.900 recall=0.087 F1=0.159 loss=0.3117 | eps=9.175 | duree=0.178s
[server] round  27/230 | actifs= 4 | acc=0.880 prec=0.818 recall=0.087 F1=0.158 loss=0.3101 | eps=9.350 | duree=0.175s
[server] round  28/230 | actifs= 4 | acc=0.877 prec=0.692 recall=0.087 F1=0.155 loss=0.3095 | eps=9.522 | duree=0.14s
[server] round  29/230 | actifs= 4 | acc=0.877 prec=0.692 recall=0.087 F1=0.155 loss=0.3138 | eps=9.690 | duree=0.143s
[server] round  30/230 | actifs= 4 | acc=0.877 prec=0.692 recall=0.087 F1=0.155 loss=0.3132 | eps=9.856 | duree=0.139s
[server] round  31/230 | actifs= 4 | acc=0.880 prec=0.733 recall=0.107 F1=0.186 loss=0.3116 | eps=10.019 | duree=0.117s
[server] round  32/230 | actifs= 4 | acc=0.880 prec=0.733 recall=0.107 F1=0.186 loss=0.3149 | eps=10.179 | duree=0.158s
[server] round  33/230 | actifs= 4 | acc=0.880 prec=0.733 recall=0.107 F1=0.186 loss=0.3120 | eps=10.337 | duree=0.131s
[server] round  34/230 | actifs= 4 | acc=0.881 prec=0.722 recall=0.126 F1=0.215 loss=0.3093 | eps=10.492 | duree=0.131s
[server] round  35/230 | actifs= 4 | acc=0.882 prec=0.714 recall=0.146 F1=0.242 loss=0.3076 | eps=10.646 | duree=0.121s
[server] round  36/230 | actifs= 4 | acc=0.884 prec=0.727 recall=0.155 F1=0.256 loss=0.3074 | eps=10.797 | duree=0.146s
[server] round  37/230 | actifs= 4 | acc=0.881 prec=0.667 recall=0.155 F1=0.252 loss=0.3069 | eps=10.946 | duree=0.156s
[server] round  38/230 | actifs= 4 | acc=0.880 prec=0.640 recall=0.155 F1=0.250 loss=0.3052 | eps=11.093 | duree=0.165s
[server] round  39/230 | actifs= 4 | acc=0.881 prec=0.654 recall=0.165 F1=0.264 loss=0.3036 | eps=11.238 | duree=0.128s
[server] round  40/230 | actifs= 4 | acc=0.884 prec=0.692 recall=0.175 F1=0.279 loss=0.3050 | eps=11.381 | duree=0.291s
[server] round  41/230 | actifs= 4 | acc=0.881 prec=0.643 recall=0.175 F1=0.275 loss=0.3050 | eps=11.522 | duree=0.145s
[server] round  42/230 | actifs= 4 | acc=0.882 prec=0.655 recall=0.184 F1=0.288 loss=0.3050 | eps=11.662 | duree=0.161s
[server] round  43/230 | actifs= 4 | acc=0.884 prec=0.667 recall=0.194 F1=0.301 loss=0.3053 | eps=11.800 | duree=0.143s
[server] round  44/230 | actifs= 4 | acc=0.886 prec=0.676 recall=0.223 F1=0.336 loss=0.3048 | eps=11.936 | duree=0.194s
[server] round  45/230 | actifs= 4 | acc=0.886 prec=0.688 recall=0.214 F1=0.326 loss=0.3051 | eps=12.071 | duree=0.292s
[server] round  46/230 | actifs= 4 | acc=0.887 prec=0.686 recall=0.233 F1=0.348 loss=0.3049 | eps=12.204 | duree=0.136s
[server] round  47/230 | actifs= 4 | acc=0.889 prec=0.694 recall=0.243 F1=0.360 loss=0.3060 | eps=12.336 | duree=0.132s
[server] round  48/230 | actifs= 4 | acc=0.891 prec=0.711 recall=0.262 F1=0.383 loss=0.3061 | eps=12.467 | duree=0.145s
[server] round  49/230 | actifs= 4 | acc=0.891 prec=0.711 recall=0.262 F1=0.383 loss=0.3075 | eps=12.596 | duree=0.119s
[server] round  50/230 | actifs= 4 | acc=0.891 prec=0.722 recall=0.252 F1=0.374 loss=0.3092 | eps=12.724 | duree=0.128s
[server] round  51/230 | actifs= 4 | acc=0.890 prec=0.703 recall=0.252 F1=0.371 loss=0.3093 | eps=12.851 | duree=0.142s
[server] round  52/230 | actifs= 4 | acc=0.887 prec=0.676 recall=0.243 F1=0.357 loss=0.3095 | eps=12.976 | duree=0.129s
[server] round  53/230 | actifs= 4 | acc=0.890 prec=0.703 recall=0.252 F1=0.371 loss=0.3110 | eps=13.100 | duree=0.13s
[server] round  54/230 | actifs= 4 | acc=0.892 prec=0.718 recall=0.272 F1=0.394 loss=0.3086 | eps=13.223 | duree=0.156s
[server] round  55/230 | actifs= 4 | acc=0.891 prec=0.711 recall=0.262 F1=0.383 loss=0.3101 | eps=13.345 | duree=0.181s
[server] round  56/230 | actifs= 4 | acc=0.890 prec=0.692 recall=0.262 F1=0.380 loss=0.3098 | eps=13.466 | duree=0.127s
[server] round  57/230 | actifs= 4 | acc=0.891 prec=0.690 recall=0.282 F1=0.400 loss=0.3084 | eps=13.586 | duree=0.134s
[server] round  58/230 | actifs= 4 | acc=0.891 prec=0.700 recall=0.272 F1=0.392 loss=0.3096 | eps=13.704 | duree=0.148s
[server] round  59/230 | actifs= 4 | acc=0.890 prec=0.683 recall=0.272 F1=0.389 loss=0.3079 | eps=13.822 | duree=0.14s
[server] round  60/230 | actifs= 4 | acc=0.892 prec=0.707 recall=0.282 F1=0.403 loss=0.3082 | eps=13.938 | duree=0.124s
[server] round  61/230 | actifs= 4 | acc=0.891 prec=0.690 recall=0.282 F1=0.400 loss=0.3087 | eps=14.054 | duree=0.142s
[server] round  62/230 | actifs= 4 | acc=0.892 prec=0.707 recall=0.282 F1=0.403 loss=0.3125 | eps=14.169 | duree=0.139s
[server] round  63/230 | actifs= 4 | acc=0.892 prec=0.707 recall=0.282 F1=0.403 loss=0.3116 | eps=14.283 | duree=0.15s
[server] round  64/230 | actifs= 4 | acc=0.891 prec=0.700 recall=0.272 F1=0.392 loss=0.3144 | eps=14.396 | duree=0.128s
[server] round  65/230 | actifs= 4 | acc=0.891 prec=0.700 recall=0.272 F1=0.392 loss=0.3161 | eps=14.508 | duree=0.144s
[server] round  66/230 | actifs= 4 | acc=0.894 prec=0.725 recall=0.282 F1=0.406 loss=0.3158 | eps=14.619 | duree=0.15s
[server] round  67/230 | actifs= 4 | acc=0.891 prec=0.711 recall=0.262 F1=0.383 loss=0.3167 | eps=14.729 | duree=0.135s
[server] round  68/230 | actifs= 4 | acc=0.894 prec=0.725 recall=0.282 F1=0.406 loss=0.3170 | eps=14.839 | duree=0.145s
[server] round  69/230 | actifs= 4 | acc=0.892 prec=0.718 recall=0.272 F1=0.394 loss=0.3155 | eps=14.947 | duree=0.155s
[server] round  70/230 | actifs= 4 | acc=0.891 prec=0.700 recall=0.272 F1=0.392 loss=0.3159 | eps=15.055 | duree=0.15s
[server] round  71/230 | actifs= 4 | acc=0.890 prec=0.674 recall=0.282 F1=0.397 loss=0.3171 | eps=15.162 | duree=0.149s
[server] round  72/230 | actifs= 4 | acc=0.890 prec=0.683 recall=0.272 F1=0.389 loss=0.3174 | eps=15.269 | duree=0.148s
[server] round  73/230 | actifs= 4 | acc=0.890 prec=0.683 recall=0.272 F1=0.389 loss=0.3192 | eps=15.374 | duree=0.14s
[server] round  74/230 | actifs= 4 | acc=0.887 prec=0.651 recall=0.272 F1=0.384 loss=0.3196 | eps=15.479 | duree=0.169s
[server] round  75/230 | actifs= 4 | acc=0.887 prec=0.651 recall=0.272 F1=0.384 loss=0.3194 | eps=15.584 | duree=0.13s
[server] round  76/230 | actifs= 4 | acc=0.887 prec=0.651 recall=0.272 F1=0.384 loss=0.3195 | eps=15.687 | duree=0.144s
[server] round  77/230 | actifs= 4 | acc=0.889 prec=0.667 recall=0.272 F1=0.386 loss=0.3204 | eps=15.790 | duree=0.146s
[server] round  78/230 | actifs= 4 | acc=0.889 prec=0.667 recall=0.272 F1=0.386 loss=0.3206 | eps=15.892 | duree=0.154s
[server] round  79/230 | actifs= 4 | acc=0.890 prec=0.674 recall=0.282 F1=0.397 loss=0.3197 | eps=15.994 | duree=0.171s
[server] round  80/230 | actifs= 4 | acc=0.892 prec=0.698 recall=0.291 F1=0.411 loss=0.3200 | eps=16.095 | duree=0.14s
[server] round  81/230 | actifs= 4 | acc=0.889 prec=0.667 recall=0.272 F1=0.386 loss=0.3231 | eps=16.195 | duree=0.138s
[server] round  82/230 | actifs= 4 | acc=0.892 prec=0.707 recall=0.282 F1=0.403 loss=0.3232 | eps=16.295 | duree=0.145s
[server] round  83/230 | actifs= 4 | acc=0.889 prec=0.675 recall=0.262 F1=0.378 loss=0.3231 | eps=16.394 | duree=0.159s
[server] round  84/230 | actifs= 4 | acc=0.890 prec=0.683 recall=0.272 F1=0.389 loss=0.3252 | eps=16.492 | duree=0.135s
[server] round  85/230 | actifs= 4 | acc=0.890 prec=0.683 recall=0.272 F1=0.389 loss=0.3255 | eps=16.590 | duree=0.135s
[server] round  86/230 | actifs= 4 | acc=0.887 prec=0.644 recall=0.282 F1=0.392 loss=0.3232 | eps=16.687 | duree=0.167s
[server] round  87/230 | actifs= 4 | acc=0.892 prec=0.681 recall=0.311 F1=0.427 loss=0.3235 | eps=16.784 | duree=0.153s
[server] round  88/230 | actifs= 4 | acc=0.891 prec=0.660 recall=0.320 F1=0.431 loss=0.3221 | eps=16.880 | duree=0.139s
[server] round  89/230 | actifs= 4 | acc=0.894 prec=0.688 recall=0.320 F1=0.437 loss=0.3236 | eps=16.976 | duree=0.253s
[server] round  90/230 | actifs= 4 | acc=0.894 prec=0.696 recall=0.311 F1=0.430 loss=0.3260 | eps=17.071 | duree=0.199s
[server] round  91/230 | actifs= 4 | acc=0.891 prec=0.674 recall=0.301 F1=0.416 loss=0.3281 | eps=17.166 | duree=0.151s
[server] round  92/230 | actifs= 4 | acc=0.887 prec=0.633 recall=0.301 F1=0.408 loss=0.3262 | eps=17.260 | duree=0.127s
[server] round  93/230 | actifs= 4 | acc=0.890 prec=0.667 recall=0.291 F1=0.405 loss=0.3273 | eps=17.353 | duree=0.148s
[server] round  94/230 | actifs= 4 | acc=0.891 prec=0.667 recall=0.311 F1=0.424 loss=0.3286 | eps=17.446 | duree=0.138s
[server] round  95/230 | actifs= 4 | acc=0.892 prec=0.689 recall=0.301 F1=0.419 loss=0.3302 | eps=17.539 | duree=0.149s
[server] round  96/230 | actifs= 4 | acc=0.891 prec=0.674 recall=0.301 F1=0.416 loss=0.3301 | eps=17.631 | duree=0.161s
[server] round  97/230 | actifs= 4 | acc=0.892 prec=0.673 recall=0.320 F1=0.434 loss=0.3294 | eps=17.722 | duree=0.13s
[server] round  98/230 | actifs= 4 | acc=0.891 prec=0.660 recall=0.320 F1=0.431 loss=0.3303 | eps=17.814 | duree=0.148s
[server] round  99/230 | actifs= 4 | acc=0.891 prec=0.660 recall=0.320 F1=0.431 loss=0.3301 | eps=17.904 | duree=0.141s
[server] round 100/230 | actifs= 4 | acc=0.894 prec=0.673 recall=0.340 F1=0.452 loss=0.3308 | eps=17.994 | duree=0.148s
[server] round 101/230 | actifs= 4 | acc=0.891 prec=0.660 recall=0.320 F1=0.431 loss=0.3307 | eps=18.084 | duree=0.136s
[server] round 102/230 | actifs= 4 | acc=0.889 prec=0.640 recall=0.311 F1=0.418 loss=0.3343 | eps=18.174 | duree=0.144s
[server] round 103/230 | actifs= 4 | acc=0.890 prec=0.660 recall=0.301 F1=0.413 loss=0.3352 | eps=18.262 | duree=0.146s
[server] round 104/230 | actifs= 4 | acc=0.890 prec=0.667 recall=0.291 F1=0.405 loss=0.3376 | eps=18.351 | duree=0.146s
[server] round 105/230 | actifs= 4 | acc=0.886 prec=0.636 recall=0.272 F1=0.381 loss=0.3393 | eps=18.439 | duree=0.136s
[server] round 106/230 | actifs= 4 | acc=0.889 prec=0.652 recall=0.291 F1=0.403 loss=0.3382 | eps=18.526 | duree=0.132s
[server] round 107/230 | actifs= 4 | acc=0.892 prec=0.681 recall=0.311 F1=0.427 loss=0.3378 | eps=18.614 | duree=0.142s
[server] round 108/230 | actifs= 4 | acc=0.892 prec=0.681 recall=0.311 F1=0.427 loss=0.3357 | eps=18.700 | duree=0.142s
[server] round 109/230 | actifs= 4 | acc=0.891 prec=0.660 recall=0.320 F1=0.431 loss=0.3360 | eps=18.787 | duree=0.178s
[server] round 110/230 | actifs= 4 | acc=0.892 prec=0.667 recall=0.330 F1=0.442 loss=0.3342 | eps=18.873 | duree=0.127s
[server] round 111/230 | actifs= 4 | acc=0.894 prec=0.673 recall=0.340 F1=0.452 loss=0.3348 | eps=18.958 | duree=0.149s
[server] round 112/230 | actifs= 4 | acc=0.894 prec=0.673 recall=0.340 F1=0.452 loss=0.3368 | eps=19.044 | duree=0.14s
[server] round 113/230 | actifs= 4 | acc=0.891 prec=0.654 recall=0.330 F1=0.439 loss=0.3374 | eps=19.128 | duree=0.152s
[server] round 114/230 | actifs= 4 | acc=0.891 prec=0.654 recall=0.330 F1=0.439 loss=0.3373 | eps=19.213 | duree=0.143s
[server] round 115/230 | actifs= 4 | acc=0.894 prec=0.667 recall=0.350 F1=0.459 loss=0.3377 | eps=19.297 | duree=0.108s
[server] round 116/230 | actifs= 4 | acc=0.895 prec=0.673 recall=0.359 F1=0.468 loss=0.3374 | eps=19.381 | duree=0.15s
[server] round 117/230 | actifs= 4 | acc=0.891 prec=0.654 recall=0.330 F1=0.439 loss=0.3382 | eps=19.464 | duree=0.135s
[server] round 118/230 | actifs= 4 | acc=0.889 prec=0.646 recall=0.301 F1=0.411 loss=0.3388 | eps=19.547 | duree=0.158s
[server] round 119/230 | actifs= 4 | acc=0.891 prec=0.648 recall=0.340 F1=0.446 loss=0.3376 | eps=19.630 | duree=0.143s
[server] round 120/230 | actifs= 4 | acc=0.892 prec=0.655 recall=0.350 F1=0.456 loss=0.3373 | eps=19.712 | duree=0.136s
[server] round 121/230 | actifs= 4 | acc=0.890 prec=0.636 recall=0.340 F1=0.443 loss=0.3369 | eps=19.794 | duree=0.149s
[server] round 122/230 | actifs= 4 | acc=0.894 prec=0.673 recall=0.340 F1=0.452 loss=0.3388 | eps=19.876 | duree=0.15s
[server] round 123/230 | actifs= 4 | acc=0.894 prec=0.667 recall=0.350 F1=0.459 loss=0.3381 | eps=19.957 | duree=0.16s
[server] round 124/230 | actifs= 4 | acc=0.892 prec=0.660 recall=0.340 F1=0.449 loss=0.3381 | eps=20.038 | duree=0.163s
[server] round 125/230 | actifs= 4 | acc=0.896 prec=0.685 recall=0.359 F1=0.471 loss=0.3396 | eps=20.118 | duree=0.157s
[server] round 126/230 | actifs= 4 | acc=0.894 prec=0.667 recall=0.350 F1=0.459 loss=0.3386 | eps=20.199 | duree=0.142s
[server] round 127/230 | actifs= 4 | acc=0.892 prec=0.660 recall=0.340 F1=0.449 loss=0.3420 | eps=20.279 | duree=0.129s
[server] round 128/230 | actifs= 4 | acc=0.890 prec=0.653 recall=0.311 F1=0.421 loss=0.3424 | eps=20.358 | duree=0.148s
[server] round 129/230 | actifs= 4 | acc=0.892 prec=0.660 recall=0.340 F1=0.449 loss=0.3429 | eps=20.438 | duree=0.154s
[server] round 130/230 | actifs= 4 | acc=0.890 prec=0.647 recall=0.320 F1=0.429 loss=0.3434 | eps=20.517 | duree=0.155s
[server] round 131/230 | actifs= 4 | acc=0.894 prec=0.661 recall=0.359 F1=0.465 loss=0.3415 | eps=20.596 | duree=0.246s
[server] round 132/230 | actifs= 4 | acc=0.892 prec=0.660 recall=0.340 F1=0.449 loss=0.3419 | eps=20.674 | duree=0.191s
[server] round 133/230 | actifs= 4 | acc=0.894 prec=0.673 recall=0.340 F1=0.452 loss=0.3433 | eps=20.752 | duree=0.147s
[server] round 134/230 | actifs= 4 | acc=0.894 prec=0.680 recall=0.330 F1=0.444 loss=0.3444 | eps=20.830 | duree=0.109s
[server] round 135/230 | actifs= 4 | acc=0.891 prec=0.654 recall=0.330 F1=0.439 loss=0.3439 | eps=20.908 | duree=0.138s
[server] round 136/230 | actifs= 4 | acc=0.891 prec=0.654 recall=0.330 F1=0.439 loss=0.3424 | eps=20.985 | duree=0.128s
[server] round 137/230 | actifs= 4 | acc=0.890 prec=0.647 recall=0.320 F1=0.429 loss=0.3462 | eps=21.062 | duree=0.138s
[server] round 138/230 | actifs= 4 | acc=0.892 prec=0.655 recall=0.350 F1=0.456 loss=0.3457 | eps=21.139 | duree=0.15s
[server] round 139/230 | actifs= 4 | acc=0.890 prec=0.642 recall=0.330 F1=0.436 loss=0.3446 | eps=21.215 | duree=0.175s
[server] round 140/230 | actifs= 4 | acc=0.892 prec=0.660 recall=0.340 F1=0.449 loss=0.3460 | eps=21.291 | duree=0.142s
[server] round 141/230 | actifs= 4 | acc=0.897 prec=0.684 recall=0.379 F1=0.488 loss=0.3439 | eps=21.367 | duree=0.15s
[server] round 142/230 | actifs= 4 | acc=0.896 prec=0.679 recall=0.369 F1=0.478 loss=0.3457 | eps=21.443 | duree=0.128s
[server] round 143/230 | actifs= 4 | acc=0.896 prec=0.672 recall=0.379 F1=0.484 loss=0.3469 | eps=21.518 | duree=0.134s
[server] round 144/230 | actifs= 4 | acc=0.897 prec=0.684 recall=0.379 F1=0.488 loss=0.3460 | eps=21.593 | duree=0.153s
[server] round 145/230 | actifs= 4 | acc=0.895 prec=0.673 recall=0.359 F1=0.468 loss=0.3457 | eps=21.668 | duree=0.155s
[server] round 146/230 | actifs= 4 | acc=0.896 prec=0.679 recall=0.369 F1=0.478 loss=0.3440 | eps=21.743 | duree=0.16s
[server] round 147/230 | actifs= 4 | acc=0.891 prec=0.648 recall=0.340 F1=0.446 loss=0.3459 | eps=21.817 | duree=0.136s
[server] round 148/230 | actifs= 4 | acc=0.890 prec=0.636 recall=0.340 F1=0.443 loss=0.3468 | eps=21.891 | duree=0.139s
[server] round 149/230 | actifs= 4 | acc=0.890 prec=0.636 recall=0.340 F1=0.443 loss=0.3499 | eps=21.965 | duree=0.143s
[server] round 150/230 | actifs= 4 | acc=0.891 prec=0.643 recall=0.350 F1=0.453 loss=0.3510 | eps=22.039 | duree=0.133s
[server] round 151/230 | actifs= 4 | acc=0.892 prec=0.649 recall=0.359 F1=0.463 loss=0.3516 | eps=22.112 | duree=0.131s
[server] round 152/230 | actifs= 4 | acc=0.892 prec=0.649 recall=0.359 F1=0.463 loss=0.3517 | eps=22.185 | duree=0.147s
[server] round 153/230 | actifs= 4 | acc=0.890 prec=0.636 recall=0.340 F1=0.443 loss=0.3521 | eps=22.258 | duree=0.157s
[server] round 154/230 | actifs= 4 | acc=0.890 prec=0.636 recall=0.340 F1=0.443 loss=0.3545 | eps=22.331 | duree=0.13s
[server] round 155/230 | actifs= 4 | acc=0.891 prec=0.648 recall=0.340 F1=0.446 loss=0.3532 | eps=22.403 | duree=0.155s
[server] round 156/230 | actifs= 4 | acc=0.891 prec=0.643 recall=0.350 F1=0.453 loss=0.3499 | eps=22.475 | duree=0.127s
[server] round 157/230 | actifs= 4 | acc=0.894 prec=0.661 recall=0.359 F1=0.465 loss=0.3498 | eps=22.547 | duree=0.156s
[server] round 158/230 | actifs= 4 | acc=0.891 prec=0.643 recall=0.350 F1=0.453 loss=0.3506 | eps=22.619 | duree=0.139s
[server] round 159/230 | actifs= 4 | acc=0.889 prec=0.625 recall=0.340 F1=0.440 loss=0.3526 | eps=22.690 | duree=0.125s
[server] round 160/230 | actifs= 4 | acc=0.890 prec=0.636 recall=0.340 F1=0.443 loss=0.3533 | eps=22.761 | duree=0.155s
[server] round 161/230 | actifs= 4 | acc=0.891 prec=0.643 recall=0.350 F1=0.453 loss=0.3539 | eps=22.832 | duree=0.148s
[server] round 162/230 | actifs= 4 | acc=0.891 prec=0.643 recall=0.350 F1=0.453 loss=0.3537 | eps=22.903 | duree=0.149s
[server] round 163/230 | actifs= 4 | acc=0.890 prec=0.636 recall=0.340 F1=0.443 loss=0.3546 | eps=22.974 | duree=0.134s
[server] round 164/230 | actifs= 4 | acc=0.889 prec=0.630 recall=0.330 F1=0.433 loss=0.3572 | eps=23.044 | duree=0.127s
[server] round 165/230 | actifs= 4 | acc=0.889 prec=0.630 recall=0.330 F1=0.433 loss=0.3562 | eps=23.114 | duree=0.153s
[server] round 166/230 | actifs= 4 | acc=0.889 prec=0.635 recall=0.320 F1=0.426 loss=0.3579 | eps=23.184 | duree=0.155s
[server] round 167/230 | actifs= 4 | acc=0.891 prec=0.648 recall=0.340 F1=0.446 loss=0.3588 | eps=23.254 | duree=0.124s
[server] round 168/230 | actifs= 4 | acc=0.891 prec=0.648 recall=0.340 F1=0.446 loss=0.3579 | eps=23.324 | duree=0.116s
[server] round 169/230 | actifs= 4 | acc=0.890 prec=0.636 recall=0.340 F1=0.443 loss=0.3591 | eps=23.393 | duree=0.146s
[server] round 170/230 | actifs= 4 | acc=0.889 prec=0.635 recall=0.320 F1=0.426 loss=0.3599 | eps=23.462 | duree=0.143s
[server] round 171/230 | actifs= 4 | acc=0.891 prec=0.648 recall=0.340 F1=0.446 loss=0.3590 | eps=23.531 | duree=0.129s
[server] round 172/230 | actifs= 4 | acc=0.891 prec=0.654 recall=0.330 F1=0.439 loss=0.3587 | eps=23.600 | duree=0.29s
[server] round 173/230 | actifs= 4 | acc=0.891 prec=0.648 recall=0.340 F1=0.446 loss=0.3585 | eps=23.668 | duree=0.154s
[server] round 174/230 | actifs= 4 | acc=0.892 prec=0.655 recall=0.350 F1=0.456 loss=0.3570 | eps=23.736 | duree=0.122s
[server] round 175/230 | actifs= 4 | acc=0.894 prec=0.661 recall=0.359 F1=0.465 loss=0.3565 | eps=23.804 | duree=0.139s
[server] round 176/230 | actifs= 4 | acc=0.894 prec=0.655 recall=0.369 F1=0.472 loss=0.3573 | eps=23.872 | duree=0.153s
[server] round 177/230 | actifs= 4 | acc=0.895 prec=0.661 recall=0.379 F1=0.481 loss=0.3565 | eps=23.940 | duree=0.177s
[server] round 178/230 | actifs= 4 | acc=0.890 prec=0.636 recall=0.340 F1=0.443 loss=0.3558 | eps=24.008 | duree=0.134s
[server] round 179/230 | actifs= 4 | acc=0.890 prec=0.636 recall=0.340 F1=0.443 loss=0.3562 | eps=24.075 | duree=0.147s
[server] round 180/230 | actifs= 4 | acc=0.896 prec=0.667 recall=0.388 F1=0.491 loss=0.3560 | eps=24.142 | duree=0.146s
[server] round 181/230 | actifs= 4 | acc=0.895 prec=0.667 recall=0.369 F1=0.475 loss=0.3589 | eps=24.209 | duree=0.145s
[server] round 182/230 | actifs= 4 | acc=0.892 prec=0.649 recall=0.359 F1=0.463 loss=0.3606 | eps=24.276 | duree=0.125s
[server] round 183/230 | actifs= 4 | acc=0.892 prec=0.649 recall=0.359 F1=0.463 loss=0.3616 | eps=24.342 | duree=0.143s
[server] round 184/230 | actifs= 4 | acc=0.887 prec=0.623 recall=0.320 F1=0.423 loss=0.3644 | eps=24.409 | duree=0.166s
[server] round 185/230 | actifs= 4 | acc=0.891 prec=0.643 recall=0.350 F1=0.453 loss=0.3633 | eps=24.475 | duree=0.145s
[server] round 186/230 | actifs= 4 | acc=0.890 prec=0.636 recall=0.340 F1=0.443 loss=0.3653 | eps=24.541 | duree=0.145s
[server] round 187/230 | actifs= 4 | acc=0.891 prec=0.643 recall=0.350 F1=0.453 loss=0.3675 | eps=24.607 | duree=0.131s
[server] round 188/230 | actifs= 4 | acc=0.889 prec=0.635 recall=0.320 F1=0.426 loss=0.3679 | eps=24.673 | duree=0.147s
[server] round 189/230 | actifs= 4 | acc=0.887 prec=0.627 recall=0.311 F1=0.416 loss=0.3666 | eps=24.738 | duree=0.163s
[server] round 190/230 | actifs= 4 | acc=0.890 prec=0.647 recall=0.320 F1=0.429 loss=0.3685 | eps=24.804 | duree=0.14s
[server] round 191/230 | actifs= 4 | acc=0.890 prec=0.647 recall=0.320 F1=0.429 loss=0.3689 | eps=24.869 | duree=0.137s
[server] round 192/230 | actifs= 4 | acc=0.887 prec=0.627 recall=0.311 F1=0.416 loss=0.3688 | eps=24.934 | duree=0.144s
[server] round 193/230 | actifs= 4 | acc=0.891 prec=0.643 recall=0.350 F1=0.453 loss=0.3652 | eps=24.999 | duree=0.143s
[server] round 194/230 | actifs= 4 | acc=0.891 prec=0.643 recall=0.350 F1=0.453 loss=0.3635 | eps=25.063 | duree=0.15s
[server] round 195/230 | actifs= 4 | acc=0.895 prec=0.661 recall=0.379 F1=0.481 loss=0.3637 | eps=25.128 | duree=0.147s
[server] round 196/230 | actifs= 4 | acc=0.895 prec=0.667 recall=0.369 F1=0.475 loss=0.3633 | eps=25.192 | duree=0.144s
[server] round 197/230 | actifs= 4 | acc=0.894 prec=0.655 recall=0.369 F1=0.472 loss=0.3627 | eps=25.256 | duree=0.179s
[server] round 198/230 | actifs= 4 | acc=0.892 prec=0.644 recall=0.369 F1=0.469 loss=0.3626 | eps=25.320 | duree=0.144s
[server] round 199/230 | actifs= 4 | acc=0.897 prec=0.684 recall=0.379 F1=0.488 loss=0.3615 | eps=25.384 | duree=0.144s
[server] round 200/230 | actifs= 4 | acc=0.896 prec=0.667 recall=0.388 F1=0.491 loss=0.3633 | eps=25.448 | duree=0.16s
[server] round 201/230 | actifs= 4 | acc=0.894 prec=0.655 recall=0.369 F1=0.472 loss=0.3624 | eps=25.512 | duree=0.129s
[server] round 202/230 | actifs= 4 | acc=0.894 prec=0.661 recall=0.359 F1=0.465 loss=0.3633 | eps=25.575 | duree=0.125s
[server] round 203/230 | actifs= 4 | acc=0.895 prec=0.661 recall=0.379 F1=0.481 loss=0.3653 | eps=25.638 | duree=0.148s
[server] round 204/230 | actifs= 4 | acc=0.892 prec=0.649 recall=0.359 F1=0.463 loss=0.3672 | eps=25.701 | duree=0.164s
[server] round 205/230 | actifs= 4 | acc=0.895 prec=0.661 recall=0.379 F1=0.481 loss=0.3670 | eps=25.764 | duree=0.131s
[server] round 206/230 | actifs= 4 | acc=0.892 prec=0.655 recall=0.350 F1=0.456 loss=0.3682 | eps=25.827 | duree=0.139s
[server] round 207/230 | actifs= 4 | acc=0.895 prec=0.661 recall=0.379 F1=0.481 loss=0.3684 | eps=25.890 | duree=0.143s
[server] round 208/230 | actifs= 4 | acc=0.892 prec=0.649 recall=0.359 F1=0.463 loss=0.3710 | eps=25.952 | duree=0.148s
[server] round 209/230 | actifs= 4 | acc=0.891 prec=0.643 recall=0.350 F1=0.453 loss=0.3709 | eps=26.014 | duree=0.148s
[server] round 210/230 | actifs= 4 | acc=0.895 prec=0.661 recall=0.379 F1=0.481 loss=0.3688 | eps=26.076 | duree=0.151s
[server] round 211/230 | actifs= 4 | acc=0.892 prec=0.649 recall=0.359 F1=0.463 loss=0.3695 | eps=26.138 | duree=0.156s
[server] round 212/230 | actifs= 4 | acc=0.890 prec=0.636 recall=0.340 F1=0.443 loss=0.3676 | eps=26.200 | duree=0.138s
[server] round 213/230 | actifs= 4 | acc=0.891 prec=0.643 recall=0.350 F1=0.453 loss=0.3679 | eps=26.262 | duree=0.137s
[server] round 214/230 | actifs= 4 | acc=0.892 prec=0.649 recall=0.359 F1=0.463 loss=0.3664 | eps=26.324 | duree=0.137s
[server] round 215/230 | actifs= 4 | acc=0.892 prec=0.649 recall=0.359 F1=0.463 loss=0.3686 | eps=26.385 | duree=0.291s
[server] round 216/230 | actifs= 4 | acc=0.894 prec=0.655 recall=0.369 F1=0.472 loss=0.3671 | eps=26.446 | duree=0.167s
[server] round 217/230 | actifs= 4 | acc=0.894 prec=0.655 recall=0.369 F1=0.472 loss=0.3681 | eps=26.508 | duree=0.136s
[server] round 218/230 | actifs= 4 | acc=0.894 prec=0.655 recall=0.369 F1=0.472 loss=0.3673 | eps=26.569 | duree=0.145s
[server] round 219/230 | actifs= 4 | acc=0.895 prec=0.667 recall=0.369 F1=0.475 loss=0.3674 | eps=26.629 | duree=0.124s
[server] round 220/230 | actifs= 4 | acc=0.895 prec=0.667 recall=0.369 F1=0.475 loss=0.3688 | eps=26.690 | duree=0.138s
[server] round 221/230 | actifs= 4 | acc=0.894 prec=0.655 recall=0.369 F1=0.472 loss=0.3705 | eps=26.751 | duree=0.113s
[server] round 222/230 | actifs= 4 | acc=0.896 prec=0.672 recall=0.379 F1=0.484 loss=0.3687 | eps=26.811 | duree=0.154s
[server] round 223/230 | actifs= 4 | acc=0.895 prec=0.661 recall=0.379 F1=0.481 loss=0.3675 | eps=26.871 | duree=0.14s
[server] round 224/230 | actifs= 4 | acc=0.894 prec=0.655 recall=0.369 F1=0.472 loss=0.3672 | eps=26.932 | duree=0.157s
[server] round 225/230 | actifs= 4 | acc=0.894 prec=0.661 recall=0.359 F1=0.465 loss=0.3688 | eps=26.992 | duree=0.167s
[server] round 226/230 | actifs= 4 | acc=0.894 prec=0.655 recall=0.369 F1=0.472 loss=0.3672 | eps=27.052 | duree=0.153s
[server] round 227/230 | actifs= 4 | acc=0.896 prec=0.672 recall=0.379 F1=0.484 loss=0.3678 | eps=27.111 | duree=0.143s
[server] round 228/230 | actifs= 4 | acc=0.892 prec=0.655 recall=0.350 F1=0.456 loss=0.3691 | eps=27.171 | duree=0.147s
[server] round 229/230 | actifs= 4 | acc=0.890 prec=0.642 recall=0.330 F1=0.436 loss=0.3692 | eps=27.231 | duree=0.159s
[server] round 230/230 | actifs= 4 | acc=0.891 prec=0.654 recall=0.330 F1=0.439 loss=0.3699 | eps=27.290 | duree=0.143s
[server] modele global final sauvegarde dans results_B\global_model_final.npz
[server] historique des metriques sauvegarde dans results_B\metrics_history.csv
[server] entrainement federe termine.
