[server] en ecoute sur 127.0.0.1:8765 (TLS), attente de 5 clients...
[server] client 1 connecte (n_k=1589 exemples locaux).
[server] client 2 connecte (n_k=1255 exemples locaux).
[server] client 3 connecte (n_k=58 exemples locaux).
[server] client 4 connecte (n_k=265 exemples locaux).
[server] client 5 connecte (n_k=33 exemples locaux).
[server] phase de configuration terminee. n_total=3200, poids={'1': 0.4965625, '2': 0.3921875, '3': 0.018125, '4': 0.0828125, '5': 0.0103125}
[server] round   1/230 | actifs= 5 | acc=0.767 prec=0.332 recall=0.796 F1=0.469 loss=0.4887 | eps=1.799 | duree=0.265s
[server] round   2/230 | actifs= 5 | acc=0.801 prec=0.364 recall=0.728 F1=0.485 loss=0.4086 | eps=2.545 | duree=0.259s
[server] round   3/230 | actifs= 5 | acc=0.853 prec=0.447 recall=0.612 F1=0.516 loss=0.3380 | eps=3.117 | duree=0.287s
[server] round   4/230 | actifs= 5 | acc=0.890 prec=0.586 recall=0.495 F1=0.537 loss=0.2937 | eps=3.599 | duree=0.222s
[server] round   5/230 | actifs= 5 | acc=0.892 prec=0.660 recall=0.340 F1=0.449 loss=0.2725 | eps=4.024 | duree=0.22s
[server] round   6/230 | actifs= 5 | acc=0.887 prec=0.741 recall=0.194 F1=0.308 loss=0.2684 | eps=4.408 | duree=0.187s
[server] round   7/230 | actifs= 5 | acc=0.881 prec=0.833 recall=0.097 F1=0.174 loss=0.2754 | eps=4.761 | duree=0.185s
[server] round   8/230 | actifs= 5 | acc=0.877 prec=0.857 recall=0.058 F1=0.109 loss=0.2857 | eps=5.090 | duree=0.191s
[server] round   9/230 | actifs= 5 | acc=0.876 prec=0.833 recall=0.049 F1=0.092 loss=0.2935 | eps=5.398 | duree=0.185s
[server] round  10/230 | actifs= 5 | acc=0.876 prec=0.833 recall=0.049 F1=0.092 loss=0.2999 | eps=5.690 | duree=0.169s
[server] round  11/230 | actifs= 5 | acc=0.875 prec=0.800 recall=0.039 F1=0.074 loss=0.3036 | eps=5.968 | duree=0.156s
[server] round  12/230 | actifs= 5 | acc=0.876 prec=0.833 recall=0.049 F1=0.092 loss=0.3067 | eps=6.233 | duree=0.148s
[server] round  13/230 | actifs= 5 | acc=0.875 prec=0.800 recall=0.039 F1=0.074 loss=0.3112 | eps=6.488 | duree=0.143s
[server] round  14/230 | actifs= 5 | acc=0.876 prec=0.833 recall=0.049 F1=0.092 loss=0.3118 | eps=6.733 | duree=0.133s
[server] round  15/230 | actifs= 5 | acc=0.876 prec=0.833 recall=0.049 F1=0.092 loss=0.3117 | eps=6.969 | duree=0.164s
[server] round  16/230 | actifs= 5 | acc=0.876 prec=0.833 recall=0.049 F1=0.092 loss=0.3112 | eps=7.198 | duree=0.149s
[server] round  17/230 | actifs= 5 | acc=0.876 prec=0.833 recall=0.049 F1=0.092 loss=0.3142 | eps=7.419 | duree=0.147s
[server] round  18/230 | actifs= 5 | acc=0.877 prec=0.857 recall=0.058 F1=0.109 loss=0.3107 | eps=7.634 | duree=0.147s
[server] round  19/230 | actifs= 5 | acc=0.879 prec=0.875 recall=0.068 F1=0.126 loss=0.3124 | eps=7.844 | duree=0.138s
[server] round  20/230 | actifs= 5 | acc=0.880 prec=0.889 recall=0.078 F1=0.143 loss=0.3120 | eps=8.047 | duree=0.145s
[server] round  21/230 | actifs= 5 | acc=0.880 prec=0.889 recall=0.078 F1=0.143 loss=0.3121 | eps=8.246 | duree=0.137s
[server] round  22/230 | actifs= 5 | acc=0.881 prec=0.900 recall=0.087 F1=0.159 loss=0.3103 | eps=8.440 | duree=0.144s
[server] round  23/230 | actifs= 5 | acc=0.879 prec=0.750 recall=0.087 F1=0.157 loss=0.3106 | eps=8.630 | duree=0.143s
[server] round  24/230 | actifs= 5 | acc=0.879 prec=0.750 recall=0.087 F1=0.157 loss=0.3124 | eps=8.815 | duree=0.153s
[server] round  25/230 | actifs= 5 | acc=0.879 prec=0.750 recall=0.087 F1=0.157 loss=0.3130 | eps=8.997 | duree=0.156s
[server] round  26/230 | actifs= 5 | acc=0.879 prec=0.714 recall=0.097 F1=0.171 loss=0.3106 | eps=9.175 | duree=0.246s
[server] round  27/230 | actifs= 5 | acc=0.880 prec=0.769 recall=0.097 F1=0.172 loss=0.3126 | eps=9.350 | duree=0.33s
[server] round  28/230 | actifs= 5 | acc=0.880 prec=0.769 recall=0.097 F1=0.172 loss=0.3103 | eps=9.522 | duree=0.573s
[server] round  29/230 | actifs= 5 | acc=0.877 prec=0.667 recall=0.097 F1=0.169 loss=0.3087 | eps=9.690 | duree=0.342s
[server] round  30/230 | actifs= 5 | acc=0.881 prec=0.750 recall=0.117 F1=0.202 loss=0.3073 | eps=9.856 | duree=0.311s
[server] round  31/230 | actifs= 5 | acc=0.880 prec=0.667 recall=0.136 F1=0.226 loss=0.3037 | eps=10.019 | duree=0.207s
[server] round  32/230 | actifs= 5 | acc=0.880 prec=0.652 recall=0.146 F1=0.238 loss=0.3039 | eps=10.179 | duree=0.207s
[server] round  33/230 | actifs= 5 | acc=0.882 prec=0.696 recall=0.155 F1=0.254 loss=0.3042 | eps=10.337 | duree=0.176s
[server] round  34/230 | actifs= 5 | acc=0.881 prec=0.682 recall=0.146 F1=0.240 loss=0.3051 | eps=10.492 | duree=0.148s
[server] round  35/230 | actifs= 5 | acc=0.881 prec=0.654 recall=0.165 F1=0.264 loss=0.3044 | eps=10.646 | duree=0.266s
[server] round  36/230 | actifs= 5 | acc=0.882 prec=0.667 recall=0.175 F1=0.277 loss=0.3054 | eps=10.797 | duree=0.202s
[server] round  37/230 | actifs= 5 | acc=0.884 prec=0.692 recall=0.175 F1=0.279 loss=0.3050 | eps=10.946 | duree=0.159s
[server] round  38/230 | actifs= 5 | acc=0.882 prec=0.680 recall=0.165 F1=0.266 loss=0.3078 | eps=11.093 | duree=0.221s
[server] round  39/230 | actifs= 5 | acc=0.884 prec=0.708 recall=0.165 F1=0.268 loss=0.3089 | eps=11.238 | duree=0.247s
[server] round  40/230 | actifs= 5 | acc=0.881 prec=0.667 recall=0.155 F1=0.252 loss=0.3101 | eps=11.381 | duree=0.222s
[server] round  41/230 | actifs= 5 | acc=0.881 prec=0.654 recall=0.165 F1=0.264 loss=0.3055 | eps=11.522 | duree=0.666s
[server] round  42/230 | actifs= 5 | acc=0.884 prec=0.679 recall=0.184 F1=0.290 loss=0.3045 | eps=11.662 | duree=0.72s
[server] round  43/230 | actifs= 5 | acc=0.885 prec=0.677 recall=0.204 F1=0.313 loss=0.3043 | eps=11.800 | duree=0.584s
[server] round  44/230 | actifs= 5 | acc=0.886 prec=0.700 recall=0.204 F1=0.316 loss=0.3040 | eps=11.936 | duree=0.361s
[server] round  45/230 | actifs= 5 | acc=0.886 prec=0.700 recall=0.204 F1=0.316 loss=0.3059 | eps=12.071 | duree=0.466s
[server] round  46/230 | actifs= 5 | acc=0.889 prec=0.706 recall=0.233 F1=0.350 loss=0.3057 | eps=12.204 | duree=0.363s
[server] round  47/230 | actifs= 5 | acc=0.890 prec=0.714 recall=0.243 F1=0.362 loss=0.3060 | eps=12.336 | duree=0.286s
[server] round  48/230 | actifs= 5 | acc=0.889 prec=0.706 recall=0.233 F1=0.350 loss=0.3069 | eps=12.467 | duree=0.242s
[server] round  49/230 | actifs= 5 | acc=0.890 prec=0.714 recall=0.243 F1=0.362 loss=0.3069 | eps=12.596 | duree=0.231s
[server] round  50/230 | actifs= 5 | acc=0.889 prec=0.706 recall=0.233 F1=0.350 loss=0.3090 | eps=12.724 | duree=0.274s
[server] round  51/230 | actifs= 5 | acc=0.890 prec=0.714 recall=0.243 F1=0.362 loss=0.3081 | eps=12.851 | duree=0.211s
[server] round  52/230 | actifs= 5 | acc=0.890 prec=0.714 recall=0.243 F1=0.362 loss=0.3102 | eps=12.976 | duree=0.354s
[server] round  53/230 | actifs= 5 | acc=0.892 prec=0.730 recall=0.262 F1=0.386 loss=0.3093 | eps=13.100 | duree=0.33s
[server] round  54/230 | actifs= 5 | acc=0.891 prec=0.722 recall=0.252 F1=0.374 loss=0.3084 | eps=13.223 | duree=0.283s
[server] round  55/230 | actifs= 5 | acc=0.892 prec=0.730 recall=0.262 F1=0.386 loss=0.3085 | eps=13.345 | duree=0.222s
[server] round  56/230 | actifs= 5 | acc=0.890 prec=0.714 recall=0.243 F1=0.362 loss=0.3115 | eps=13.466 | duree=0.358s
[server] round  57/230 | actifs= 5 | acc=0.890 prec=0.714 recall=0.243 F1=0.362 loss=0.3097 | eps=13.586 | duree=0.31s
[server] round  58/230 | actifs= 5 | acc=0.891 prec=0.711 recall=0.262 F1=0.383 loss=0.3103 | eps=13.704 | duree=0.305s
[server] round  59/230 | actifs= 5 | acc=0.891 prec=0.711 recall=0.262 F1=0.383 loss=0.3100 | eps=13.822 | duree=0.295s
[server] round  60/230 | actifs= 5 | acc=0.891 prec=0.722 recall=0.252 F1=0.374 loss=0.3135 | eps=13.938 | duree=0.342s
[server] round  61/230 | actifs= 5 | acc=0.890 prec=0.703 recall=0.252 F1=0.371 loss=0.3128 | eps=14.054 | duree=0.372s
[server] round  62/230 | actifs= 5 | acc=0.891 prec=0.711 recall=0.262 F1=0.383 loss=0.3129 | eps=14.169 | duree=0.248s
[server] round  63/230 | actifs= 5 | acc=0.891 prec=0.700 recall=0.272 F1=0.392 loss=0.3115 | eps=14.283 | duree=0.262s
[server] round  64/230 | actifs= 5 | acc=0.891 prec=0.690 recall=0.282 F1=0.400 loss=0.3100 | eps=14.396 | duree=0.322s
[server] round  65/230 | actifs= 5 | acc=0.891 prec=0.690 recall=0.282 F1=0.400 loss=0.3105 | eps=14.508 | duree=0.241s
[server] round  66/230 | actifs= 5 | acc=0.891 prec=0.711 recall=0.262 F1=0.383 loss=0.3125 | eps=14.619 | duree=0.309s
[server] round  67/230 | actifs= 5 | acc=0.889 prec=0.675 recall=0.262 F1=0.378 loss=0.3139 | eps=14.729 | duree=0.221s
[server] round  68/230 | actifs= 5 | acc=0.891 prec=0.700 recall=0.272 F1=0.392 loss=0.3164 | eps=14.839 | duree=0.331s
[server] round  69/230 | actifs= 5 | acc=0.890 prec=0.683 recall=0.272 F1=0.389 loss=0.3176 | eps=14.947 | duree=0.36s
[server] round  70/230 | actifs= 5 | acc=0.890 prec=0.683 recall=0.272 F1=0.389 loss=0.3165 | eps=15.055 | duree=0.501s
[server] round  71/230 | actifs= 5 | acc=0.889 prec=0.667 recall=0.272 F1=0.386 loss=0.3177 | eps=15.162 | duree=0.385s
[server] round  72/230 | actifs= 5 | acc=0.889 prec=0.675 recall=0.262 F1=0.378 loss=0.3200 | eps=15.269 | duree=0.226s
[server] round  73/230 | actifs= 5 | acc=0.887 prec=0.659 recall=0.262 F1=0.375 loss=0.3176 | eps=15.374 | duree=0.312s
[server] round  74/230 | actifs= 5 | acc=0.887 prec=0.659 recall=0.262 F1=0.375 loss=0.3195 | eps=15.479 | duree=0.318s
[server] round  75/230 | actifs= 5 | acc=0.887 prec=0.659 recall=0.262 F1=0.375 loss=0.3176 | eps=15.584 | duree=0.298s
[server] round  76/230 | actifs= 5 | acc=0.891 prec=0.690 recall=0.282 F1=0.400 loss=0.3182 | eps=15.687 | duree=0.273s
[server] round  77/230 | actifs= 5 | acc=0.890 prec=0.674 recall=0.282 F1=0.397 loss=0.3191 | eps=15.790 | duree=0.219s
[server] round  78/230 | actifs= 5 | acc=0.890 prec=0.674 recall=0.282 F1=0.397 loss=0.3200 | eps=15.892 | duree=0.37s
[server] round  79/230 | actifs= 5 | acc=0.890 prec=0.674 recall=0.282 F1=0.397 loss=0.3220 | eps=15.994 | duree=0.561s
[server] round  80/230 | actifs= 5 | acc=0.889 prec=0.667 recall=0.272 F1=0.386 loss=0.3234 | eps=16.095 | duree=0.333s
[server] round  81/230 | actifs= 5 | acc=0.889 prec=0.667 recall=0.272 F1=0.386 loss=0.3258 | eps=16.195 | duree=0.355s
[server] round  82/230 | actifs= 5 | acc=0.887 prec=0.659 recall=0.262 F1=0.375 loss=0.3257 | eps=16.295 | duree=0.7s
[server] round  83/230 | actifs= 5 | acc=0.887 prec=0.644 recall=0.282 F1=0.392 loss=0.3245 | eps=16.394 | duree=0.374s
[server] round  84/230 | actifs= 5 | acc=0.889 prec=0.667 recall=0.272 F1=0.386 loss=0.3261 | eps=16.492 | duree=0.399s
[server] round  85/230 | actifs= 5 | acc=0.892 prec=0.707 recall=0.282 F1=0.403 loss=0.3247 | eps=16.590 | duree=0.229s
[server] round  86/230 | actifs= 5 | acc=0.895 prec=0.721 recall=0.301 F1=0.425 loss=0.3241 | eps=16.687 | duree=0.29s
[server] round  87/230 | actifs= 5 | acc=0.892 prec=0.698 recall=0.291 F1=0.411 loss=0.3249 | eps=16.784 | duree=0.354s
[server] round  88/230 | actifs= 5 | acc=0.892 prec=0.698 recall=0.291 F1=0.411 loss=0.3258 | eps=16.880 | duree=0.274s
[server] round  89/230 | actifs= 5 | acc=0.890 prec=0.667 recall=0.291 F1=0.405 loss=0.3269 | eps=16.976 | duree=0.299s
[server] round  90/230 | actifs= 5 | acc=0.891 prec=0.674 recall=0.301 F1=0.416 loss=0.3295 | eps=17.071 | duree=0.257s
[server] round  91/230 | actifs= 5 | acc=0.890 prec=0.667 recall=0.291 F1=0.405 loss=0.3291 | eps=17.166 | duree=0.216s
[server] round  92/230 | actifs= 5 | acc=0.889 prec=0.646 recall=0.301 F1=0.411 loss=0.3304 | eps=17.260 | duree=0.277s
[server] round  93/230 | actifs= 5 | acc=0.889 prec=0.652 recall=0.291 F1=0.403 loss=0.3314 | eps=17.353 | duree=0.286s
[server] round  94/230 | actifs= 5 | acc=0.889 prec=0.646 recall=0.301 F1=0.411 loss=0.3272 | eps=17.446 | duree=0.345s
[server] round  95/230 | actifs= 5 | acc=0.887 prec=0.638 recall=0.291 F1=0.400 loss=0.3286 | eps=17.539 | duree=0.226s
[server] round  96/230 | actifs= 5 | acc=0.889 prec=0.646 recall=0.301 F1=0.411 loss=0.3303 | eps=17.631 | duree=0.304s
[server] round  97/230 | actifs= 5 | acc=0.889 prec=0.640 recall=0.311 F1=0.418 loss=0.3293 | eps=17.722 | duree=0.368s
[server] round  98/230 | actifs= 5 | acc=0.890 prec=0.653 recall=0.311 F1=0.421 loss=0.3303 | eps=17.814 | duree=0.282s
[server] round  99/230 | actifs= 5 | acc=0.891 prec=0.654 recall=0.330 F1=0.439 loss=0.3308 | eps=17.904 | duree=0.301s
[server] round 100/230 | actifs= 5 | acc=0.892 prec=0.660 recall=0.340 F1=0.449 loss=0.3308 | eps=17.994 | duree=0.363s
[server] round 101/230 | actifs= 5 | acc=0.889 prec=0.635 recall=0.320 F1=0.426 loss=0.3299 | eps=18.084 | duree=0.321s
[server] round 102/230 | actifs= 5 | acc=0.890 prec=0.642 recall=0.330 F1=0.436 loss=0.3293 | eps=18.174 | duree=0.252s
[server] round 103/230 | actifs= 5 | acc=0.891 prec=0.648 recall=0.340 F1=0.446 loss=0.3290 | eps=18.262 | duree=0.312s
[server] round 104/230 | actifs= 5 | acc=0.891 prec=0.654 recall=0.330 F1=0.439 loss=0.3296 | eps=18.351 | duree=0.229s
[server] round 105/230 | actifs= 5 | acc=0.891 prec=0.654 recall=0.330 F1=0.439 loss=0.3315 | eps=18.439 | duree=0.26s
[server] round 106/230 | actifs= 5 | acc=0.890 prec=0.642 recall=0.330 F1=0.436 loss=0.3330 | eps=18.526 | duree=0.243s
[server] round 107/230 | actifs= 5 | acc=0.891 prec=0.654 recall=0.330 F1=0.439 loss=0.3327 | eps=18.614 | duree=0.263s
[server] round 108/230 | actifs= 5 | acc=0.891 prec=0.654 recall=0.330 F1=0.439 loss=0.3329 | eps=18.700 | duree=0.431s
[server] round 109/230 | actifs= 5 | acc=0.891 prec=0.660 recall=0.320 F1=0.431 loss=0.3337 | eps=18.787 | duree=0.372s
[server] round 110/230 | actifs= 5 | acc=0.890 prec=0.660 recall=0.301 F1=0.413 loss=0.3390 | eps=18.873 | duree=0.227s
[server] round 111/230 | actifs= 5 | acc=0.890 prec=0.660 recall=0.301 F1=0.413 loss=0.3386 | eps=18.958 | duree=0.249s
[server] round 112/230 | actifs= 5 | acc=0.892 prec=0.673 recall=0.320 F1=0.434 loss=0.3373 | eps=19.044 | duree=0.285s
[server] round 113/230 | actifs= 5 | acc=0.890 prec=0.653 recall=0.311 F1=0.421 loss=0.3381 | eps=19.128 | duree=0.258s
[server] round 114/230 | actifs= 5 | acc=0.894 prec=0.673 recall=0.340 F1=0.452 loss=0.3398 | eps=19.213 | duree=0.188s
[server] round 115/230 | actifs= 5 | acc=0.892 prec=0.660 recall=0.340 F1=0.449 loss=0.3407 | eps=19.297 | duree=0.172s
[server] round 116/230 | actifs= 5 | acc=0.892 prec=0.655 recall=0.350 F1=0.456 loss=0.3402 | eps=19.381 | duree=0.225s
[server] round 117/230 | actifs= 5 | acc=0.894 prec=0.661 recall=0.359 F1=0.465 loss=0.3391 | eps=19.464 | duree=0.203s
[server] round 118/230 | actifs= 5 | acc=0.894 prec=0.661 recall=0.359 F1=0.465 loss=0.3398 | eps=19.547 | duree=0.325s
[server] round 119/230 | actifs= 5 | acc=0.892 prec=0.655 recall=0.350 F1=0.456 loss=0.3400 | eps=19.630 | duree=0.23s
[server] round 120/230 | actifs= 5 | acc=0.894 prec=0.655 recall=0.369 F1=0.472 loss=0.3400 | eps=19.712 | duree=0.171s
[server] round 121/230 | actifs= 5 | acc=0.895 prec=0.673 recall=0.359 F1=0.468 loss=0.3408 | eps=19.794 | duree=0.221s
[server] round 122/230 | actifs= 5 | acc=0.891 prec=0.648 recall=0.340 F1=0.446 loss=0.3386 | eps=19.876 | duree=0.539s
[server] round 123/230 | actifs= 5 | acc=0.894 prec=0.667 recall=0.350 F1=0.459 loss=0.3374 | eps=19.957 | duree=0.338s
[server] round 124/230 | actifs= 5 | acc=0.892 prec=0.660 recall=0.340 F1=0.449 loss=0.3363 | eps=20.038 | duree=0.221s
[server] round 125/230 | actifs= 5 | acc=0.894 prec=0.667 recall=0.350 F1=0.459 loss=0.3391 | eps=20.118 | duree=0.246s
[server] round 126/230 | actifs= 5 | acc=0.895 prec=0.673 recall=0.359 F1=0.468 loss=0.3412 | eps=20.199 | duree=0.188s
[server] round 127/230 | actifs= 5 | acc=0.892 prec=0.655 recall=0.350 F1=0.456 loss=0.3427 | eps=20.279 | duree=0.186s
[server] round 128/230 | actifs= 5 | acc=0.891 prec=0.654 recall=0.330 F1=0.439 loss=0.3441 | eps=20.358 | duree=0.166s
[server] round 129/230 | actifs= 5 | acc=0.887 prec=0.623 recall=0.320 F1=0.423 loss=0.3456 | eps=20.438 | duree=0.189s
[server] round 130/230 | actifs= 5 | acc=0.891 prec=0.648 recall=0.340 F1=0.446 loss=0.3474 | eps=20.517 | duree=0.2s
[server] round 131/230 | actifs= 5 | acc=0.892 prec=0.649 recall=0.359 F1=0.463 loss=0.3485 | eps=20.596 | duree=0.153s
[server] round 132/230 | actifs= 5 | acc=0.894 prec=0.655 recall=0.369 F1=0.472 loss=0.3496 | eps=20.674 | duree=0.195s
[server] round 133/230 | actifs= 5 | acc=0.892 prec=0.655 recall=0.350 F1=0.456 loss=0.3485 | eps=20.752 | duree=0.184s
[server] round 134/230 | actifs= 5 | acc=0.892 prec=0.660 recall=0.340 F1=0.449 loss=0.3472 | eps=20.830 | duree=0.165s
[server] round 135/230 | actifs= 5 | acc=0.892 prec=0.655 recall=0.350 F1=0.456 loss=0.3462 | eps=20.908 | duree=0.183s
[server] round 136/230 | actifs= 5 | acc=0.892 prec=0.649 recall=0.359 F1=0.463 loss=0.3476 | eps=20.985 | duree=0.164s
[server] round 137/230 | actifs= 5 | acc=0.894 prec=0.655 recall=0.369 F1=0.472 loss=0.3472 | eps=21.062 | duree=0.173s
[server] round 138/230 | actifs= 5 | acc=0.894 prec=0.655 recall=0.369 F1=0.472 loss=0.3468 | eps=21.139 | duree=0.158s
[server] round 139/230 | actifs= 5 | acc=0.894 prec=0.661 recall=0.359 F1=0.465 loss=0.3472 | eps=21.215 | duree=0.16s
[server] round 140/230 | actifs= 5 | acc=0.891 prec=0.648 recall=0.340 F1=0.446 loss=0.3502 | eps=21.291 | duree=0.159s
[server] round 141/230 | actifs= 5 | acc=0.892 prec=0.655 recall=0.350 F1=0.456 loss=0.3510 | eps=21.367 | duree=0.125s
[server] round 142/230 | actifs= 5 | acc=0.892 prec=0.655 recall=0.350 F1=0.456 loss=0.3510 | eps=21.443 | duree=0.132s
[server] round 143/230 | actifs= 5 | acc=0.892 prec=0.649 recall=0.359 F1=0.463 loss=0.3496 | eps=21.518 | duree=0.121s
[server] round 144/230 | actifs= 5 | acc=0.892 prec=0.649 recall=0.359 F1=0.463 loss=0.3495 | eps=21.593 | duree=0.228s
[server] round 145/230 | actifs= 5 | acc=0.889 prec=0.630 recall=0.330 F1=0.433 loss=0.3505 | eps=21.668 | duree=0.192s
[server] round 146/230 | actifs= 5 | acc=0.892 prec=0.649 recall=0.359 F1=0.463 loss=0.3519 | eps=21.743 | duree=0.138s
[server] round 147/230 | actifs= 5 | acc=0.894 prec=0.655 recall=0.369 F1=0.472 loss=0.3512 | eps=21.817 | duree=0.107s
[server] round 148/230 | actifs= 5 | acc=0.896 prec=0.672 recall=0.379 F1=0.484 loss=0.3533 | eps=21.891 | duree=0.145s
[server] round 149/230 | actifs= 5 | acc=0.894 prec=0.655 recall=0.369 F1=0.472 loss=0.3523 | eps=21.965 | duree=0.125s
[server] round 150/230 | actifs= 5 | acc=0.891 prec=0.638 recall=0.359 F1=0.460 loss=0.3534 | eps=22.039 | duree=0.107s
[server] round 151/230 | actifs= 5 | acc=0.891 prec=0.643 recall=0.350 F1=0.453 loss=0.3547 | eps=22.112 | duree=0.128s
[server] round 152/230 | actifs= 5 | acc=0.895 prec=0.667 recall=0.369 F1=0.475 loss=0.3531 | eps=22.185 | duree=0.126s
[server] round 153/230 | actifs= 5 | acc=0.895 prec=0.673 recall=0.359 F1=0.468 loss=0.3517 | eps=22.258 | duree=0.115s
[server] round 154/230 | actifs= 5 | acc=0.897 prec=0.691 recall=0.369 F1=0.481 loss=0.3528 | eps=22.331 | duree=0.124s
[server] round 155/230 | actifs= 5 | acc=0.895 prec=0.679 recall=0.350 F1=0.462 loss=0.3546 | eps=22.403 | duree=0.108s
[server] round 156/230 | actifs= 5 | acc=0.892 prec=0.660 recall=0.340 F1=0.449 loss=0.3552 | eps=22.475 | duree=0.125s
[server] round 157/230 | actifs= 5 | acc=0.892 prec=0.660 recall=0.340 F1=0.449 loss=0.3565 | eps=22.547 | duree=0.128s
[server] round 158/230 | actifs= 5 | acc=0.890 prec=0.642 recall=0.330 F1=0.436 loss=0.3581 | eps=22.619 | duree=0.112s
[server] round 159/230 | actifs= 5 | acc=0.891 prec=0.648 recall=0.340 F1=0.446 loss=0.3565 | eps=22.690 | duree=0.136s
[server] round 160/230 | actifs= 5 | acc=0.894 prec=0.667 recall=0.350 F1=0.459 loss=0.3577 | eps=22.761 | duree=0.107s
[server] round 161/230 | actifs= 5 | acc=0.894 prec=0.661 recall=0.359 F1=0.465 loss=0.3569 | eps=22.832 | duree=0.107s
[server] round 162/230 | actifs= 5 | acc=0.894 prec=0.667 recall=0.350 F1=0.459 loss=0.3564 | eps=22.903 | duree=0.11s
[server] round 163/230 | actifs= 5 | acc=0.891 prec=0.654 recall=0.330 F1=0.439 loss=0.3591 | eps=22.974 | duree=0.176s
[server] round 164/230 | actifs= 5 | acc=0.896 prec=0.679 recall=0.369 F1=0.478 loss=0.3597 | eps=23.044 | duree=0.137s
[server] round 165/230 | actifs= 5 | acc=0.896 prec=0.679 recall=0.369 F1=0.478 loss=0.3583 | eps=23.114 | duree=0.141s
[server] round 166/230 | actifs= 5 | acc=0.895 prec=0.673 recall=0.359 F1=0.468 loss=0.3593 | eps=23.184 | duree=0.129s
[server] round 167/230 | actifs= 5 | acc=0.895 prec=0.661 recall=0.379 F1=0.481 loss=0.3573 | eps=23.254 | duree=0.116s
[server] round 168/230 | actifs= 5 | acc=0.895 prec=0.661 recall=0.379 F1=0.481 loss=0.3564 | eps=23.324 | duree=0.131s
[server] round 169/230 | actifs= 5 | acc=0.897 prec=0.684 recall=0.379 F1=0.488 loss=0.3581 | eps=23.393 | duree=0.126s
[server] round 170/230 | actifs= 5 | acc=0.897 prec=0.678 recall=0.388 F1=0.494 loss=0.3578 | eps=23.462 | duree=0.123s
[server] round 171/230 | actifs= 5 | acc=0.899 prec=0.690 recall=0.388 F1=0.497 loss=0.3590 | eps=23.531 | duree=0.111s
[server] round 172/230 | actifs= 5 | acc=0.895 prec=0.673 recall=0.359 F1=0.468 loss=0.3589 | eps=23.600 | duree=0.114s
[server] round 173/230 | actifs= 5 | acc=0.895 prec=0.673 recall=0.359 F1=0.468 loss=0.3585 | eps=23.668 | duree=0.122s
[server] round 174/230 | actifs= 5 | acc=0.892 prec=0.655 recall=0.350 F1=0.456 loss=0.3593 | eps=23.736 | duree=0.135s
[server] round 175/230 | actifs= 5 | acc=0.894 prec=0.667 recall=0.350 F1=0.459 loss=0.3595 | eps=23.804 | duree=0.111s
[server] round 176/230 | actifs= 5 | acc=0.896 prec=0.679 recall=0.369 F1=0.478 loss=0.3597 | eps=23.872 | duree=0.143s
[server] round 177/230 | actifs= 5 | acc=0.892 prec=0.660 recall=0.340 F1=0.449 loss=0.3594 | eps=23.940 | duree=0.129s
[server] round 178/230 | actifs= 5 | acc=0.892 prec=0.655 recall=0.350 F1=0.456 loss=0.3594 | eps=24.008 | duree=0.147s
[server] round 179/230 | actifs= 5 | acc=0.896 prec=0.679 recall=0.369 F1=0.478 loss=0.3586 | eps=24.075 | duree=0.143s
[server] round 180/230 | actifs= 5 | acc=0.895 prec=0.673 recall=0.359 F1=0.468 loss=0.3590 | eps=24.142 | duree=0.139s
[server] round 181/230 | actifs= 5 | acc=0.892 prec=0.649 recall=0.359 F1=0.463 loss=0.3590 | eps=24.209 | duree=0.142s
[server] round 182/230 | actifs= 5 | acc=0.891 prec=0.648 recall=0.340 F1=0.446 loss=0.3589 | eps=24.276 | duree=0.136s
[server] round 183/230 | actifs= 5 | acc=0.894 prec=0.661 recall=0.359 F1=0.465 loss=0.3612 | eps=24.342 | duree=0.122s
[server] round 184/230 | actifs= 5 | acc=0.894 prec=0.667 recall=0.350 F1=0.459 loss=0.3608 | eps=24.409 | duree=0.147s
[server] round 185/230 | actifs= 5 | acc=0.892 prec=0.660 recall=0.340 F1=0.449 loss=0.3620 | eps=24.475 | duree=0.135s
[server] round 186/230 | actifs= 5 | acc=0.894 prec=0.667 recall=0.350 F1=0.459 loss=0.3638 | eps=24.541 | duree=0.135s
[server] round 187/230 | actifs= 5 | acc=0.894 prec=0.655 recall=0.369 F1=0.472 loss=0.3615 | eps=24.607 | duree=0.132s
[server] round 188/230 | actifs= 5 | acc=0.892 prec=0.649 recall=0.359 F1=0.463 loss=0.3638 | eps=24.673 | duree=0.126s
[server] round 189/230 | actifs= 5 | acc=0.890 prec=0.642 recall=0.330 F1=0.436 loss=0.3637 | eps=24.738 | duree=0.124s
[server] round 190/230 | actifs= 5 | acc=0.895 prec=0.673 recall=0.359 F1=0.468 loss=0.3632 | eps=24.804 | duree=0.108s
[server] round 191/230 | actifs= 5 | acc=0.892 prec=0.644 recall=0.369 F1=0.469 loss=0.3644 | eps=24.869 | duree=0.252s
[server] round 192/230 | actifs= 5 | acc=0.892 prec=0.649 recall=0.359 F1=0.463 loss=0.3650 | eps=24.934 | duree=0.14s
[server] round 193/230 | actifs= 5 | acc=0.894 prec=0.655 recall=0.369 F1=0.472 loss=0.3632 | eps=24.999 | duree=0.111s
[server] round 194/230 | actifs= 5 | acc=0.891 prec=0.638 recall=0.359 F1=0.460 loss=0.3653 | eps=25.063 | duree=0.12s
[server] round 195/230 | actifs= 5 | acc=0.890 prec=0.632 recall=0.350 F1=0.450 loss=0.3661 | eps=25.128 | duree=0.118s
[server] round 196/230 | actifs= 5 | acc=0.891 prec=0.638 recall=0.359 F1=0.460 loss=0.3670 | eps=25.192 | duree=0.108s
[server] round 197/230 | actifs= 5 | acc=0.891 prec=0.638 recall=0.359 F1=0.460 loss=0.3650 | eps=25.256 | duree=0.124s
[server] round 198/230 | actifs= 5 | acc=0.890 prec=0.632 recall=0.350 F1=0.450 loss=0.3679 | eps=25.320 | duree=0.147s
[server] round 199/230 | actifs= 5 | acc=0.889 prec=0.625 recall=0.340 F1=0.440 loss=0.3657 | eps=25.384 | duree=0.121s
[server] round 200/230 | actifs= 5 | acc=0.894 prec=0.655 recall=0.369 F1=0.472 loss=0.3651 | eps=25.448 | duree=0.129s
[server] round 201/230 | actifs= 5 | acc=0.892 prec=0.644 recall=0.369 F1=0.469 loss=0.3634 | eps=25.512 | duree=0.152s
[server] round 202/230 | actifs= 5 | acc=0.891 prec=0.643 recall=0.350 F1=0.453 loss=0.3654 | eps=25.575 | duree=0.128s
[server] round 203/230 | actifs= 5 | acc=0.889 prec=0.630 recall=0.330 F1=0.433 loss=0.3660 | eps=25.638 | duree=0.128s
[server] round 204/230 | actifs= 5 | acc=0.889 prec=0.625 recall=0.340 F1=0.440 loss=0.3669 | eps=25.701 | duree=0.111s
[server] round 205/230 | actifs= 5 | acc=0.887 prec=0.618 recall=0.330 F1=0.430 loss=0.3671 | eps=25.764 | duree=0.135s
[server] round 206/230 | actifs= 5 | acc=0.889 prec=0.621 recall=0.350 F1=0.447 loss=0.3624 | eps=25.827 | duree=0.122s
[server] round 207/230 | actifs= 5 | acc=0.889 prec=0.621 recall=0.350 F1=0.447 loss=0.3643 | eps=25.890 | duree=0.109s
[server] round 208/230 | actifs= 5 | acc=0.892 prec=0.644 recall=0.369 F1=0.469 loss=0.3650 | eps=25.952 | duree=0.142s
[server] round 209/230 | actifs= 5 | acc=0.894 prec=0.650 recall=0.379 F1=0.479 loss=0.3660 | eps=26.014 | duree=0.155s
[server] round 210/230 | actifs= 5 | acc=0.895 prec=0.651 recall=0.398 F1=0.494 loss=0.3650 | eps=26.076 | duree=0.129s
[server] round 211/230 | actifs= 5 | acc=0.892 prec=0.639 recall=0.379 F1=0.476 loss=0.3669 | eps=26.138 | duree=0.135s
[server] round 212/230 | actifs= 5 | acc=0.896 prec=0.661 recall=0.398 F1=0.497 loss=0.3675 | eps=26.200 | duree=0.133s
[server] round 213/230 | actifs= 5 | acc=0.896 prec=0.667 recall=0.388 F1=0.491 loss=0.3673 | eps=26.262 | duree=0.132s
[server] round 214/230 | actifs= 5 | acc=0.895 prec=0.661 recall=0.379 F1=0.481 loss=0.3675 | eps=26.324 | duree=0.126s
[server] round 215/230 | actifs= 5 | acc=0.895 prec=0.661 recall=0.379 F1=0.481 loss=0.3655 | eps=26.385 | duree=0.114s
[server] round 216/230 | actifs= 5 | acc=0.895 prec=0.661 recall=0.379 F1=0.481 loss=0.3658 | eps=26.446 | duree=0.109s
[server] round 217/230 | actifs= 5 | acc=0.894 prec=0.655 recall=0.369 F1=0.472 loss=0.3666 | eps=26.508 | duree=0.127s
[server] round 218/230 | actifs= 5 | acc=0.896 prec=0.667 recall=0.388 F1=0.491 loss=0.3674 | eps=26.569 | duree=0.151s
[server] round 219/230 | actifs= 5 | acc=0.894 prec=0.650 recall=0.379 F1=0.479 loss=0.3678 | eps=26.629 | duree=0.151s
[server] round 220/230 | actifs= 5 | acc=0.896 prec=0.667 recall=0.388 F1=0.491 loss=0.3668 | eps=26.690 | duree=0.163s
[server] round 221/230 | actifs= 5 | acc=0.894 prec=0.655 recall=0.369 F1=0.472 loss=0.3712 | eps=26.751 | duree=0.145s
[server] round 222/230 | actifs= 5 | acc=0.892 prec=0.649 recall=0.359 F1=0.463 loss=0.3713 | eps=26.811 | duree=0.166s
[server] round 223/230 | actifs= 5 | acc=0.892 prec=0.644 recall=0.369 F1=0.469 loss=0.3721 | eps=26.871 | duree=0.139s
[server] round 224/230 | actifs= 5 | acc=0.891 prec=0.638 recall=0.359 F1=0.460 loss=0.3732 | eps=26.932 | duree=0.11s
[server] round 225/230 | actifs= 5 | acc=0.892 prec=0.649 recall=0.359 F1=0.463 loss=0.3730 | eps=26.992 | duree=0.137s
[server] round 226/230 | actifs= 5 | acc=0.892 prec=0.644 recall=0.369 F1=0.469 loss=0.3717 | eps=27.052 | duree=0.128s
[server] round 227/230 | actifs= 5 | acc=0.892 prec=0.644 recall=0.369 F1=0.469 loss=0.3715 | eps=27.111 | duree=0.126s
[server] round 228/230 | actifs= 5 | acc=0.895 prec=0.673 recall=0.359 F1=0.468 loss=0.3712 | eps=27.171 | duree=0.125s
[server] round 229/230 | actifs= 5 | acc=0.896 prec=0.679 recall=0.369 F1=0.478 loss=0.3713 | eps=27.231 | duree=0.102s
[server] round 230/230 | actifs= 5 | acc=0.891 prec=0.633 recall=0.369 F1=0.466 loss=0.3700 | eps=27.290 | duree=0.129s
[server] modele global final sauvegarde dans results_A\global_model_final.npz
[server] historique des metriques sauvegarde dans results_A\metrics_history.csv
[server] entrainement federe termine.
